<?xml version="1.0"?>
<link_info>
   <banner>TI ARM Linker PC v5.2.2</banner>
   <copyright>Copyright (c) 1996-2015 Texas Instruments Incorporated</copyright>
   <link_time>0x5609bacf</link_time>
   <link_errors>0x0</link_errors>
   <output_file>EECS_388_FreeRTOS.out</output_file>
   <entry_point>
      <name>_c_int00</name>
      <address>0x3b7d</address>
   </entry_point>
   <input_file_list>
      <input_file id="fl-2">
         <path>.\</path>
         <kind>object</kind>
         <file>main.obj</file>
         <name>main.obj</name>
      </input_file>
      <input_file id="fl-3">
         <path>.\targetConfigs\</path>
         <kind>object</kind>
         <file>lm3s1968_startup_ccs.obj</file>
         <name>lm3s1968_startup_ccs.obj</name>
      </input_file>
      <input_file id="fl-4">
         <path>.\src\</path>
         <kind>object</kind>
         <file>buttons.obj</file>
         <name>buttons.obj</name>
      </input_file>
      <input_file id="fl-5">
         <path>.\src\</path>
         <kind>object</kind>
         <file>led.obj</file>
         <name>led.obj</name>
      </input_file>
      <input_file id="fl-6">
         <path>.\src\</path>
         <kind>object</kind>
         <file>oled.obj</file>
         <name>oled.obj</name>
      </input_file>
      <input_file id="fl-7">
         <path>.\src\</path>
         <kind>object</kind>
         <file>speaker.obj</file>
         <name>speaker.obj</name>
      </input_file>
      <input_file id="fl-8">
         <path>.\src\</path>
         <kind>object</kind>
         <file>system.obj</file>
         <name>system.obj</name>
      </input_file>
      <input_file id="fl-9">
         <path>.\src\LM3S1968_Drivers\</path>
         <kind>object</kind>
         <file>rit128x96x4.obj</file>
         <name>rit128x96x4.obj</name>
      </input_file>
      <input_file id="fl-a">
         <path>.\src\LM3S1968_Drivers\</path>
         <kind>object</kind>
         <file>uartstdio.obj</file>
         <name>uartstdio.obj</name>
      </input_file>
      <input_file id="fl-b">
         <path>.\src\FreeRTOS\</path>
         <kind>object</kind>
         <file>croutine.obj</file>
         <name>croutine.obj</name>
      </input_file>
      <input_file id="fl-c">
         <path>.\src\FreeRTOS\</path>
         <kind>object</kind>
         <file>event_groups.obj</file>
         <name>event_groups.obj</name>
      </input_file>
      <input_file id="fl-d">
         <path>.\src\FreeRTOS\</path>
         <kind>object</kind>
         <file>list.obj</file>
         <name>list.obj</name>
      </input_file>
      <input_file id="fl-e">
         <path>.\src\FreeRTOS\</path>
         <kind>object</kind>
         <file>queue.obj</file>
         <name>queue.obj</name>
      </input_file>
      <input_file id="fl-f">
         <path>.\src\FreeRTOS\</path>
         <kind>object</kind>
         <file>tasks.obj</file>
         <name>tasks.obj</name>
      </input_file>
      <input_file id="fl-10">
         <path>.\src\FreeRTOS\</path>
         <kind>object</kind>
         <file>timers.obj</file>
         <name>timers.obj</name>
      </input_file>
      <input_file id="fl-11">
         <path>.\src\FreeRTOS\portable\CCS6\ARM_CM4F\</path>
         <kind>object</kind>
         <file>port.obj</file>
         <name>port.obj</name>
      </input_file>
      <input_file id="fl-12">
         <path>.\src\FreeRTOS\portable\CCS6\ARM_CM4F\</path>
         <kind>object</kind>
         <file>portasm.obj</file>
         <name>portasm.obj</name>
      </input_file>
      <input_file id="fl-13">
         <path>.\src\FreeRTOS\portable\CCS6\ARM_CM3\</path>
         <kind>object</kind>
         <file>port.obj</file>
         <name>port.obj</name>
      </input_file>
      <input_file id="fl-14">
         <path>.\src\FreeRTOS\portable\CCS6\ARM_CM3\</path>
         <kind>object</kind>
         <file>portasm.obj</file>
         <name>portasm.obj</name>
      </input_file>
      <input_file id="fl-15">
         <path>.\src\FreeRTOS\portable\CCS5\ARM_CM3\</path>
         <kind>object</kind>
         <file>port.obj</file>
         <name>port.obj</name>
      </input_file>
      <input_file id="fl-16">
         <path>.\src\FreeRTOS\portable\CCS5\ARM_CM3\</path>
         <kind>object</kind>
         <file>portasm.obj</file>
         <name>portasm.obj</name>
      </input_file>
      <input_file id="fl-17">
         <path>.\src\FreeRTOS\include\</path>
         <kind>object</kind>
         <file>heap_2.obj</file>
         <name>heap_2.obj</name>
      </input_file>
      <input_file id="fl-13e">
         <path>C:\TI_CodeComposer\ccsv6\tools\compiler\ti-cgt-arm_5.2.2\lib\</path>
         <kind>archive</kind>
         <file>rtsv7M3_T_le_eabi.lib</file>
         <name>boot.obj</name>
      </input_file>
      <input_file id="fl-13f">
         <path>C:\TI_CodeComposer\ccsv6\tools\compiler\ti-cgt-arm_5.2.2\lib\</path>
         <kind>archive</kind>
         <file>rtsv7M3_T_le_eabi.lib</file>
         <name>copy_decompress_none.obj</name>
      </input_file>
      <input_file id="fl-140">
         <path>C:\TI_CodeComposer\ccsv6\tools\compiler\ti-cgt-arm_5.2.2\lib\</path>
         <kind>archive</kind>
         <file>rtsv7M3_T_le_eabi.lib</file>
         <name>copy_decompress_rle.obj</name>
      </input_file>
      <input_file id="fl-141">
         <path>C:\TI_CodeComposer\ccsv6\tools\compiler\ti-cgt-arm_5.2.2\lib\</path>
         <kind>archive</kind>
         <file>rtsv7M3_T_le_eabi.lib</file>
         <name>copy_zero_init.obj</name>
      </input_file>
      <input_file id="fl-142">
         <path>C:\TI_CodeComposer\ccsv6\tools\compiler\ti-cgt-arm_5.2.2\lib\</path>
         <kind>archive</kind>
         <file>rtsv7M3_T_le_eabi.lib</file>
         <name>exit.obj</name>
      </input_file>
      <input_file id="fl-143">
         <path>C:\TI_CodeComposer\ccsv6\tools\compiler\ti-cgt-arm_5.2.2\lib\</path>
         <kind>archive</kind>
         <file>rtsv7M3_T_le_eabi.lib</file>
         <name>memcpy_t2.obj</name>
      </input_file>
      <input_file id="fl-144">
         <path>C:\TI_CodeComposer\ccsv6\tools\compiler\ti-cgt-arm_5.2.2\lib\</path>
         <kind>archive</kind>
         <file>rtsv7M3_T_le_eabi.lib</file>
         <name>memset_t2.obj</name>
      </input_file>
      <input_file id="fl-145">
         <path>C:\TI_CodeComposer\ccsv6\tools\compiler\ti-cgt-arm_5.2.2\lib\</path>
         <kind>archive</kind>
         <file>rtsv7M3_T_le_eabi.lib</file>
         <name>pre_init.obj</name>
      </input_file>
      <input_file id="fl-146">
         <path>C:\TI_CodeComposer\ccsv6\tools\compiler\ti-cgt-arm_5.2.2\lib\</path>
         <kind>archive</kind>
         <file>rtsv7M3_T_le_eabi.lib</file>
         <name>sprintf.obj</name>
      </input_file>
      <input_file id="fl-147">
         <path>C:\TI_CodeComposer\ccsv6\tools\compiler\ti-cgt-arm_5.2.2\lib\</path>
         <kind>archive</kind>
         <file>rtsv7M3_T_le_eabi.lib</file>
         <name>stkdepth_vars.obj</name>
      </input_file>
      <input_file id="fl-148">
         <path>C:\TI_CodeComposer\ccsv6\tools\compiler\ti-cgt-arm_5.2.2\lib\</path>
         <kind>archive</kind>
         <file>rtsv7M3_T_le_eabi.lib</file>
         <name>u_divt2.obj</name>
      </input_file>
      <input_file id="fl-149">
         <path>C:\TI_CodeComposer\ccsv6\tools\compiler\ti-cgt-arm_5.2.2\lib\</path>
         <kind>archive</kind>
         <file>rtsv7M3_T_le_eabi.lib</file>
         <name>_lock.obj</name>
      </input_file>
      <input_file id="fl-14a">
         <path>C:\TI_CodeComposer\ccsv6\tools\compiler\ti-cgt-arm_5.2.2\lib\</path>
         <kind>archive</kind>
         <file>rtsv7M3_T_le_eabi.lib</file>
         <name>_printfi.obj</name>
      </input_file>
      <input_file id="fl-14b">
         <path>C:\TI_CodeComposer\ccsv6\tools\compiler\ti-cgt-arm_5.2.2\lib\</path>
         <kind>archive</kind>
         <file>rtsv7M3_T_le_eabi.lib</file>
         <name>args_main.obj</name>
      </input_file>
      <input_file id="fl-14c">
         <path>C:\TI_CodeComposer\ccsv6\tools\compiler\ti-cgt-arm_5.2.2\lib\</path>
         <kind>archive</kind>
         <file>rtsv7M3_T_le_eabi.lib</file>
         <name>atoi.obj</name>
      </input_file>
      <input_file id="fl-14d">
         <path>C:\TI_CodeComposer\ccsv6\tools\compiler\ti-cgt-arm_5.2.2\lib\</path>
         <kind>archive</kind>
         <file>rtsv7M3_T_le_eabi.lib</file>
         <name>autoinit.obj</name>
      </input_file>
      <input_file id="fl-14e">
         <path>C:\TI_CodeComposer\ccsv6\tools\compiler\ti-cgt-arm_5.2.2\lib\</path>
         <kind>archive</kind>
         <file>rtsv7M3_T_le_eabi.lib</file>
         <name>cpy_tbl.obj</name>
      </input_file>
      <input_file id="fl-14f">
         <path>C:\TI_CodeComposer\ccsv6\tools\compiler\ti-cgt-arm_5.2.2\lib\</path>
         <kind>archive</kind>
         <file>rtsv7M3_T_le_eabi.lib</file>
         <name>ctype.obj</name>
      </input_file>
      <input_file id="fl-150">
         <path>C:\TI_CodeComposer\ccsv6\tools\compiler\ti-cgt-arm_5.2.2\lib\</path>
         <kind>archive</kind>
         <file>rtsv7M3_T_le_eabi.lib</file>
         <name>fd_add_t2.obj</name>
      </input_file>
      <input_file id="fl-151">
         <path>C:\TI_CodeComposer\ccsv6\tools\compiler\ti-cgt-arm_5.2.2\lib\</path>
         <kind>archive</kind>
         <file>rtsv7M3_T_le_eabi.lib</file>
         <name>fd_cmp_t2.obj</name>
      </input_file>
      <input_file id="fl-152">
         <path>C:\TI_CodeComposer\ccsv6\tools\compiler\ti-cgt-arm_5.2.2\lib\</path>
         <kind>archive</kind>
         <file>rtsv7M3_T_le_eabi.lib</file>
         <name>fd_div_t2.obj</name>
      </input_file>
      <input_file id="fl-153">
         <path>C:\TI_CodeComposer\ccsv6\tools\compiler\ti-cgt-arm_5.2.2\lib\</path>
         <kind>archive</kind>
         <file>rtsv7M3_T_le_eabi.lib</file>
         <name>fd_mul_t2.obj</name>
      </input_file>
      <input_file id="fl-154">
         <path>C:\TI_CodeComposer\ccsv6\tools\compiler\ti-cgt-arm_5.2.2\lib\</path>
         <kind>archive</kind>
         <file>rtsv7M3_T_le_eabi.lib</file>
         <name>fd_toi_t2.obj</name>
      </input_file>
      <input_file id="fl-155">
         <path>C:\TI_CodeComposer\ccsv6\tools\compiler\ti-cgt-arm_5.2.2\lib\</path>
         <kind>archive</kind>
         <file>rtsv7M3_T_le_eabi.lib</file>
         <name>frexp.obj</name>
      </input_file>
      <input_file id="fl-156">
         <path>C:\TI_CodeComposer\ccsv6\tools\compiler\ti-cgt-arm_5.2.2\lib\</path>
         <kind>archive</kind>
         <file>rtsv7M3_T_le_eabi.lib</file>
         <name>i_tofd_t2.obj</name>
      </input_file>
      <input_file id="fl-157">
         <path>C:\TI_CodeComposer\ccsv6\tools\compiler\ti-cgt-arm_5.2.2\lib\</path>
         <kind>archive</kind>
         <file>rtsv7M3_T_le_eabi.lib</file>
         <name>ldexp.obj</name>
      </input_file>
      <input_file id="fl-158">
         <path>C:\TI_CodeComposer\ccsv6\tools\compiler\ti-cgt-arm_5.2.2\lib\</path>
         <kind>archive</kind>
         <file>rtsv7M3_T_le_eabi.lib</file>
         <name>ltoa.obj</name>
      </input_file>
      <input_file id="fl-159">
         <path>C:\TI_CodeComposer\ccsv6\tools\compiler\ti-cgt-arm_5.2.2\lib\</path>
         <kind>archive</kind>
         <file>rtsv7M3_T_le_eabi.lib</file>
         <name>memccpy.obj</name>
      </input_file>
      <input_file id="fl-15a">
         <path>C:\TI_CodeComposer\ccsv6\tools\compiler\ti-cgt-arm_5.2.2\lib\</path>
         <kind>archive</kind>
         <file>rtsv7M3_T_le_eabi.lib</file>
         <name>strchr.obj</name>
      </input_file>
      <input_file id="fl-15b">
         <path>C:\TI_CodeComposer\ccsv6\tools\compiler\ti-cgt-arm_5.2.2\lib\</path>
         <kind>archive</kind>
         <file>rtsv7M3_T_le_eabi.lib</file>
         <name>strlen.obj</name>
      </input_file>
      <input_file id="fl-15c">
         <path>C:\TI_CodeComposer\ccsv6\tools\compiler\ti-cgt-arm_5.2.2\lib\</path>
         <kind>archive</kind>
         <file>rtsv7M3_T_le_eabi.lib</file>
         <name>ull_div_t2.obj</name>
      </input_file>
      <input_file id="fl-15d">
         <path>C:\TI_CodeComposer\ccsv6\tools\compiler\ti-cgt-arm_5.2.2\lib\</path>
         <kind>archive</kind>
         <file>rtsv7M3_T_le_eabi.lib</file>
         <name>xdclass.obj</name>
      </input_file>
      <input_file id="fl-15e">
         <path>C:\TI_CodeComposer\ccsv6\tools\compiler\ti-cgt-arm_5.2.2\lib\</path>
         <kind>archive</kind>
         <file>rtsv7M3_T_le_eabi.lib</file>
         <name>xdscale.obj</name>
      </input_file>
      <input_file id="fl-15f">
         <path>C:\TI_CodeComposer\ccsv6\tools\compiler\ti-cgt-arm_5.2.2\lib\</path>
         <kind>archive</kind>
         <file>rtsv7M3_T_le_eabi.lib</file>
         <name>xdunscal.obj</name>
      </input_file>
      <input_file id="fl-160">
         <path>C:\TI_CodeComposer\ccsv6\tools\compiler\ti-cgt-arm_5.2.2\lib\</path>
         <kind>archive</kind>
         <file>rtsv7M3_T_le_eabi.lib</file>
         <name>xferaise.obj</name>
      </input_file>
      <input_file id="fl-161">
         <path>C:\TI_CodeComposer\ccsv6\tools\compiler\ti-cgt-arm_5.2.2\lib\</path>
         <kind>archive</kind>
         <file>rtsv7M3_T_le_eabi.lib</file>
         <name>xvalues.obj</name>
      </input_file>
      <input_file id="fl-162">
         <path>C:\TI_CodeComposer\ccsv6\tools\compiler\ti-cgt-arm_5.2.2\lib\</path>
         <kind>archive</kind>
         <file>rtsv7M3_T_le_eabi.lib</file>
         <name>errno.obj</name>
      </input_file>
      <input_file id="fl-163">
         <path>C:\TI_CodeComposer\ccsv6\tools\compiler\ti-cgt-arm_5.2.2\lib\</path>
         <kind>archive</kind>
         <file>rtsv7M3_T_le_eabi.lib</file>
         <name>feraiseexcept.obj</name>
      </input_file>
      <input_file id="fl-164">
         <path>C:\TI_CodeComposer\ccsv6\tools\compiler\ti-cgt-arm_5.2.2\lib\</path>
         <kind>archive</kind>
         <file>rtsv7M3_T_le_eabi.lib</file>
         <name>raise.obj</name>
      </input_file>
      <input_file id="fl-165">
         <path>C:\TI_CodeComposer\ccsv6\tools\compiler\ti-cgt-arm_5.2.2\lib\</path>
         <kind>archive</kind>
         <file>rtsv7M3_T_le_eabi.lib</file>
         <name>signal.obj</name>
      </input_file>
      <input_file id="fl-166">
         <path>C:\TI_CodeComposer\ccsv6\tools\compiler\ti-cgt-arm_5.2.2\lib\</path>
         <kind>archive</kind>
         <file>rtsv7M3_T_le_eabi.lib</file>
         <name>xdnorm.obj</name>
      </input_file>
      <input_file id="fl-167">
         <path>C:\TI_CodeComposer\StellarisWare-LM3S1968\driverlib\ccs-cm3\Debug\</path>
         <kind>archive</kind>
         <file>driverlib-cm3.lib</file>
         <name>uart.obj</name>
      </input_file>
      <input_file id="fl-168">
         <path>C:\TI_CodeComposer\StellarisWare-LM3S1968\driverlib\ccs-cm3\Debug\</path>
         <kind>archive</kind>
         <file>driverlib-cm3.lib</file>
         <name>systick.obj</name>
      </input_file>
      <input_file id="fl-169">
         <path>C:\TI_CodeComposer\StellarisWare-LM3S1968\driverlib\ccs-cm3\Debug\</path>
         <kind>archive</kind>
         <file>driverlib-cm3.lib</file>
         <name>sysctl.obj</name>
      </input_file>
      <input_file id="fl-16a">
         <path>C:\TI_CodeComposer\StellarisWare-LM3S1968\driverlib\ccs-cm3\Debug\</path>
         <kind>archive</kind>
         <file>driverlib-cm3.lib</file>
         <name>ssi.obj</name>
      </input_file>
      <input_file id="fl-16b">
         <path>C:\TI_CodeComposer\StellarisWare-LM3S1968\driverlib\ccs-cm3\Debug\</path>
         <kind>archive</kind>
         <file>driverlib-cm3.lib</file>
         <name>interrupt.obj</name>
      </input_file>
      <input_file id="fl-16c">
         <path>C:\TI_CodeComposer\StellarisWare-LM3S1968\driverlib\ccs-cm3\Debug\</path>
         <kind>archive</kind>
         <file>driverlib-cm3.lib</file>
         <name>gpio.obj</name>
      </input_file>
      <input_file id="fl-16d">
         <path>C:\TI_CodeComposer\StellarisWare-LM3S1968\driverlib\ccs-cm3\Debug\</path>
         <kind>archive</kind>
         <file>driverlib-cm3.lib</file>
         <name>cpu.obj</name>
      </input_file>
   </input_file_list>
   <object_component_list>
      <object_component id="oc-f">
         <name>.intvecs</name>
         <load_address>0x0</load_address>
         <run_address>0x0</run_address>
         <size>0xf0</size>
         <input_file_ref idref="fl-3"/>
      </object_component>
      <object_component id="oc-202">
         <name>.text</name>
         <load_address>0xf0</load_address>
         <run_address>0xf0</run_address>
         <size>0x109a</size>
         <input_file_ref idref="fl-14a"/>
      </object_component>
      <object_component id="oc-be">
         <name>.text</name>
         <load_address>0x118c</load_address>
         <run_address>0x118c</run_address>
         <size>0x900</size>
         <input_file_ref idref="fl-f"/>
      </object_component>
      <object_component id="oc-147">
         <name>.text</name>
         <load_address>0x1a8c</load_address>
         <run_address>0x1a8c</run_address>
         <size>0x510</size>
         <input_file_ref idref="fl-9"/>
      </object_component>
      <object_component id="oc-d6">
         <name>.text</name>
         <load_address>0x1f9c</load_address>
         <run_address>0x1f9c</run_address>
         <size>0x228</size>
         <input_file_ref idref="fl-4"/>
      </object_component>
      <object_component id="oc-25f">
         <name>.text</name>
         <load_address>0x21c4</load_address>
         <run_address>0x21c4</run_address>
         <size>0x1f4</size>
         <input_file_ref idref="fl-15c"/>
      </object_component>
      <object_component id="oc-28e">
         <name>.text</name>
         <load_address>0x23b8</load_address>
         <run_address>0x23b8</run_address>
         <size>0x1b6</size>
         <input_file_ref idref="fl-150"/>
      </object_component>
      <object_component id="oc-11b">
         <name>.text</name>
         <load_address>0x2570</load_address>
         <run_address>0x2570</run_address>
         <size>0x1b4</size>
         <input_file_ref idref="fl-17"/>
      </object_component>
      <object_component id="oc-1db">
         <name>.text:SysCtlClockGet</name>
         <load_address>0x2724</load_address>
         <run_address>0x2724</run_address>
         <size>0x198</size>
         <input_file_ref idref="fl-169"/>
      </object_component>
      <object_component id="oc-ca">
         <name>.text</name>
         <load_address>0x28bc</load_address>
         <run_address>0x28bc</run_address>
         <size>0x190</size>
         <input_file_ref idref="fl-6"/>
      </object_component>
      <object_component id="oc-12e">
         <name>.text:SysCtlClockSet</name>
         <load_address>0x2a4c</load_address>
         <run_address>0x2a4c</run_address>
         <size>0x144</size>
         <input_file_ref idref="fl-169"/>
      </object_component>
      <object_component id="oc-274">
         <name>.text</name>
         <load_address>0x2b90</load_address>
         <run_address>0x2b90</run_address>
         <size>0x136</size>
         <input_file_ref idref="fl-152"/>
      </object_component>
      <object_component id="oc-105">
         <name>.text</name>
         <load_address>0x2cc6</load_address>
         <run_address>0x2cc6</run_address>
         <size>0x12a</size>
         <input_file_ref idref="fl-d"/>
      </object_component>
      <object_component id="oc-2ee">
         <name>.text</name>
         <load_address>0x2df0</load_address>
         <run_address>0x2df0</run_address>
         <size>0x110</size>
         <input_file_ref idref="fl-15e"/>
      </object_component>
      <object_component id="oc-26f">
         <name>.text</name>
         <load_address>0x2f00</load_address>
         <run_address>0x2f00</run_address>
         <size>0xfc</size>
         <input_file_ref idref="fl-153"/>
      </object_component>
      <object_component id="oc-ff">
         <name>.text</name>
         <load_address>0x2ffc</load_address>
         <run_address>0x2ffc</run_address>
         <size>0xf0</size>
         <input_file_ref idref="fl-13"/>
      </object_component>
      <object_component id="oc-16e">
         <name>.text:GPIOPadConfigSet</name>
         <load_address>0x30ec</load_address>
         <run_address>0x30ec</run_address>
         <size>0xc8</size>
         <input_file_ref idref="fl-16c"/>
      </object_component>
      <object_component id="oc-9d">
         <name>.text</name>
         <load_address>0x31b4</load_address>
         <run_address>0x31b4</run_address>
         <size>0xc8</size>
         <input_file_ref idref="fl-2"/>
      </object_component>
      <object_component id="oc-312">
         <name>.text</name>
         <load_address>0x327c</load_address>
         <run_address>0x327c</run_address>
         <size>0xbe</size>
         <input_file_ref idref="fl-166"/>
      </object_component>
      <object_component id="oc-36">
         <name>.text</name>
         <load_address>0x333a</load_address>
         <run_address>0x333a</run_address>
         <size>0x9c</size>
         <input_file_ref idref="fl-143"/>
      </object_component>
      <object_component id="oc-155">
         <name>.text:SysCtlPeripheralReset</name>
         <load_address>0x33d8</load_address>
         <run_address>0x33d8</run_address>
         <size>0x88</size>
         <input_file_ref idref="fl-169"/>
      </object_component>
      <object_component id="oc-26a">
         <name>.text:__aeabi_cdcmple</name>
         <load_address>0x3460</load_address>
         <run_address>0x3460</run_address>
         <size>0x86</size>
         <input_file_ref idref="fl-151"/>
      </object_component>
      <object_component id="oc-279">
         <name>.text:__aeabi_cdrcmple</name>
         <load_address>0x34e6</load_address>
         <run_address>0x34e6</run_address>
         <size>0x86</size>
         <input_file_ref idref="fl-151"/>
      </object_component>
      <object_component id="oc-10b">
         <name>.text</name>
         <load_address>0x356c</load_address>
         <run_address>0x356c</run_address>
         <size>0x80</size>
         <input_file_ref idref="fl-14"/>
      </object_component>
      <object_component id="oc-4f">
         <name>.text</name>
         <load_address>0x35ec</load_address>
         <run_address>0x35ec</run_address>
         <size>0x7a</size>
         <input_file_ref idref="fl-144"/>
      </object_component>
      <object_component id="oc-61">
         <name>.text</name>
         <load_address>0x3668</load_address>
         <run_address>0x3668</run_address>
         <size>0x6c</size>
         <input_file_ref idref="fl-14d"/>
      </object_component>
      <object_component id="oc-42">
         <name>.text</name>
         <load_address>0x36d4</load_address>
         <run_address>0x36d4</run_address>
         <size>0x6a</size>
         <input_file_ref idref="fl-140"/>
      </object_component>
      <object_component id="oc-2e6">
         <name>.text</name>
         <load_address>0x373e</load_address>
         <run_address>0x373e</run_address>
         <size>0x66</size>
         <input_file_ref idref="fl-15f"/>
      </object_component>
      <object_component id="oc-159">
         <name>.text</name>
         <load_address>0x37a4</load_address>
         <run_address>0x37a4</run_address>
         <size>0x60</size>
         <input_file_ref idref="fl-146"/>
      </object_component>
      <object_component id="oc-142">
         <name>.text:SysCtlPeripheralEnable</name>
         <load_address>0x3804</load_address>
         <run_address>0x3804</run_address>
         <size>0x58</size>
         <input_file_ref idref="fl-169"/>
      </object_component>
      <object_component id="oc-283">
         <name>.text</name>
         <load_address>0x385c</load_address>
         <run_address>0x385c</run_address>
         <size>0x56</size>
         <input_file_ref idref="fl-158"/>
      </object_component>
      <object_component id="oc-dc">
         <name>.text</name>
         <load_address>0x38b4</load_address>
         <run_address>0x38b4</run_address>
         <size>0x54</size>
         <input_file_ref idref="fl-7"/>
      </object_component>
      <object_component id="oc-2b1">
         <name>.text</name>
         <load_address>0x3908</load_address>
         <run_address>0x3908</run_address>
         <size>0x4c</size>
         <input_file_ref idref="fl-14c"/>
      </object_component>
      <object_component id="oc-95">
         <name>.text</name>
         <load_address>0x3954</load_address>
         <run_address>0x3954</run_address>
         <size>0x4c</size>
         <input_file_ref idref="fl-14e"/>
      </object_component>
      <object_component id="oc-27e">
         <name>.text</name>
         <load_address>0x39a0</load_address>
         <run_address>0x39a0</run_address>
         <size>0x48</size>
         <input_file_ref idref="fl-154"/>
      </object_component>
      <object_component id="oc-299">
         <name>.text</name>
         <load_address>0x39e8</load_address>
         <run_address>0x39e8</run_address>
         <size>0x46</size>
         <input_file_ref idref="fl-157"/>
      </object_component>
      <object_component id="oc-1df">
         <name>.text:SSIConfigSetExpClk</name>
         <load_address>0x3a2e</load_address>
         <run_address>0x3a2e</run_address>
         <size>0x44</size>
         <input_file_ref idref="fl-16a"/>
      </object_component>
      <object_component id="oc-6d">
         <name>.text</name>
         <load_address>0x3a74</load_address>
         <run_address>0x3a74</run_address>
         <size>0x44</size>
         <input_file_ref idref="fl-142"/>
      </object_component>
      <object_component id="oc-c4">
         <name>.text</name>
         <load_address>0x3ab8</load_address>
         <run_address>0x3ab8</run_address>
         <size>0x44</size>
         <input_file_ref idref="fl-8"/>
      </object_component>
      <object_component id="oc-d0">
         <name>.text</name>
         <load_address>0x3afc</load_address>
         <run_address>0x3afc</run_address>
         <size>0x40</size>
         <input_file_ref idref="fl-5"/>
      </object_component>
      <object_component id="oc-355">
         <name>.text</name>
         <load_address>0x3b3c</load_address>
         <run_address>0x3b3c</run_address>
         <size>0x40</size>
         <input_file_ref idref="fl-165"/>
      </object_component>
      <object_component id="oc-24">
         <name>.text</name>
         <load_address>0x3b7c</load_address>
         <run_address>0x3b7c</run_address>
         <size>0x3c</size>
         <input_file_ref idref="fl-13e"/>
      </object_component>
      <object_component id="oc-132">
         <name>.text:IntRegister</name>
         <load_address>0x3bb8</load_address>
         <run_address>0x3bb8</run_address>
         <size>0x34</size>
         <input_file_ref idref="fl-16b"/>
      </object_component>
      <object_component id="oc-321">
         <name>.text</name>
         <load_address>0x3bec</load_address>
         <run_address>0x3bec</run_address>
         <size>0x34</size>
         <input_file_ref idref="fl-163"/>
      </object_component>
      <object_component id="oc-2f4">
         <name>.text</name>
         <load_address>0x3c20</load_address>
         <run_address>0x3c20</run_address>
         <size>0x30</size>
         <input_file_ref idref="fl-160"/>
      </object_component>
      <object_component id="oc-1fa">
         <name>.text:GPIODirModeSet</name>
         <load_address>0x3c50</load_address>
         <run_address>0x3c50</run_address>
         <size>0x2e</size>
         <input_file_ref idref="fl-16c"/>
      </object_component>
      <object_component id="oc-289">
         <name>.text</name>
         <load_address>0x3c7e</load_address>
         <run_address>0x3c7e</run_address>
         <size>0x2e</size>
         <input_file_ref idref="fl-156"/>
      </object_component>
      <object_component id="oc-345">
         <name>.text</name>
         <load_address>0x3cac</load_address>
         <run_address>0x3cac</run_address>
         <size>0x2e</size>
         <input_file_ref idref="fl-164"/>
      </object_component>
      <object_component id="oc-2a5">
         <name>.text</name>
         <load_address>0x3cda</load_address>
         <run_address>0x3cda</run_address>
         <size>0x2a</size>
         <input_file_ref idref="fl-15d"/>
      </object_component>
      <object_component id="oc-293">
         <name>.text</name>
         <load_address>0x3d04</load_address>
         <run_address>0x3d04</run_address>
         <size>0x22</size>
         <input_file_ref idref="fl-155"/>
      </object_component>
      <object_component id="oc-136">
         <name>.text:SysTickIntRegister</name>
         <load_address>0x3d28</load_address>
         <run_address>0x3d28</run_address>
         <size>0x1c</size>
         <input_file_ref idref="fl-168"/>
      </object_component>
      <object_component id="oc-2ab">
         <name>.text</name>
         <load_address>0x3d44</load_address>
         <run_address>0x3d44</run_address>
         <size>0x1a</size>
         <input_file_ref idref="fl-159"/>
      </object_component>
      <object_component id="oc-67">
         <name>.text</name>
         <load_address>0x3d60</load_address>
         <run_address>0x3d60</run_address>
         <size>0x18</size>
         <input_file_ref idref="fl-14b"/>
      </object_component>
      <object_component id="oc-29f">
         <name>.text</name>
         <load_address>0x3d78</load_address>
         <run_address>0x3d78</run_address>
         <size>0x16</size>
         <input_file_ref idref="fl-15a"/>
      </object_component>
      <object_component id="oc-13e">
         <name>.text:SysTickEnable</name>
         <load_address>0x3d90</load_address>
         <run_address>0x3d90</run_address>
         <size>0x14</size>
         <input_file_ref idref="fl-168"/>
      </object_component>
      <object_component id="oc-13a">
         <name>.text:SysTickIntEnable</name>
         <load_address>0x3da4</load_address>
         <run_address>0x3da4</run_address>
         <size>0x14</size>
         <input_file_ref idref="fl-168"/>
      </object_component>
      <object_component id="oc-ea">
         <name>.text</name>
         <load_address>0x3db8</load_address>
         <run_address>0x3db8</run_address>
         <size>0x14</size>
         <input_file_ref idref="fl-149"/>
      </object_component>
      <object_component id="oc-264">
         <name>.text</name>
         <load_address>0x3dcc</load_address>
         <run_address>0x3dcc</run_address>
         <size>0x14</size>
         <input_file_ref idref="fl-15b"/>
      </object_component>
      <object_component id="oc-14d">
         <name>.text:GPIOPinTypeGPIOInput</name>
         <load_address>0x3de0</load_address>
         <run_address>0x3de0</run_address>
         <size>0x12</size>
         <input_file_ref idref="fl-16c"/>
      </object_component>
      <object_component id="oc-164">
         <name>.text:GPIOPinTypeGPIOOutput</name>
         <load_address>0x3df2</load_address>
         <run_address>0x3df2</run_address>
         <size>0x12</size>
         <input_file_ref idref="fl-16c"/>
      </object_component>
      <object_component id="oc-1e3">
         <name>.text:GPIOPinTypeSSI</name>
         <load_address>0x3e04</load_address>
         <run_address>0x3e04</run_address>
         <size>0x12</size>
         <input_file_ref idref="fl-16c"/>
      </object_component>
      <object_component id="oc-1eb">
         <name>.text:SSIDataGetNonBlocking</name>
         <load_address>0x3e16</load_address>
         <run_address>0x3e16</run_address>
         <size>0x12</size>
         <input_file_ref idref="fl-16a"/>
      </object_component>
      <object_component id="oc-12">
         <name>.text:decompress:none</name>
         <load_address>0x3e28</load_address>
         <run_address>0x3e28</run_address>
         <size>0xe</size>
         <input_file_ref idref="fl-13f"/>
      </object_component>
      <object_component id="oc-1e">
         <name>.text:decompress:ZI</name>
         <load_address>0x3e36</load_address>
         <run_address>0x3e36</run_address>
         <size>0xc</size>
         <input_file_ref idref="fl-141"/>
      </object_component>
      <object_component id="oc-2d">
         <name>.text</name>
         <load_address>0x3e42</load_address>
         <run_address>0x3e42</run_address>
         <size>0xc</size>
         <input_file_ref idref="fl-3"/>
      </object_component>
      <object_component id="oc-1d0">
         <name>.text:SSIDataPut</name>
         <load_address>0x3e4e</load_address>
         <run_address>0x3e4e</run_address>
         <size>0xa</size>
         <input_file_ref idref="fl-16a"/>
      </object_component>
      <object_component id="oc-1d7">
         <name>.text:SSIDisable</name>
         <load_address>0x3e58</load_address>
         <run_address>0x3e58</run_address>
         <size>0xa</size>
         <input_file_ref idref="fl-16a"/>
      </object_component>
      <object_component id="oc-1e7">
         <name>.text:SSIEnable</name>
         <load_address>0x3e62</load_address>
         <run_address>0x3e62</run_address>
         <size>0xa</size>
         <input_file_ref idref="fl-16a"/>
      </object_component>
      <object_component id="oc-1cc">
         <name>.text:SSIBusy</name>
         <load_address>0x3e6c</load_address>
         <run_address>0x3e6c</run_address>
         <size>0x8</size>
         <input_file_ref idref="fl-16a"/>
      </object_component>
      <object_component id="oc-151">
         <name>.text:GPIOPinRead</name>
         <load_address>0x3e74</load_address>
         <run_address>0x3e74</run_address>
         <size>0x6</size>
         <input_file_ref idref="fl-16c"/>
      </object_component>
      <object_component id="oc-168">
         <name>.text:GPIOPinWrite</name>
         <load_address>0x3e7a</load_address>
         <run_address>0x3e7a</run_address>
         <size>0x6</size>
         <input_file_ref idref="fl-16c"/>
      </object_component>
      <object_component id="oc-1ba">
         <name>.text:SysCtlDelay</name>
         <load_address>0x3e80</load_address>
         <run_address>0x3e80</run_address>
         <size>0x6</size>
         <input_file_ref idref="fl-169"/>
      </object_component>
      <object_component id="oc-18">
         <name>.text:decompress:rle24</name>
         <load_address>0x3e86</load_address>
         <run_address>0x3e86</run_address>
         <size>0x6</size>
         <input_file_ref idref="fl-140"/>
      </object_component>
      <object_component id="oc-5b">
         <name>.text</name>
         <load_address>0x3e8c</load_address>
         <run_address>0x3e8c</run_address>
         <size>0x4</size>
         <input_file_ref idref="fl-145"/>
      </object_component>
      <object_component id="oc-1f3">
         <name>.const:g_pucFont</name>
         <load_address>0x3e90</load_address>
         <run_address>0x3e90</run_address>
         <size>0x1e0</size>
         <input_file_ref idref="fl-9"/>
      </object_component>
      <object_component id="oc-302">
         <name>.const:.string:_ctypes_</name>
         <load_address>0x4070</load_address>
         <run_address>0x4070</run_address>
         <size>0x101</size>
         <input_file_ref idref="fl-14f"/>
      </object_component>
      <object_component id="oc-1b5">
         <name>.const</name>
         <load_address>0x4172</load_address>
         <run_address>0x4172</run_address>
         <size>0x2</size>
         <input_file_ref idref="fl-17"/>
      </object_component>
      <object_component id="oc-24f">
         <name>.const:g_pulXtals</name>
         <load_address>0x4174</load_address>
         <run_address>0x4174</run_address>
         <size>0x6c</size>
         <input_file_ref idref="fl-169"/>
      </object_component>
      <object_component id="oc-1f6">
         <name>.const:.string:g_pucRIT128x96x4Init</name>
         <load_address>0x41e0</load_address>
         <run_address>0x41e0</run_address>
         <size>0x4f</size>
         <input_file_ref idref="fl-9"/>
      </object_component>
      <object_component id="oc-1c9">
         <name>.const</name>
         <load_address>0x4230</load_address>
         <run_address>0x4230</run_address>
         <size>0x40</size>
         <input_file_ref idref="fl-169"/>
      </object_component>
      <object_component id="oc-1f0">
         <name>.const:.string</name>
         <load_address>0x4270</load_address>
         <run_address>0x4270</run_address>
         <size>0xc</size>
         <input_file_ref idref="fl-9"/>
      </object_component>
      <object_component id="oc-178">
         <name>.const</name>
         <load_address>0x427c</load_address>
         <run_address>0x427c</run_address>
         <size>0x8</size>
         <input_file_ref idref="fl-4"/>
      </object_component>
      <object_component id="oc-39c">
         <name>.cinit..data.load</name>
         <load_address>0x4288</load_address>
         <run_address>0x4288</run_address>
         <size>0x59</size>
      </object_component>
      <object_component id="oc-399">
         <name>__TI_handler_table</name>
         <load_address>0x42e4</load_address>
         <run_address>0x42e4</run_address>
         <size>0xc</size>
      </object_component>
      <object_component id="oc-39d">
         <name>.cinit..bss.load</name>
         <load_address>0x42f0</load_address>
         <run_address>0x42f0</run_address>
         <size>0x8</size>
      </object_component>
      <object_component id="oc-39b">
         <name>.cinit..vtable.load</name>
         <load_address>0x42f8</load_address>
         <run_address>0x42f8</run_address>
         <size>0x8</size>
      </object_component>
      <object_component id="oc-39a">
         <name>__TI_cinit_table</name>
         <load_address>0x4300</load_address>
         <run_address>0x4300</run_address>
         <size>0x18</size>
      </object_component>
      <object_component id="oc-1c1">
         <name>.vtable</name>
         <uninitialized>true</uninitialized>
         <run_address>0x20000000</run_address>
         <size>0x26c</size>
         <input_file_ref idref="fl-16b"/>
      </object_component>
      <object_component id="oc-29">
         <name>.stack</name>
         <uninitialized>true</uninitialized>
         <run_address>0x20002420</run_address>
         <size>0x0</size>
         <input_file_ref idref="fl-13e"/>
      </object_component>
      <object_component id="oc-39e">
         <name>.stack</name>
         <uninitialized>true</uninitialized>
         <run_address>0x20002420</run_address>
         <size>0x0</size>
      </object_component>
      <object_component id="oc-2a">
         <name>.bss:pulStack</name>
         <uninitialized>true</uninitialized>
         <run_address>0x20002270</run_address>
         <size>0x100</size>
         <input_file_ref idref="fl-3"/>
      </object_component>
      <object_component id="oc-113">
         <name>.bss:pxReadyTasksLists</name>
         <uninitialized>true</uninitialized>
         <run_address>0x20002370</run_address>
         <size>0x50</size>
         <input_file_ref idref="fl-f"/>
      </object_component>
      <object_component id="oc-1b1">
         <name>.bss:xHeap</name>
         <uninitialized>true</uninitialized>
         <run_address>0x20000270</run_address>
         <size>0x2000</size>
         <input_file_ref idref="fl-17"/>
      </object_component>
      <object_component id="oc-1d4">
         <name>.common:g_ulSSIFlags</name>
         <uninitialized>true</uninitialized>
         <run_address>0x20002414</run_address>
         <size>0x4</size>
      </object_component>
      <object_component id="oc-1ef">
         <name>.common:g_pucBuffer</name>
         <uninitialized>true</uninitialized>
         <run_address>0x200023fc</run_address>
         <size>0x8</size>
      </object_component>
      <object_component id="oc-121">
         <name>.common:xDelayedTaskList1</name>
         <uninitialized>true</uninitialized>
         <run_address>0x200023c0</run_address>
         <size>0x14</size>
      </object_component>
      <object_component id="oc-122">
         <name>.common:xDelayedTaskList2</name>
         <uninitialized>true</uninitialized>
         <run_address>0x200023d4</run_address>
         <size>0x14</size>
      </object_component>
      <object_component id="oc-119">
         <name>.common:pxDelayedTaskList</name>
         <uninitialized>true</uninitialized>
         <run_address>0x20002418</run_address>
         <size>0x4</size>
      </object_component>
      <object_component id="oc-11a">
         <name>.common:pxOverflowDelayedTaskList</name>
         <uninitialized>true</uninitialized>
         <run_address>0x2000241c</run_address>
         <size>0x4</size>
      </object_component>
      <object_component id="oc-116">
         <name>.common:xPendingReadyList</name>
         <uninitialized>true</uninitialized>
         <run_address>0x200023e8</run_address>
         <size>0x14</size>
      </object_component>
      <object_component id="oc-1ae">
         <name>.common:xStart</name>
         <uninitialized>true</uninitialized>
         <run_address>0x2000240c</run_address>
         <size>0x8</size>
      </object_component>
      <object_component id="oc-1b4">
         <name>.common:xEnd</name>
         <uninitialized>true</uninitialized>
         <run_address>0x20002404</run_address>
         <size>0x8</size>
      </object_component>
      <object_component id="oc-172">
         <name>.data</name>
         <load_address>0x20003588</load_address>
         <run_address>0x20003588</run_address>
         <size>0xa</size>
         <input_file_ref idref="fl-4"/>
      </object_component>
      <object_component id="oc-175">
         <name>.data</name>
         <load_address>0x2000357c</load_address>
         <run_address>0x2000357c</run_address>
         <size>0xc</size>
         <input_file_ref idref="fl-7"/>
      </object_component>
      <object_component id="oc-110">
         <name>.data</name>
         <load_address>0x20003550</load_address>
         <run_address>0x20003550</run_address>
         <size>0x2c</size>
         <input_file_ref idref="fl-f"/>
      </object_component>
      <object_component id="oc-15f">
         <name>.data</name>
         <load_address>0x20003594</load_address>
         <run_address>0x20003594</run_address>
         <size>0x8</size>
         <input_file_ref idref="fl-13"/>
      </object_component>
      <object_component id="oc-1ab">
         <name>.data</name>
         <load_address>0x2000359c</load_address>
         <run_address>0x2000359c</run_address>
         <size>0x8</size>
         <input_file_ref idref="fl-17"/>
      </object_component>
      <object_component id="oc-a8">
         <name>.data</name>
         <load_address>0x200035ac</load_address>
         <run_address>0x200035ac</run_address>
         <size>0x8</size>
         <input_file_ref idref="fl-142"/>
      </object_component>
      <object_component id="oc-73">
         <name>.data</name>
         <load_address>0x200035c0</load_address>
         <run_address>0x200035c0</run_address>
         <size>0x4</size>
         <input_file_ref idref="fl-147"/>
      </object_component>
      <object_component id="oc-a5">
         <name>.data</name>
         <load_address>0x200035a4</load_address>
         <run_address>0x200035a4</run_address>
         <size>0x8</size>
         <input_file_ref idref="fl-149"/>
      </object_component>
      <object_component id="oc-31c">
         <name>.data</name>
         <load_address>0x200034d0</load_address>
         <run_address>0x200034d0</run_address>
         <size>0x80</size>
         <input_file_ref idref="fl-161"/>
      </object_component>
      <object_component id="oc-327">
         <name>.data</name>
         <load_address>0x200035bc</load_address>
         <run_address>0x200035bc</run_address>
         <size>0x4</size>
         <input_file_ref idref="fl-162"/>
      </object_component>
      <object_component id="oc-34b">
         <name>.data</name>
         <load_address>0x200035b4</load_address>
         <run_address>0x200035b4</run_address>
         <size>0x8</size>
         <input_file_ref idref="fl-163"/>
      </object_component>
      <object_component id="oc-366">
         <name>.data:sigtable</name>
         <load_address>0x20003420</load_address>
         <run_address>0x20003420</run_address>
         <size>0xb0</size>
         <input_file_ref idref="fl-165"/>
      </object_component>
      <object_component id="oc-1b9">
         <name>.debug_info</name>
         <load_address>0x0</load_address>
         <run_address>0x0</run_address>
         <size>0x295</size>
         <input_file_ref idref="fl-2"/>
      </object_component>
      <object_component id="oc-9e">
         <name>.debug_info</name>
         <load_address>0x295</load_address>
         <run_address>0x295</run_address>
         <size>0x188</size>
         <input_file_ref idref="fl-2"/>
      </object_component>
      <object_component id="oc-18d">
         <name>.debug_info</name>
         <load_address>0x41d</load_address>
         <run_address>0x41d</run_address>
         <size>0x2ab</size>
         <input_file_ref idref="fl-2"/>
      </object_component>
      <object_component id="oc-7c">
         <name>.debug_info</name>
         <load_address>0x6c8</load_address>
         <run_address>0x6c8</run_address>
         <size>0x84</size>
         <input_file_ref idref="fl-2"/>
      </object_component>
      <object_component id="oc-129">
         <name>.debug_info</name>
         <load_address>0x74c</load_address>
         <run_address>0x74c</run_address>
         <size>0x2c</size>
         <input_file_ref idref="fl-2"/>
      </object_component>
      <object_component id="oc-197">
         <name>.debug_info</name>
         <load_address>0x778</load_address>
         <run_address>0x778</run_address>
         <size>0x18b</size>
         <input_file_ref idref="fl-2"/>
      </object_component>
      <object_component id="oc-249">
         <name>.debug_info</name>
         <load_address>0x903</load_address>
         <run_address>0x903</run_address>
         <size>0x2c</size>
         <input_file_ref idref="fl-2"/>
      </object_component>
      <object_component id="oc-124">
         <name>.debug_info</name>
         <load_address>0x92f</load_address>
         <run_address>0x92f</run_address>
         <size>0xae</size>
         <input_file_ref idref="fl-2"/>
      </object_component>
      <object_component id="oc-20a">
         <name>.debug_info</name>
         <load_address>0x9dd</load_address>
         <run_address>0x9dd</run_address>
         <size>0x4e</size>
         <input_file_ref idref="fl-2"/>
      </object_component>
      <object_component id="oc-1a1">
         <name>.debug_info</name>
         <load_address>0xa2b</load_address>
         <run_address>0xa2b</run_address>
         <size>0x14c</size>
         <input_file_ref idref="fl-2"/>
      </object_component>
      <object_component id="oc-35">
         <name>.debug_info</name>
         <load_address>0xb77</load_address>
         <run_address>0xb77</run_address>
         <size>0xf8</size>
         <input_file_ref idref="fl-3"/>
      </object_component>
      <object_component id="oc-2b">
         <name>.debug_info</name>
         <load_address>0xc6f</load_address>
         <run_address>0xc6f</run_address>
         <size>0xe8</size>
         <input_file_ref idref="fl-3"/>
      </object_component>
      <object_component id="oc-10">
         <name>.debug_info</name>
         <load_address>0xd57</load_address>
         <run_address>0xd57</run_address>
         <size>0xf1</size>
         <input_file_ref idref="fl-3"/>
      </object_component>
      <object_component id="oc-2e">
         <name>.debug_info</name>
         <load_address>0xe48</load_address>
         <run_address>0xe48</run_address>
         <size>0x2b4</size>
         <input_file_ref idref="fl-3"/>
      </object_component>
      <object_component id="oc-17c">
         <name>.debug_info</name>
         <load_address>0x10fc</load_address>
         <run_address>0x10fc</run_address>
         <size>0x26f</size>
         <input_file_ref idref="fl-4"/>
      </object_component>
      <object_component id="oc-179">
         <name>.debug_info</name>
         <load_address>0x136b</load_address>
         <run_address>0x136b</run_address>
         <size>0xf5</size>
         <input_file_ref idref="fl-4"/>
      </object_component>
      <object_component id="oc-173">
         <name>.debug_info</name>
         <load_address>0x1460</load_address>
         <run_address>0x1460</run_address>
         <size>0x10b</size>
         <input_file_ref idref="fl-4"/>
      </object_component>
      <object_component id="oc-d7">
         <name>.debug_info</name>
         <load_address>0x156b</load_address>
         <run_address>0x156b</run_address>
         <size>0x523</size>
         <input_file_ref idref="fl-4"/>
      </object_component>
      <object_component id="oc-16d">
         <name>.debug_info</name>
         <load_address>0x1a8e</load_address>
         <run_address>0x1a8e</run_address>
         <size>0x1ee</size>
         <input_file_ref idref="fl-5"/>
      </object_component>
      <object_component id="oc-d1">
         <name>.debug_info</name>
         <load_address>0x1c7c</load_address>
         <run_address>0x1c7c</run_address>
         <size>0x1b2</size>
         <input_file_ref idref="fl-5"/>
      </object_component>
      <object_component id="oc-163">
         <name>.debug_info</name>
         <load_address>0x1e2e</load_address>
         <run_address>0x1e2e</run_address>
         <size>0x360</size>
         <input_file_ref idref="fl-6"/>
      </object_component>
      <object_component id="oc-cb">
         <name>.debug_info</name>
         <load_address>0x218e</load_address>
         <run_address>0x218e</run_address>
         <size>0x3c7</size>
         <input_file_ref idref="fl-6"/>
      </object_component>
      <object_component id="oc-17e">
         <name>.debug_info</name>
         <load_address>0x2555</load_address>
         <run_address>0x2555</run_address>
         <size>0x22c</size>
         <input_file_ref idref="fl-7"/>
      </object_component>
      <object_component id="oc-176">
         <name>.debug_info</name>
         <load_address>0x2781</load_address>
         <run_address>0x2781</run_address>
         <size>0x124</size>
         <input_file_ref idref="fl-7"/>
      </object_component>
      <object_component id="oc-dd">
         <name>.debug_info</name>
         <load_address>0x28a5</load_address>
         <run_address>0x28a5</run_address>
         <size>0x1cf</size>
         <input_file_ref idref="fl-7"/>
      </object_component>
      <object_component id="oc-c5">
         <name>.debug_info</name>
         <load_address>0x2a74</load_address>
         <run_address>0x2a74</run_address>
         <size>0x1a5</size>
         <input_file_ref idref="fl-8"/>
      </object_component>
      <object_component id="oc-1d5">
         <name>.debug_info</name>
         <load_address>0x2c19</load_address>
         <run_address>0x2c19</run_address>
         <size>0x424</size>
         <input_file_ref idref="fl-9"/>
      </object_component>
      <object_component id="oc-1f1">
         <name>.debug_info</name>
         <load_address>0x303d</load_address>
         <run_address>0x303d</run_address>
         <size>0x16a</size>
         <input_file_ref idref="fl-9"/>
      </object_component>
      <object_component id="oc-1f4">
         <name>.debug_info</name>
         <load_address>0x31a7</load_address>
         <run_address>0x31a7</run_address>
         <size>0xfc</size>
         <input_file_ref idref="fl-9"/>
      </object_component>
      <object_component id="oc-1f7">
         <name>.debug_info</name>
         <load_address>0x32a3</load_address>
         <run_address>0x32a3</run_address>
         <size>0x112</size>
         <input_file_ref idref="fl-9"/>
      </object_component>
      <object_component id="oc-148">
         <name>.debug_info</name>
         <load_address>0x33b5</load_address>
         <run_address>0x33b5</run_address>
         <size>0xf68</size>
         <input_file_ref idref="fl-9"/>
      </object_component>
      <object_component id="oc-226">
         <name>.debug_info</name>
         <load_address>0x431d</load_address>
         <run_address>0x431d</run_address>
         <size>0x492</size>
         <input_file_ref idref="fl-c"/>
      </object_component>
      <object_component id="oc-1a6">
         <name>.debug_info</name>
         <load_address>0x47af</load_address>
         <run_address>0x47af</run_address>
         <size>0x110</size>
         <input_file_ref idref="fl-c"/>
      </object_component>
      <object_component id="oc-2cc">
         <name>.debug_info</name>
         <load_address>0x48bf</load_address>
         <run_address>0x48bf</run_address>
         <size>0x39</size>
         <input_file_ref idref="fl-c"/>
      </object_component>
      <object_component id="oc-192">
         <name>.debug_info</name>
         <load_address>0x48f8</load_address>
         <run_address>0x48f8</run_address>
         <size>0x46</size>
         <input_file_ref idref="fl-c"/>
      </object_component>
      <object_component id="oc-2d1">
         <name>.debug_info</name>
         <load_address>0x493e</load_address>
         <run_address>0x493e</run_address>
         <size>0x70</size>
         <input_file_ref idref="fl-c"/>
      </object_component>
      <object_component id="oc-185">
         <name>.debug_info</name>
         <load_address>0x49ae</load_address>
         <run_address>0x49ae</run_address>
         <size>0x13e</size>
         <input_file_ref idref="fl-d"/>
      </object_component>
      <object_component id="oc-106">
         <name>.debug_info</name>
         <load_address>0x4aec</load_address>
         <run_address>0x4aec</run_address>
         <size>0x5ab</size>
         <input_file_ref idref="fl-d"/>
      </object_component>
      <object_component id="oc-117">
         <name>.debug_info</name>
         <load_address>0x5097</load_address>
         <run_address>0x5097</run_address>
         <size>0x63c</size>
         <input_file_ref idref="fl-f"/>
      </object_component>
      <object_component id="oc-111">
         <name>.debug_info</name>
         <load_address>0x56d3</load_address>
         <run_address>0x56d3</run_address>
         <size>0x2de</size>
         <input_file_ref idref="fl-f"/>
      </object_component>
      <object_component id="oc-114">
         <name>.debug_info</name>
         <load_address>0x59b1</load_address>
         <run_address>0x59b1</run_address>
         <size>0xff</size>
         <input_file_ref idref="fl-f"/>
      </object_component>
      <object_component id="oc-bf">
         <name>.debug_info</name>
         <load_address>0x5ab0</load_address>
         <run_address>0x5ab0</run_address>
         <size>0x23d2</size>
         <input_file_ref idref="fl-f"/>
      </object_component>
      <object_component id="oc-19c">
         <name>.debug_info</name>
         <load_address>0x7e82</load_address>
         <run_address>0x7e82</run_address>
         <size>0xcd</size>
         <input_file_ref idref="fl-f"/>
      </object_component>
      <object_component id="oc-183">
         <name>.debug_info</name>
         <load_address>0x7f4f</load_address>
         <run_address>0x7f4f</run_address>
         <size>0x228</size>
         <input_file_ref idref="fl-13"/>
      </object_component>
      <object_component id="oc-160">
         <name>.debug_info</name>
         <load_address>0x8177</load_address>
         <run_address>0x8177</run_address>
         <size>0x146</size>
         <input_file_ref idref="fl-13"/>
      </object_component>
      <object_component id="oc-100">
         <name>.debug_info</name>
         <load_address>0x82bd</load_address>
         <run_address>0x82bd</run_address>
         <size>0x8a6</size>
         <input_file_ref idref="fl-13"/>
      </object_component>
      <object_component id="oc-10c">
         <name>.debug_info</name>
         <load_address>0x8b63</load_address>
         <run_address>0x8b63</run_address>
         <size>0x187</size>
         <input_file_ref idref="fl-14"/>
      </object_component>
      <object_component id="oc-1af">
         <name>.debug_info</name>
         <load_address>0x8cea</load_address>
         <run_address>0x8cea</run_address>
         <size>0x21d</size>
         <input_file_ref idref="fl-17"/>
      </object_component>
      <object_component id="oc-1b2">
         <name>.debug_info</name>
         <load_address>0x8f07</load_address>
         <run_address>0x8f07</run_address>
         <size>0xef</size>
         <input_file_ref idref="fl-17"/>
      </object_component>
      <object_component id="oc-1b6">
         <name>.debug_info</name>
         <load_address>0x8ff6</load_address>
         <run_address>0x8ff6</run_address>
         <size>0x103</size>
         <input_file_ref idref="fl-17"/>
      </object_component>
      <object_component id="oc-1ac">
         <name>.debug_info</name>
         <load_address>0x90f9</load_address>
         <run_address>0x90f9</run_address>
         <size>0x10b</size>
         <input_file_ref idref="fl-17"/>
      </object_component>
      <object_component id="oc-11c">
         <name>.debug_info</name>
         <load_address>0x9204</load_address>
         <run_address>0x9204</run_address>
         <size>0x5e5</size>
         <input_file_ref idref="fl-17"/>
      </object_component>
      <object_component id="oc-22b">
         <name>.debug_info</name>
         <load_address>0x97e9</load_address>
         <run_address>0x97e9</run_address>
         <size>0xa7</size>
         <input_file_ref idref="fl-17"/>
      </object_component>
      <object_component id="oc-27">
         <name>.debug_info</name>
         <load_address>0x9890</load_address>
         <run_address>0x9890</run_address>
         <size>0x138</size>
         <input_file_ref idref="fl-13e"/>
      </object_component>
      <object_component id="oc-41">
         <name>.debug_info</name>
         <load_address>0x99c8</load_address>
         <run_address>0x99c8</run_address>
         <size>0x123</size>
         <input_file_ref idref="fl-13f"/>
      </object_component>
      <object_component id="oc-14">
         <name>.debug_info</name>
         <load_address>0x9aeb</load_address>
         <run_address>0x9aeb</run_address>
         <size>0x1c2</size>
         <input_file_ref idref="fl-13f"/>
      </object_component>
      <object_component id="oc-3c">
         <name>.debug_info</name>
         <load_address>0x9cad</load_address>
         <run_address>0x9cad</run_address>
         <size>0x46</size>
         <input_file_ref idref="fl-13f"/>
      </object_component>
      <object_component id="oc-82">
         <name>.debug_info</name>
         <load_address>0x9cf3</load_address>
         <run_address>0x9cf3</run_address>
         <size>0x2c</size>
         <input_file_ref idref="fl-13f"/>
      </object_component>
      <object_component id="oc-49">
         <name>.debug_info</name>
         <load_address>0x9d1f</load_address>
         <run_address>0x9d1f</run_address>
         <size>0x117</size>
         <input_file_ref idref="fl-140"/>
      </object_component>
      <object_component id="oc-45">
         <name>.debug_info</name>
         <load_address>0x9e36</load_address>
         <run_address>0x9e36</run_address>
         <size>0x22a</size>
         <input_file_ref idref="fl-140"/>
      </object_component>
      <object_component id="oc-19">
         <name>.debug_info</name>
         <load_address>0xa060</load_address>
         <run_address>0xa060</run_address>
         <size>0x1bc</size>
         <input_file_ref idref="fl-140"/>
      </object_component>
      <object_component id="oc-4a">
         <name>.debug_info</name>
         <load_address>0xa21c</load_address>
         <run_address>0xa21c</run_address>
         <size>0x39</size>
         <input_file_ref idref="fl-140"/>
      </object_component>
      <object_component id="oc-8c">
         <name>.debug_info</name>
         <load_address>0xa255</load_address>
         <run_address>0xa255</run_address>
         <size>0x2c</size>
         <input_file_ref idref="fl-140"/>
      </object_component>
      <object_component id="oc-5a">
         <name>.debug_info</name>
         <load_address>0xa281</load_address>
         <run_address>0xa281</run_address>
         <size>0x112</size>
         <input_file_ref idref="fl-141"/>
      </object_component>
      <object_component id="oc-1f">
         <name>.debug_info</name>
         <load_address>0xa393</load_address>
         <run_address>0xa393</run_address>
         <size>0x18d</size>
         <input_file_ref idref="fl-141"/>
      </object_component>
      <object_component id="oc-55">
         <name>.debug_info</name>
         <load_address>0xa520</load_address>
         <run_address>0xa520</run_address>
         <size>0x46</size>
         <input_file_ref idref="fl-141"/>
      </object_component>
      <object_component id="oc-ac">
         <name>.debug_info</name>
         <load_address>0xa566</load_address>
         <run_address>0xa566</run_address>
         <size>0x174</size>
         <input_file_ref idref="fl-142"/>
      </object_component>
      <object_component id="oc-a9">
         <name>.debug_info</name>
         <load_address>0xa6da</load_address>
         <run_address>0xa6da</run_address>
         <size>0x119</size>
         <input_file_ref idref="fl-142"/>
      </object_component>
      <object_component id="oc-6e">
         <name>.debug_info</name>
         <load_address>0xa7f3</load_address>
         <run_address>0xa7f3</run_address>
         <size>0x1f0</size>
         <input_file_ref idref="fl-142"/>
      </object_component>
      <object_component id="oc-37">
         <name>.debug_info</name>
         <load_address>0xa9e3</load_address>
         <run_address>0xa9e3</run_address>
         <size>0xfa</size>
         <input_file_ref idref="fl-143"/>
      </object_component>
      <object_component id="oc-50">
         <name>.debug_info</name>
         <load_address>0xaadd</load_address>
         <run_address>0xaadd</run_address>
         <size>0x12a</size>
         <input_file_ref idref="fl-144"/>
      </object_component>
      <object_component id="oc-5d">
         <name>.debug_info</name>
         <load_address>0xac07</load_address>
         <run_address>0xac07</run_address>
         <size>0x12b</size>
         <input_file_ref idref="fl-145"/>
      </object_component>
      <object_component id="oc-209">
         <name>.debug_info</name>
         <load_address>0xad32</load_address>
         <run_address>0xad32</run_address>
         <size>0x19e</size>
         <input_file_ref idref="fl-146"/>
      </object_component>
      <object_component id="oc-15d">
         <name>.debug_info</name>
         <load_address>0xaed0</load_address>
         <run_address>0xaed0</run_address>
         <size>0x2e3</size>
         <input_file_ref idref="fl-146"/>
      </object_component>
      <object_component id="oc-2be">
         <name>.debug_info</name>
         <load_address>0xb1b3</load_address>
         <run_address>0xb1b3</run_address>
         <size>0x2c</size>
         <input_file_ref idref="fl-146"/>
      </object_component>
      <object_component id="oc-74">
         <name>.debug_info</name>
         <load_address>0xb1df</load_address>
         <run_address>0xb1df</run_address>
         <size>0xec</size>
         <input_file_ref idref="fl-147"/>
      </object_component>
      <object_component id="oc-f2">
         <name>.debug_info</name>
         <load_address>0xb2cb</load_address>
         <run_address>0xb2cb</run_address>
         <size>0x107</size>
         <input_file_ref idref="fl-149"/>
      </object_component>
      <object_component id="oc-a6">
         <name>.debug_info</name>
         <load_address>0xb3d2</load_address>
         <run_address>0xb3d2</run_address>
         <size>0xf6</size>
         <input_file_ref idref="fl-149"/>
      </object_component>
      <object_component id="oc-ec">
         <name>.debug_info</name>
         <load_address>0xb4c8</load_address>
         <run_address>0xb4c8</run_address>
         <size>0x202</size>
         <input_file_ref idref="fl-149"/>
      </object_component>
      <object_component id="oc-2b8">
         <name>.debug_info</name>
         <load_address>0xb6ca</load_address>
         <run_address>0xb6ca</run_address>
         <size>0x3ae</size>
         <input_file_ref idref="fl-14a"/>
      </object_component>
      <object_component id="oc-203">
         <name>.debug_info</name>
         <load_address>0xba78</load_address>
         <run_address>0xba78</run_address>
         <size>0x1811</size>
         <input_file_ref idref="fl-14a"/>
      </object_component>
      <object_component id="oc-2b9">
         <name>.debug_info</name>
         <load_address>0xd289</load_address>
         <run_address>0xd289</run_address>
         <size>0x86</size>
         <input_file_ref idref="fl-14a"/>
      </object_component>
      <object_component id="oc-309">
         <name>.debug_info</name>
         <load_address>0xd30f</load_address>
         <run_address>0xd30f</run_address>
         <size>0x46</size>
         <input_file_ref idref="fl-14a"/>
      </object_component>
      <object_component id="oc-2c3">
         <name>.debug_info</name>
         <load_address>0xd355</load_address>
         <run_address>0xd355</run_address>
         <size>0x39</size>
         <input_file_ref idref="fl-14a"/>
      </object_component>
      <object_component id="oc-a4">
         <name>.debug_info</name>
         <load_address>0xd38e</load_address>
         <run_address>0xd38e</run_address>
         <size>0x149</size>
         <input_file_ref idref="fl-14b"/>
      </object_component>
      <object_component id="oc-6a">
         <name>.debug_info</name>
         <load_address>0xd4d7</load_address>
         <run_address>0xd4d7</run_address>
         <size>0x14a</size>
         <input_file_ref idref="fl-14b"/>
      </object_component>
      <object_component id="oc-e5">
         <name>.debug_info</name>
         <load_address>0xd621</load_address>
         <run_address>0xd621</run_address>
         <size>0x5e</size>
         <input_file_ref idref="fl-14b"/>
      </object_component>
      <object_component id="oc-306">
         <name>.debug_info</name>
         <load_address>0xd67f</load_address>
         <run_address>0xd67f</run_address>
         <size>0xf7</size>
         <input_file_ref idref="fl-14c"/>
      </object_component>
      <object_component id="oc-2b5">
         <name>.debug_info</name>
         <load_address>0xd776</load_address>
         <run_address>0xd776</run_address>
         <size>0x154</size>
         <input_file_ref idref="fl-14c"/>
      </object_component>
      <object_component id="oc-9c">
         <name>.debug_info</name>
         <load_address>0xd8ca</load_address>
         <run_address>0xd8ca</run_address>
         <size>0x2a0</size>
         <input_file_ref idref="fl-14d"/>
      </object_component>
      <object_component id="oc-63">
         <name>.debug_info</name>
         <load_address>0xdb6a</load_address>
         <run_address>0xdb6a</run_address>
         <size>0x194</size>
         <input_file_ref idref="fl-14d"/>
      </object_component>
      <object_component id="oc-b4">
         <name>.debug_info</name>
         <load_address>0xdcfe</load_address>
         <run_address>0xdcfe</run_address>
         <size>0x39</size>
         <input_file_ref idref="fl-14d"/>
      </object_component>
      <object_component id="oc-b9">
         <name>.debug_info</name>
         <load_address>0xdd37</load_address>
         <run_address>0xdd37</run_address>
         <size>0xcd</size>
         <input_file_ref idref="fl-14d"/>
      </object_component>
      <object_component id="oc-b1">
         <name>.debug_info</name>
         <load_address>0xde04</load_address>
         <run_address>0xde04</run_address>
         <size>0x1c3</size>
         <input_file_ref idref="fl-14e"/>
      </object_component>
      <object_component id="oc-99">
         <name>.debug_info</name>
         <load_address>0xdfc7</load_address>
         <run_address>0xdfc7</run_address>
         <size>0x17f</size>
         <input_file_ref idref="fl-14e"/>
      </object_component>
      <object_component id="oc-fa">
         <name>.debug_info</name>
         <load_address>0xe146</load_address>
         <run_address>0xe146</run_address>
         <size>0x2c</size>
         <input_file_ref idref="fl-14e"/>
      </object_component>
      <object_component id="oc-335">
         <name>.debug_info</name>
         <load_address>0xe172</load_address>
         <run_address>0xe172</run_address>
         <size>0xd1</size>
         <input_file_ref idref="fl-14f"/>
      </object_component>
      <object_component id="oc-303">
         <name>.debug_info</name>
         <load_address>0xe243</load_address>
         <run_address>0xe243</run_address>
         <size>0xdd</size>
         <input_file_ref idref="fl-14f"/>
      </object_component>
      <object_component id="oc-290">
         <name>.debug_info</name>
         <load_address>0xe320</load_address>
         <run_address>0xe320</run_address>
         <size>0x12d</size>
         <input_file_ref idref="fl-150"/>
      </object_component>
      <object_component id="oc-26c">
         <name>.debug_info</name>
         <load_address>0xe44d</load_address>
         <run_address>0xe44d</run_address>
         <size>0x109</size>
         <input_file_ref idref="fl-151"/>
      </object_component>
      <object_component id="oc-27b">
         <name>.debug_info</name>
         <load_address>0xe556</load_address>
         <run_address>0xe556</run_address>
         <size>0x10b</size>
         <input_file_ref idref="fl-151"/>
      </object_component>
      <object_component id="oc-277">
         <name>.debug_info</name>
         <load_address>0xe661</load_address>
         <run_address>0xe661</run_address>
         <size>0x11b</size>
         <input_file_ref idref="fl-152"/>
      </object_component>
      <object_component id="oc-272">
         <name>.debug_info</name>
         <load_address>0xe77c</load_address>
         <run_address>0xe77c</run_address>
         <size>0x11b</size>
         <input_file_ref idref="fl-153"/>
      </object_component>
      <object_component id="oc-281">
         <name>.debug_info</name>
         <load_address>0xe897</load_address>
         <run_address>0xe897</run_address>
         <size>0x10f</size>
         <input_file_ref idref="fl-154"/>
      </object_component>
      <object_component id="oc-2ed">
         <name>.debug_info</name>
         <load_address>0xe9a6</load_address>
         <run_address>0xe9a6</run_address>
         <size>0x16f</size>
         <input_file_ref idref="fl-155"/>
      </object_component>
      <object_component id="oc-295">
         <name>.debug_info</name>
         <load_address>0xeb15</load_address>
         <run_address>0xeb15</run_address>
         <size>0x16f</size>
         <input_file_ref idref="fl-155"/>
      </object_component>
      <object_component id="oc-28c">
         <name>.debug_info</name>
         <load_address>0xec84</load_address>
         <run_address>0xec84</run_address>
         <size>0x10d</size>
         <input_file_ref idref="fl-156"/>
      </object_component>
      <object_component id="oc-2fb">
         <name>.debug_info</name>
         <load_address>0xed91</load_address>
         <run_address>0xed91</run_address>
         <size>0x171</size>
         <input_file_ref idref="fl-157"/>
      </object_component>
      <object_component id="oc-29d">
         <name>.debug_info</name>
         <load_address>0xef02</load_address>
         <run_address>0xef02</run_address>
         <size>0x166</size>
         <input_file_ref idref="fl-157"/>
      </object_component>
      <object_component id="oc-2e3">
         <name>.debug_info</name>
         <load_address>0xf068</load_address>
         <run_address>0xf068</run_address>
         <size>0x12f</size>
         <input_file_ref idref="fl-158"/>
      </object_component>
      <object_component id="oc-286">
         <name>.debug_info</name>
         <load_address>0xf197</load_address>
         <run_address>0xf197</run_address>
         <size>0x1a5</size>
         <input_file_ref idref="fl-158"/>
      </object_component>
      <object_component id="oc-301">
         <name>.debug_info</name>
         <load_address>0xf33c</load_address>
         <run_address>0xf33c</run_address>
         <size>0xd4</size>
         <input_file_ref idref="fl-159"/>
      </object_component>
      <object_component id="oc-2ae">
         <name>.debug_info</name>
         <load_address>0xf410</load_address>
         <run_address>0xf410</run_address>
         <size>0x18e</size>
         <input_file_ref idref="fl-159"/>
      </object_component>
      <object_component id="oc-2fd">
         <name>.debug_info</name>
         <load_address>0xf59e</load_address>
         <run_address>0xf59e</run_address>
         <size>0xd8</size>
         <input_file_ref idref="fl-15a"/>
      </object_component>
      <object_component id="oc-2a1">
         <name>.debug_info</name>
         <load_address>0xf676</load_address>
         <run_address>0xf676</run_address>
         <size>0x1f7</size>
         <input_file_ref idref="fl-15a"/>
      </object_component>
      <object_component id="oc-2dc">
         <name>.debug_info</name>
         <load_address>0xf86d</load_address>
         <run_address>0xf86d</run_address>
         <size>0xcd</size>
         <input_file_ref idref="fl-15b"/>
      </object_component>
      <object_component id="oc-268">
         <name>.debug_info</name>
         <load_address>0xf93a</load_address>
         <run_address>0xf93a</run_address>
         <size>0x1dd</size>
         <input_file_ref idref="fl-15b"/>
      </object_component>
      <object_component id="oc-262">
         <name>.debug_info</name>
         <load_address>0xfb17</load_address>
         <run_address>0xfb17</run_address>
         <size>0x168</size>
         <input_file_ref idref="fl-15c"/>
      </object_component>
      <object_component id="oc-2ff">
         <name>.debug_info</name>
         <load_address>0xfc7f</load_address>
         <run_address>0xfc7f</run_address>
         <size>0x122</size>
         <input_file_ref idref="fl-15d"/>
      </object_component>
      <object_component id="oc-2a8">
         <name>.debug_info</name>
         <load_address>0xfda1</load_address>
         <run_address>0xfda1</run_address>
         <size>0x157</size>
         <input_file_ref idref="fl-15d"/>
      </object_component>
      <object_component id="oc-320">
         <name>.debug_info</name>
         <load_address>0xfef8</load_address>
         <run_address>0xfef8</run_address>
         <size>0x182</size>
         <input_file_ref idref="fl-15e"/>
      </object_component>
      <object_component id="oc-2f0">
         <name>.debug_info</name>
         <load_address>0x1007a</load_address>
         <run_address>0x1007a</run_address>
         <size>0x194</size>
         <input_file_ref idref="fl-15e"/>
      </object_component>
      <object_component id="oc-33e">
         <name>.debug_info</name>
         <load_address>0x1020e</load_address>
         <run_address>0x1020e</run_address>
         <size>0x86</size>
         <input_file_ref idref="fl-15e"/>
      </object_component>
      <object_component id="oc-319">
         <name>.debug_info</name>
         <load_address>0x10294</load_address>
         <run_address>0x10294</run_address>
         <size>0x16c</size>
         <input_file_ref idref="fl-15f"/>
      </object_component>
      <object_component id="oc-2e9">
         <name>.debug_info</name>
         <load_address>0x10400</load_address>
         <run_address>0x10400</run_address>
         <size>0x175</size>
         <input_file_ref idref="fl-15f"/>
      </object_component>
      <object_component id="oc-2f8">
         <name>.debug_info</name>
         <load_address>0x10575</load_address>
         <run_address>0x10575</run_address>
         <size>0x155</size>
         <input_file_ref idref="fl-160"/>
      </object_component>
      <object_component id="oc-31d">
         <name>.debug_info</name>
         <load_address>0x106ca</load_address>
         <run_address>0x106ca</run_address>
         <size>0x1b7</size>
         <input_file_ref idref="fl-161"/>
      </object_component>
      <object_component id="oc-328">
         <name>.debug_info</name>
         <load_address>0x10881</load_address>
         <run_address>0x10881</run_address>
         <size>0xd8</size>
         <input_file_ref idref="fl-162"/>
      </object_component>
      <object_component id="oc-364">
         <name>.debug_info</name>
         <load_address>0x10959</load_address>
         <run_address>0x10959</run_address>
         <size>0x1af</size>
         <input_file_ref idref="fl-163"/>
      </object_component>
      <object_component id="oc-34c">
         <name>.debug_info</name>
         <load_address>0x10b08</load_address>
         <run_address>0x10b08</run_address>
         <size>0x110</size>
         <input_file_ref idref="fl-163"/>
      </object_component>
      <object_component id="oc-325">
         <name>.debug_info</name>
         <load_address>0x10c18</load_address>
         <run_address>0x10c18</run_address>
         <size>0x171</size>
         <input_file_ref idref="fl-163"/>
      </object_component>
      <object_component id="oc-35f">
         <name>.debug_info</name>
         <load_address>0x10d89</load_address>
         <run_address>0x10d89</run_address>
         <size>0x6f</size>
         <input_file_ref idref="fl-163"/>
      </object_component>
      <object_component id="oc-35c">
         <name>.debug_info</name>
         <load_address>0x10df8</load_address>
         <run_address>0x10df8</run_address>
         <size>0xff</size>
         <input_file_ref idref="fl-164"/>
      </object_component>
      <object_component id="oc-349">
         <name>.debug_info</name>
         <load_address>0x10ef7</load_address>
         <run_address>0x10ef7</run_address>
         <size>0x156</size>
         <input_file_ref idref="fl-164"/>
      </object_component>
      <object_component id="oc-36d">
         <name>.debug_info</name>
         <load_address>0x1104d</load_address>
         <run_address>0x1104d</run_address>
         <size>0x2c</size>
         <input_file_ref idref="fl-164"/>
      </object_component>
      <object_component id="oc-36a">
         <name>.debug_info</name>
         <load_address>0x11079</load_address>
         <run_address>0x11079</run_address>
         <size>0x11f</size>
         <input_file_ref idref="fl-165"/>
      </object_component>
      <object_component id="oc-367">
         <name>.debug_info</name>
         <load_address>0x11198</load_address>
         <run_address>0x11198</run_address>
         <size>0xdd</size>
         <input_file_ref idref="fl-165"/>
      </object_component>
      <object_component id="oc-359">
         <name>.debug_info</name>
         <load_address>0x11275</load_address>
         <run_address>0x11275</run_address>
         <size>0x16c</size>
         <input_file_ref idref="fl-165"/>
      </object_component>
      <object_component id="oc-339">
         <name>.debug_info</name>
         <load_address>0x113e1</load_address>
         <run_address>0x113e1</run_address>
         <size>0x137</size>
         <input_file_ref idref="fl-166"/>
[...]
         <value>0x14a1</value>
         <object_component_ref idref="oc-be"/>
      </symbol>
      <symbol id="sm-2bd">
         <name>xTaskGenericCreate</name>
         <value>0x118d</value>
         <object_component_ref idref="oc-be"/>
      </symbol>
      <symbol id="sm-2be">
         <name>pxCurrentTCB</name>
         <value>0x20003550</value>
         <object_component_ref idref="oc-110"/>
      </symbol>
      <symbol id="sm-2bf">
         <name>xTaskGetTickCountFromISR</name>
         <value>0x14bd</value>
         <object_component_ref idref="oc-be"/>
      </symbol>
      <symbol id="sm-2c0">
         <name>vTaskSetTimeOutState</name>
         <value>0x180f</value>
         <object_component_ref idref="oc-be"/>
      </symbol>
      <symbol id="sm-2c1">
         <name>xTaskIncrementTick</name>
         <value>0x14e1</value>
         <object_component_ref idref="oc-be"/>
      </symbol>
      <symbol id="sm-2c2">
         <name>xTickCount</name>
         <value>0x20003558</value>
         <object_component_ref idref="oc-110"/>
      </symbol>
      <symbol id="sm-2c3">
         <name>vTaskSwitchContext</name>
         <value>0x1601</value>
         <object_component_ref idref="oc-be"/>
      </symbol>
      <symbol id="sm-2c4">
         <name>uxTaskResetEventItemValue</name>
         <value>0x1a47</value>
         <object_component_ref idref="oc-be"/>
      </symbol>
      <symbol id="sm-2c5">
         <name>xNextTaskUnblockTime</name>
         <value>0x20003574</value>
         <object_component_ref idref="oc-110"/>
      </symbol>
      <symbol id="sm-2c6">
         <name>vTaskPlaceOnUnorderedEventList</name>
         <value>0x16c5</value>
         <object_component_ref idref="oc-be"/>
      </symbol>
      <symbol id="sm-2c7">
         <name>xTaskRemoveFromEventList</name>
         <value>0x170b</value>
         <object_component_ref idref="oc-be"/>
      </symbol>
      <symbol id="sm-2ee">
         <name>vPortSetupTimerInterrupt</name>
         <value>0x30c3</value>
         <object_component_ref idref="oc-ff"/>
      </symbol>
      <symbol id="sm-2ef">
         <name>vPortEndScheduler</name>
         <value>0x306d</value>
         <object_component_ref idref="oc-ff"/>
      </symbol>
      <symbol id="sm-2f0">
         <name>xPortSysTickCount</name>
         <value>0x20003598</value>
         <object_component_ref idref="oc-15f"/>
      </symbol>
      <symbol id="sm-2f1">
         <name>xPortSysTickHandler</name>
         <value>0x30a1</value>
         <object_component_ref idref="oc-ff"/>
      </symbol>
      <symbol id="sm-2f2">
         <name>vPortYieldFromISR</name>
         <value>0x306f</value>
         <object_component_ref idref="oc-ff"/>
      </symbol>
      <symbol id="sm-2f3">
         <name>pxPortInitialiseStack</name>
         <value>0x2ffd</value>
         <object_component_ref idref="oc-ff"/>
      </symbol>
      <symbol id="sm-2f4">
         <name>vPortExitCritical</name>
         <value>0x3089</value>
         <object_component_ref idref="oc-ff"/>
      </symbol>
      <symbol id="sm-2f5">
         <name>xPortStartScheduler</name>
         <value>0x3045</value>
         <object_component_ref idref="oc-ff"/>
      </symbol>
      <symbol id="sm-2f6">
         <name>vPortEnterCritical</name>
         <value>0x3079</value>
         <object_component_ref idref="oc-ff"/>
      </symbol>
      <symbol id="sm-304">
         <name>vPortStartFirstTask</name>
         <value>0x35db</value>
         <object_component_ref idref="oc-10b"/>
      </symbol>
      <symbol id="sm-305">
         <name>xPortPendSVHandler</name>
         <value>0x356d</value>
         <object_component_ref idref="oc-10b"/>
      </symbol>
      <symbol id="sm-306">
         <name>vPortClearInterruptMask</name>
         <value>0x35b7</value>
         <object_component_ref idref="oc-10b"/>
      </symbol>
      <symbol id="sm-307">
         <name>ulPortSetInterruptMask</name>
         <value>0x35a9</value>
         <object_component_ref idref="oc-10b"/>
      </symbol>
      <symbol id="sm-308">
         <name>vPortSVCHandler</name>
         <value>0x35bd</value>
         <object_component_ref idref="oc-10b"/>
      </symbol>
      <symbol id="sm-34d">
         <name>vPortInitialiseBlocks</name>
         <value>0x2701</value>
         <object_component_ref idref="oc-11b"/>
      </symbol>
      <symbol id="sm-34e">
         <name>xPortGetFreeHeapSize</name>
         <value>0x26fb</value>
         <object_component_ref idref="oc-11b"/>
      </symbol>
      <symbol id="sm-34f">
         <name>pvPortMalloc</name>
         <value>0x2571</value>
         <object_component_ref idref="oc-11b"/>
      </symbol>
      <symbol id="sm-350">
         <name>vPortFree</name>
         <value>0x2699</value>
         <object_component_ref idref="oc-11b"/>
      </symbol>
      <symbol id="sm-360">
         <name>_c_int00</name>
         <value>0x3b7d</value>
         <object_component_ref idref="oc-24"/>
      </symbol>
      <symbol id="sm-361">
         <name>__stack</name>
         <value>0x20002420</value>
         <object_component_ref idref="oc-29"/>
      </symbol>
      <symbol id="sm-378">
         <name>__TI_decompress_none</name>
         <value>0x3e29</value>
         <object_component_ref idref="oc-12"/>
      </symbol>
      <symbol id="sm-3a0">
         <name>__TI_decompress_rle24</name>
         <value>0x3e87</value>
         <object_component_ref idref="oc-18"/>
      </symbol>
      <symbol id="sm-3b2">
         <name>__TI_zero_init</name>
         <value>0x3e37</value>
         <object_component_ref idref="oc-1e"/>
      </symbol>
      <symbol id="sm-3d1">
         <name>C$$EXIT</name>
         <value>0x3a75</value>
         <object_component_ref idref="oc-6d"/>
      </symbol>
      <symbol id="sm-3d2">
         <name>abort</name>
         <value>0x3a79</value>
         <object_component_ref idref="oc-6d"/>
      </symbol>
      <symbol id="sm-3d3">
         <name>exit</name>
         <value>0x3a81</value>
         <object_component_ref idref="oc-6d"/>
      </symbol>
      <symbol id="sm-3d4">
         <name>__TI_dtors_ptr</name>
         <value>0x200035b0</value>
         <object_component_ref idref="oc-a8"/>
      </symbol>
      <symbol id="sm-3d5">
         <name>__TI_cleanup_ptr</name>
         <value>0x200035ac</value>
         <object_component_ref idref="oc-a8"/>
      </symbol>
      <symbol id="sm-3f0">
         <name>memcpy</name>
         <value>0x333b</value>
         <object_component_ref idref="oc-36"/>
      </symbol>
      <symbol id="sm-3f1">
         <name>__aeabi_memcpy</name>
         <value>0x333b</value>
         <object_component_ref idref="oc-36"/>
      </symbol>
      <symbol id="sm-3f2">
         <name>__aeabi_memcpy8</name>
         <value>0x333b</value>
         <object_component_ref idref="oc-36"/>
      </symbol>
      <symbol id="sm-3f3">
         <name>__aeabi_memcpy4</name>
         <value>0x333b</value>
         <object_component_ref idref="oc-36"/>
      </symbol>
      <symbol id="sm-402">
         <name>__aeabi_memset</name>
         <value>0x35ef</value>
         <object_component_ref idref="oc-4f"/>
      </symbol>
      <symbol id="sm-403">
         <name>memset</name>
         <value>0x35f5</value>
         <object_component_ref idref="oc-4f"/>
      </symbol>
      <symbol id="sm-404">
         <name>__aeabi_memset8</name>
         <value>0x35ef</value>
         <object_component_ref idref="oc-4f"/>
      </symbol>
      <symbol id="sm-405">
         <name>__aeabi_memset4</name>
         <value>0x35ef</value>
         <object_component_ref idref="oc-4f"/>
      </symbol>
      <symbol id="sm-406">
         <name>__aeabi_memclr8</name>
         <value>0x35ed</value>
         <object_component_ref idref="oc-4f"/>
      </symbol>
      <symbol id="sm-407">
         <name>__aeabi_memclr4</name>
         <value>0x35ed</value>
         <object_component_ref idref="oc-4f"/>
      </symbol>
      <symbol id="sm-408">
         <name>__aeabi_memclr</name>
         <value>0x35ed</value>
         <object_component_ref idref="oc-4f"/>
      </symbol>
      <symbol id="sm-412">
         <name>_system_pre_init</name>
         <value>0x3e8d</value>
         <object_component_ref idref="oc-5b"/>
      </symbol>
      <symbol id="sm-42b">
         <name>sprintf</name>
         <value>0x37a5</value>
         <object_component_ref idref="oc-159"/>
      </symbol>
      <symbol id="sm-433">
         <name>main_func_sp</name>
         <value>0x200035c0</value>
         <object_component_ref idref="oc-73"/>
      </symbol>
      <symbol id="sm-450">
         <name>_nop</name>
         <value>0x3dc7</value>
         <object_component_ref idref="oc-ea"/>
      </symbol>
      <symbol id="sm-451">
         <name>_lock</name>
         <value>0x200035a4</value>
         <object_component_ref idref="oc-a5"/>
      </symbol>
      <symbol id="sm-452">
         <name>_unlock</name>
         <value>0x200035a8</value>
         <object_component_ref idref="oc-a5"/>
      </symbol>
      <symbol id="sm-453">
         <name>_register_lock</name>
         <value>0x3dbf</value>
         <object_component_ref idref="oc-ea"/>
      </symbol>
      <symbol id="sm-454">
         <name>_register_unlock</name>
         <value>0x3db9</value>
         <object_component_ref idref="oc-ea"/>
      </symbol>
      <symbol id="sm-559">
         <name>__TI_printfi</name>
         <value>0xe85</value>
         <object_component_ref idref="oc-202"/>
      </symbol>
      <symbol id="sm-56e">
         <name>_args_main</name>
         <value>0x3d61</value>
         <object_component_ref idref="oc-67"/>
      </symbol>
      <symbol id="sm-584">
         <name>atoi</name>
         <value>0x3909</value>
         <object_component_ref idref="oc-2b1"/>
      </symbol>
      <symbol id="sm-5aa">
         <name>__TI_auto_init</name>
         <value>0x3669</value>
         <object_component_ref idref="oc-61"/>
      </symbol>
      <symbol id="sm-5c4">
         <name>copy_in</name>
         <value>0x3955</value>
         <object_component_ref idref="oc-95"/>
      </symbol>
      <symbol id="sm-5cf">
         <name>_ctypes_</name>
         <value>0x4070</value>
         <object_component_ref idref="oc-302"/>
      </symbol>
      <symbol id="sm-5f3">
         <name>__aeabi_dsub</name>
         <value>0x23b9</value>
         <object_component_ref idref="oc-28e"/>
      </symbol>
      <symbol id="sm-5f4">
         <name>__aeabi_dadd</name>
         <value>0x23c3</value>
         <object_component_ref idref="oc-28e"/>
      </symbol>
      <symbol id="sm-61b">
         <name>__aeabi_cdcmpeq</name>
         <value>0x3461</value>
         <object_component_ref idref="oc-26a"/>
      </symbol>
      <symbol id="sm-61c">
         <name>__aeabi_cdcmple</name>
         <value>0x3461</value>
         <object_component_ref idref="oc-26a"/>
      </symbol>
      <symbol id="sm-61d">
         <name>__aeabi_cdrcmple</name>
         <value>0x34e7</value>
         <object_component_ref idref="oc-279"/>
      </symbol>
      <symbol id="sm-63d">
         <name>__aeabi_ddiv</name>
         <value>0x2b91</value>
         <object_component_ref idref="oc-274"/>
      </symbol>
      <symbol id="sm-654">
         <name>__aeabi_dmul</name>
         <value>0x2f01</value>
         <object_component_ref idref="oc-26f"/>
      </symbol>
      <symbol id="sm-662">
         <name>__aeabi_d2iz</name>
         <value>0x39a1</value>
         <object_component_ref idref="oc-27e"/>
      </symbol>
      <symbol id="sm-66f">
         <name>frexp</name>
         <value>0x3d05</value>
         <object_component_ref idref="oc-293"/>
      </symbol>
      <symbol id="sm-67b">
         <name>__aeabi_i2d</name>
         <value>0x3c7f</value>
         <object_component_ref idref="oc-289"/>
      </symbol>
      <symbol id="sm-68c">
         <name>ldexp</name>
         <value>0x39e9</value>
         <object_component_ref idref="oc-299"/>
      </symbol>
      <symbol id="sm-69b">
         <name>ltoa</name>
         <value>0x385d</value>
         <object_component_ref idref="oc-283"/>
      </symbol>
      <symbol id="sm-6ab">
         <name>memccpy</name>
         <value>0x3d45</value>
         <object_component_ref idref="oc-2ab"/>
      </symbol>
      <symbol id="sm-6bb">
         <name>strchr</name>
         <value>0x3d79</value>
         <object_component_ref idref="oc-29f"/>
      </symbol>
      <symbol id="sm-6c9">
         <name>strlen</name>
         <value>0x3dcd</value>
         <object_component_ref idref="oc-264"/>
      </symbol>
      <symbol id="sm-6f3">
         <name>__aeabi_uldivmod</name>
         <value>0x21c5</value>
         <object_component_ref idref="oc-25f"/>
      </symbol>
      <symbol id="sm-701">
         <name>_Dclass</name>
         <value>0x3cdb</value>
         <object_component_ref idref="oc-2a5"/>
      </symbol>
      <symbol id="sm-722">
         <name>_Dscale</name>
         <value>0x2df1</value>
         <object_component_ref idref="oc-2ee"/>
      </symbol>
      <symbol id="sm-736">
         <name>_Dunscale</name>
         <value>0x373f</value>
         <object_component_ref idref="oc-2e6"/>
      </symbol>
      <symbol id="sm-745">
         <name>_Feraise</name>
         <value>0x3c21</value>
         <object_component_ref idref="oc-2f4"/>
      </symbol>
      <symbol id="sm-755">
         <name>_Rteps</name>
         <value>0x20003530</value>
         <object_component_ref idref="oc-31c"/>
      </symbol>
      <symbol id="sm-756">
         <name>_Zero</name>
         <value>0x20003548</value>
         <object_component_ref idref="oc-31c"/>
      </symbol>
      <symbol id="sm-757">
         <name>_Hugeval</name>
         <value>0x200034f0</value>
         <object_component_ref idref="oc-31c"/>
      </symbol>
      <symbol id="sm-758">
         <name>_Snan</name>
         <value>0x20003520</value>
         <object_component_ref idref="oc-31c"/>
      </symbol>
      <symbol id="sm-759">
         <name>_Nan</name>
         <value>0x20003510</value>
         <object_component_ref idref="oc-31c"/>
      </symbol>
      <symbol id="sm-75a">
         <name>_Inf</name>
         <value>0x20003500</value>
         <object_component_ref idref="oc-31c"/>
      </symbol>
      <symbol id="sm-75b">
         <name>_Xbig</name>
         <value>0x20003540</value>
         <object_component_ref idref="oc-31c"/>
      </symbol>
      <symbol id="sm-75c">
         <name>_Eps</name>
         <value>0x200034e0</value>
         <object_component_ref idref="oc-31c"/>
      </symbol>
      <symbol id="sm-75d">
         <name>_Denorm</name>
         <value>0x200034d0</value>
         <object_component_ref idref="oc-31c"/>
      </symbol>
      <symbol id="sm-765">
         <name>_Errno</name>
         <value>0x200035bc</value>
         <object_component_ref idref="oc-327"/>
      </symbol>
      <symbol id="sm-783">
         <name>feraiseexcept</name>
         <value>0x3bed</value>
         <object_component_ref idref="oc-321"/>
      </symbol>
      <symbol id="sm-784">
         <name>_Tls_setup__Fenv</name>
         <value>0x200035b8</value>
         <object_component_ref idref="oc-34b"/>
      </symbol>
      <symbol id="sm-785">
         <name>_Fenv</name>
         <value>0x200035b4</value>
         <object_component_ref idref="oc-34b"/>
      </symbol>
      <symbol id="sm-799">
         <name>raise</name>
         <value>0x3cad</value>
         <object_component_ref idref="oc-345"/>
      </symbol>
      <symbol id="sm-7b3">
         <name>signal</name>
         <value>0x3b3d</value>
         <object_component_ref idref="oc-355"/>
      </symbol>
      <symbol id="sm-7c8">
         <name>_Dnorm</name>
         <value>0x327d</value>
         <object_component_ref idref="oc-312"/>
      </symbol>
      <symbol id="sm-7ee">
         <name>SysTickEnable</name>
         <value>0x3d91</value>
         <object_component_ref idref="oc-13e"/>
      </symbol>
      <symbol id="sm-7ef">
         <name>SysTickIntRegister</name>
         <value>0x3d29</value>
         <object_component_ref idref="oc-136"/>
      </symbol>
      <symbol id="sm-7f0">
         <name>SysTickIntEnable</name>
         <value>0x3da5</value>
         <object_component_ref idref="oc-13a"/>
      </symbol>
      <symbol id="sm-878">
         <name>SysCtlClockSet</name>
         <value>0x2a4d</value>
         <object_component_ref idref="oc-12e"/>
      </symbol>
      <symbol id="sm-879">
         <name>SysCtlDelay</name>
         <value>0x3e81</value>
         <object_component_ref idref="oc-1ba"/>
      </symbol>
      <symbol id="sm-87a">
         <name>SysCtlPeripheralEnable</name>
         <value>0x3805</value>
         <object_component_ref idref="oc-142"/>
      </symbol>
      <symbol id="sm-87b">
         <name>SysCtlClockGet</name>
         <value>0x2725</value>
         <object_component_ref idref="oc-1db"/>
      </symbol>
      <symbol id="sm-87c">
         <name>SysCtlPeripheralReset</name>
         <value>0x33d9</value>
         <object_component_ref idref="oc-155"/>
      </symbol>
      <symbol id="sm-8b0">
         <name>SSIDataPut</name>
         <value>0x3e4f</value>
         <object_component_ref idref="oc-1d0"/>
      </symbol>
      <symbol id="sm-8b1">
         <name>SSIDataGetNonBlocking</name>
         <value>0x3e17</value>
         <object_component_ref idref="oc-1eb"/>
      </symbol>
      <symbol id="sm-8b2">
         <name>SSIConfigSetExpClk</name>
         <value>0x3a2f</value>
         <object_component_ref idref="oc-1df"/>
      </symbol>
      <symbol id="sm-8b3">
         <name>SSIEnable</name>
         <value>0x3e63</value>
         <object_component_ref idref="oc-1e7"/>
      </symbol>
      <symbol id="sm-8b4">
         <name>SSIBusy</name>
         <value>0x3e6d</value>
         <object_component_ref idref="oc-1cc"/>
      </symbol>
      <symbol id="sm-8b5">
         <name>SSIDisable</name>
         <value>0x3e59</value>
         <object_component_ref idref="oc-1d7"/>
      </symbol>
      <symbol id="sm-8cb">
         <name>IntRegister</name>
         <value>0x3bb9</value>
         <object_component_ref idref="oc-132"/>
      </symbol>
      <symbol id="sm-8cc">
         <name>g_pfnRAMVectors</name>
         <value>0x20000000</value>
         <object_component_ref idref="oc-1c1"/>
      </symbol>
      <symbol id="sm-911">
         <name>GPIOPinTypeGPIOInput</name>
         <value>0x3de1</value>
         <object_component_ref idref="oc-14d"/>
      </symbol>
      <symbol id="sm-912">
         <name>GPIOPinTypeGPIOOutput</name>
         <value>0x3df3</value>
         <object_component_ref idref="oc-164"/>
      </symbol>
      <symbol id="sm-913">
         <name>GPIOPinRead</name>
         <value>0x3e75</value>
         <object_component_ref idref="oc-151"/>
      </symbol>
      <symbol id="sm-914">
         <name>GPIODirModeSet</name>
         <value>0x3c51</value>
         <object_component_ref idref="oc-1fa"/>
      </symbol>
      <symbol id="sm-915">
         <name>GPIOPinWrite</name>
         <value>0x3e7b</value>
         <object_component_ref idref="oc-168"/>
      </symbol>
      <symbol id="sm-916">
         <name>GPIOPadConfigSet</name>
         <value>0x30ed</value>
         <object_component_ref idref="oc-16e"/>
      </symbol>
      <symbol id="sm-917">
         <name>GPIOPinTypeSSI</name>
         <value>0x3e05</value>
         <object_component_ref idref="oc-1e3"/>
      </symbol>
      <symbol id="sm-919">
         <name>__TI_static_base__</name>
         <value>0x0</value>
      </symbol>
      <symbol id="sm-91c">
         <name>SHT$$INIT_ARRAY$$Limit</name>
         <value>0x0</value>
      </symbol>
      <symbol id="sm-91d">
         <name>SHT$$INIT_ARRAY$$Base</name>
         <value>0x0</value>
      </symbol>
   </symbol_table>
   <title>Link successful</title>
</link_info>
