<?xml version="1.0"?>
<link_info>
   <banner>TI ARM Linker PC v5.2.2</banner>
   <copyright>Copyright (c) 1996-2015 Texas Instruments Incorporated</copyright>
   <link_time>0x56442a20</link_time>
   <link_errors>0x0</link_errors>
   <output_file>EECS_388_P6.out</output_file>
   <entry_point>
      <name>_c_int00</name>
      <address>0x4859</address>
   </entry_point>
   <input_file_list>
      <input_file id="fl-2">
         <path>.\</path>
         <kind>object</kind>
         <file>main.obj</file>
         <name>main.obj</name>
      </input_file>
      <input_file id="fl-3">
         <path>.\targetConfigs\</path>
         <kind>object</kind>
         <file>lm3s1968_startup_ccs.obj</file>
         <name>lm3s1968_startup_ccs.obj</name>
      </input_file>
      <input_file id="fl-4">
         <path>.\src\</path>
         <kind>object</kind>
         <file>buttons.obj</file>
         <name>buttons.obj</name>
      </input_file>
      <input_file id="fl-5">
         <path>.\src\</path>
         <kind>object</kind>
         <file>game.obj</file>
         <name>game.obj</name>
      </input_file>
      <input_file id="fl-6">
         <path>.\src\</path>
         <kind>object</kind>
         <file>led.obj</file>
         <name>led.obj</name>
      </input_file>
      <input_file id="fl-7">
         <path>.\src\</path>
         <kind>object</kind>
         <file>oled.obj</file>
         <name>oled.obj</name>
      </input_file>
      <input_file id="fl-8">
         <path>.\src\</path>
         <kind>object</kind>
         <file>system.obj</file>
         <name>system.obj</name>
      </input_file>
      <input_file id="fl-9">
         <path>.\src\LM3S1968_Drivers\</path>
         <kind>object</kind>
         <file>rit128x96x4.obj</file>
         <name>rit128x96x4.obj</name>
      </input_file>
      <input_file id="fl-a">
         <path>.\src\LM3S1968_Drivers\</path>
         <kind>object</kind>
         <file>uartstdio.obj</file>
         <name>uartstdio.obj</name>
      </input_file>
      <input_file id="fl-b">
         <path>.\src\FreeRTOS\</path>
         <kind>object</kind>
         <file>croutine.obj</file>
         <name>croutine.obj</name>
      </input_file>
      <input_file id="fl-c">
         <path>.\src\FreeRTOS\</path>
         <kind>object</kind>
         <file>event_groups.obj</file>
         <name>event_groups.obj</name>
      </input_file>
      <input_file id="fl-d">
         <path>.\src\FreeRTOS\</path>
         <kind>object</kind>
         <file>list.obj</file>
         <name>list.obj</name>
      </input_file>
      <input_file id="fl-e">
         <path>.\src\FreeRTOS\</path>
         <kind>object</kind>
         <file>queue.obj</file>
         <name>queue.obj</name>
      </input_file>
      <input_file id="fl-f">
         <path>.\src\FreeRTOS\</path>
         <kind>object</kind>
         <file>tasks.obj</file>
         <name>tasks.obj</name>
      </input_file>
      <input_file id="fl-10">
         <path>.\src\FreeRTOS\</path>
         <kind>object</kind>
         <file>timers.obj</file>
         <name>timers.obj</name>
      </input_file>
      <input_file id="fl-11">
         <path>.\src\FreeRTOS\portable\CCS6\ARM_CM4F\</path>
         <kind>object</kind>
         <file>port.obj</file>
         <name>port.obj</name>
      </input_file>
      <input_file id="fl-12">
         <path>.\src\FreeRTOS\portable\CCS6\ARM_CM4F\</path>
         <kind>object</kind>
         <file>portasm.obj</file>
         <name>portasm.obj</name>
      </input_file>
      <input_file id="fl-13">
         <path>.\src\FreeRTOS\portable\CCS6\ARM_CM3\</path>
         <kind>object</kind>
         <file>port.obj</file>
         <name>port.obj</name>
      </input_file>
      <input_file id="fl-14">
         <path>.\src\FreeRTOS\portable\CCS6\ARM_CM3\</path>
         <kind>object</kind>
         <file>portasm.obj</file>
         <name>portasm.obj</name>
      </input_file>
      <input_file id="fl-15">
         <path>.\src\FreeRTOS\portable\CCS5\ARM_CM3\</path>
         <kind>object</kind>
         <file>port.obj</file>
         <name>port.obj</name>
      </input_file>
      <input_file id="fl-16">
         <path>.\src\FreeRTOS\portable\CCS5\ARM_CM3\</path>
         <kind>object</kind>
         <file>portasm.obj</file>
         <name>portasm.obj</name>
      </input_file>
      <input_file id="fl-17">
         <path>.\src\FreeRTOS\include\</path>
         <kind>object</kind>
         <file>heap_2.obj</file>
         <name>heap_2.obj</name>
      </input_file>
      <input_file id="fl-13e">
         <path>C:\TI_CodeComposer\ccsv6\tools\compiler\ti-cgt-arm_5.2.2\lib\</path>
         <kind>archive</kind>
         <file>rtsv7M3_T_le_eabi.lib</file>
         <name>boot.obj</name>
      </input_file>
      <input_file id="fl-13f">
         <path>C:\TI_CodeComposer\ccsv6\tools\compiler\ti-cgt-arm_5.2.2\lib\</path>
         <kind>archive</kind>
         <file>rtsv7M3_T_le_eabi.lib</file>
         <name>copy_decompress_none.obj</name>
      </input_file>
      <input_file id="fl-140">
         <path>C:\TI_CodeComposer\ccsv6\tools\compiler\ti-cgt-arm_5.2.2\lib\</path>
         <kind>archive</kind>
         <file>rtsv7M3_T_le_eabi.lib</file>
         <name>copy_decompress_rle.obj</name>
      </input_file>
      <input_file id="fl-141">
         <path>C:\TI_CodeComposer\ccsv6\tools\compiler\ti-cgt-arm_5.2.2\lib\</path>
         <kind>archive</kind>
         <file>rtsv7M3_T_le_eabi.lib</file>
         <name>copy_zero_init.obj</name>
      </input_file>
      <input_file id="fl-142">
         <path>C:\TI_CodeComposer\ccsv6\tools\compiler\ti-cgt-arm_5.2.2\lib\</path>
         <kind>archive</kind>
         <file>rtsv7M3_T_le_eabi.lib</file>
         <name>exit.obj</name>
      </input_file>
      <input_file id="fl-143">
         <path>C:\TI_CodeComposer\ccsv6\tools\compiler\ti-cgt-arm_5.2.2\lib\</path>
         <kind>archive</kind>
         <file>rtsv7M3_T_le_eabi.lib</file>
         <name>memcpy_t2.obj</name>
      </input_file>
      <input_file id="fl-144">
         <path>C:\TI_CodeComposer\ccsv6\tools\compiler\ti-cgt-arm_5.2.2\lib\</path>
         <kind>archive</kind>
         <file>rtsv7M3_T_le_eabi.lib</file>
         <name>memset_t2.obj</name>
      </input_file>
      <input_file id="fl-145">
         <path>C:\TI_CodeComposer\ccsv6\tools\compiler\ti-cgt-arm_5.2.2\lib\</path>
         <kind>archive</kind>
         <file>rtsv7M3_T_le_eabi.lib</file>
         <name>pre_init.obj</name>
      </input_file>
      <input_file id="fl-146">
         <path>C:\TI_CodeComposer\ccsv6\tools\compiler\ti-cgt-arm_5.2.2\lib\</path>
         <kind>archive</kind>
         <file>rtsv7M3_T_le_eabi.lib</file>
         <name>sprintf.obj</name>
      </input_file>
      <input_file id="fl-147">
         <path>C:\TI_CodeComposer\ccsv6\tools\compiler\ti-cgt-arm_5.2.2\lib\</path>
         <kind>archive</kind>
         <file>rtsv7M3_T_le_eabi.lib</file>
         <name>stkdepth_vars.obj</name>
      </input_file>
      <input_file id="fl-148">
         <path>C:\TI_CodeComposer\ccsv6\tools\compiler\ti-cgt-arm_5.2.2\lib\</path>
         <kind>archive</kind>
         <file>rtsv7M3_T_le_eabi.lib</file>
         <name>u_divt2.obj</name>
      </input_file>
      <input_file id="fl-149">
         <path>C:\TI_CodeComposer\ccsv6\tools\compiler\ti-cgt-arm_5.2.2\lib\</path>
         <kind>archive</kind>
         <file>rtsv7M3_T_le_eabi.lib</file>
         <name>_lock.obj</name>
      </input_file>
      <input_file id="fl-14a">
         <path>C:\TI_CodeComposer\ccsv6\tools\compiler\ti-cgt-arm_5.2.2\lib\</path>
         <kind>archive</kind>
         <file>rtsv7M3_T_le_eabi.lib</file>
         <name>_printfi.obj</name>
      </input_file>
      <input_file id="fl-14b">
         <path>C:\TI_CodeComposer\ccsv6\tools\compiler\ti-cgt-arm_5.2.2\lib\</path>
         <kind>archive</kind>
         <file>rtsv7M3_T_le_eabi.lib</file>
         <name>args_main.obj</name>
      </input_file>
      <input_file id="fl-14c">
         <path>C:\TI_CodeComposer\ccsv6\tools\compiler\ti-cgt-arm_5.2.2\lib\</path>
         <kind>archive</kind>
         <file>rtsv7M3_T_le_eabi.lib</file>
         <name>atoi.obj</name>
      </input_file>
      <input_file id="fl-14d">
         <path>C:\TI_CodeComposer\ccsv6\tools\compiler\ti-cgt-arm_5.2.2\lib\</path>
         <kind>archive</kind>
         <file>rtsv7M3_T_le_eabi.lib</file>
         <name>autoinit.obj</name>
      </input_file>
      <input_file id="fl-14e">
         <path>C:\TI_CodeComposer\ccsv6\tools\compiler\ti-cgt-arm_5.2.2\lib\</path>
         <kind>archive</kind>
         <file>rtsv7M3_T_le_eabi.lib</file>
         <name>cpy_tbl.obj</name>
      </input_file>
      <input_file id="fl-14f">
         <path>C:\TI_CodeComposer\ccsv6\tools\compiler\ti-cgt-arm_5.2.2\lib\</path>
         <kind>archive</kind>
         <file>rtsv7M3_T_le_eabi.lib</file>
         <name>ctype.obj</name>
      </input_file>
      <input_file id="fl-150">
         <path>C:\TI_CodeComposer\ccsv6\tools\compiler\ti-cgt-arm_5.2.2\lib\</path>
         <kind>archive</kind>
         <file>rtsv7M3_T_le_eabi.lib</file>
         <name>fd_add_t2.obj</name>
      </input_file>
      <input_file id="fl-151">
         <path>C:\TI_CodeComposer\ccsv6\tools\compiler\ti-cgt-arm_5.2.2\lib\</path>
         <kind>archive</kind>
         <file>rtsv7M3_T_le_eabi.lib</file>
         <name>fd_cmp_t2.obj</name>
      </input_file>
      <input_file id="fl-152">
         <path>C:\TI_CodeComposer\ccsv6\tools\compiler\ti-cgt-arm_5.2.2\lib\</path>
         <kind>archive</kind>
         <file>rtsv7M3_T_le_eabi.lib</file>
         <name>fd_div_t2.obj</name>
      </input_file>
      <input_file id="fl-153">
         <path>C:\TI_CodeComposer\ccsv6\tools\compiler\ti-cgt-arm_5.2.2\lib\</path>
         <kind>archive</kind>
         <file>rtsv7M3_T_le_eabi.lib</file>
         <name>fd_mul_t2.obj</name>
      </input_file>
      <input_file id="fl-154">
         <path>C:\TI_CodeComposer\ccsv6\tools\compiler\ti-cgt-arm_5.2.2\lib\</path>
         <kind>archive</kind>
         <file>rtsv7M3_T_le_eabi.lib</file>
         <name>fd_toi_t2.obj</name>
      </input_file>
      <input_file id="fl-155">
         <path>C:\TI_CodeComposer\ccsv6\tools\compiler\ti-cgt-arm_5.2.2\lib\</path>
         <kind>archive</kind>
         <file>rtsv7M3_T_le_eabi.lib</file>
         <name>frexp.obj</name>
      </input_file>
      <input_file id="fl-156">
         <path>C:\TI_CodeComposer\ccsv6\tools\compiler\ti-cgt-arm_5.2.2\lib\</path>
         <kind>archive</kind>
         <file>rtsv7M3_T_le_eabi.lib</file>
         <name>i_tofd_t2.obj</name>
      </input_file>
      <input_file id="fl-157">
         <path>C:\TI_CodeComposer\ccsv6\tools\compiler\ti-cgt-arm_5.2.2\lib\</path>
         <kind>archive</kind>
         <file>rtsv7M3_T_le_eabi.lib</file>
         <name>ldexp.obj</name>
      </input_file>
      <input_file id="fl-158">
         <path>C:\TI_CodeComposer\ccsv6\tools\compiler\ti-cgt-arm_5.2.2\lib\</path>
         <kind>archive</kind>
         <file>rtsv7M3_T_le_eabi.lib</file>
         <name>ltoa.obj</name>
      </input_file>
      <input_file id="fl-159">
         <path>C:\TI_CodeComposer\ccsv6\tools\compiler\ti-cgt-arm_5.2.2\lib\</path>
         <kind>archive</kind>
         <file>rtsv7M3_T_le_eabi.lib</file>
         <name>memccpy.obj</name>
      </input_file>
      <input_file id="fl-15a">
         <path>C:\TI_CodeComposer\ccsv6\tools\compiler\ti-cgt-arm_5.2.2\lib\</path>
         <kind>archive</kind>
         <file>rtsv7M3_T_le_eabi.lib</file>
         <name>strchr.obj</name>
      </input_file>
      <input_file id="fl-15b">
         <path>C:\TI_CodeComposer\ccsv6\tools\compiler\ti-cgt-arm_5.2.2\lib\</path>
         <kind>archive</kind>
         <file>rtsv7M3_T_le_eabi.lib</file>
         <name>strlen.obj</name>
      </input_file>
      <input_file id="fl-15c">
         <path>C:\TI_CodeComposer\ccsv6\tools\compiler\ti-cgt-arm_5.2.2\lib\</path>
         <kind>archive</kind>
         <file>rtsv7M3_T_le_eabi.lib</file>
         <name>ull_div_t2.obj</name>
      </input_file>
      <input_file id="fl-15d">
         <path>C:\TI_CodeComposer\ccsv6\tools\compiler\ti-cgt-arm_5.2.2\lib\</path>
         <kind>archive</kind>
         <file>rtsv7M3_T_le_eabi.lib</file>
         <name>xdclass.obj</name>
      </input_file>
      <input_file id="fl-15e">
         <path>C:\TI_CodeComposer\ccsv6\tools\compiler\ti-cgt-arm_5.2.2\lib\</path>
         <kind>archive</kind>
         <file>rtsv7M3_T_le_eabi.lib</file>
         <name>xdscale.obj</name>
      </input_file>
      <input_file id="fl-15f">
         <path>C:\TI_CodeComposer\ccsv6\tools\compiler\ti-cgt-arm_5.2.2\lib\</path>
         <kind>archive</kind>
         <file>rtsv7M3_T_le_eabi.lib</file>
         <name>xdunscal.obj</name>
      </input_file>
      <input_file id="fl-160">
         <path>C:\TI_CodeComposer\ccsv6\tools\compiler\ti-cgt-arm_5.2.2\lib\</path>
         <kind>archive</kind>
         <file>rtsv7M3_T_le_eabi.lib</file>
         <name>xferaise.obj</name>
      </input_file>
      <input_file id="fl-161">
         <path>C:\TI_CodeComposer\ccsv6\tools\compiler\ti-cgt-arm_5.2.2\lib\</path>
         <kind>archive</kind>
         <file>rtsv7M3_T_le_eabi.lib</file>
         <name>xvalues.obj</name>
      </input_file>
      <input_file id="fl-162">
         <path>C:\TI_CodeComposer\ccsv6\tools\compiler\ti-cgt-arm_5.2.2\lib\</path>
         <kind>archive</kind>
         <file>rtsv7M3_T_le_eabi.lib</file>
         <name>errno.obj</name>
      </input_file>
      <input_file id="fl-163">
         <path>C:\TI_CodeComposer\ccsv6\tools\compiler\ti-cgt-arm_5.2.2\lib\</path>
         <kind>archive</kind>
         <file>rtsv7M3_T_le_eabi.lib</file>
         <name>feraiseexcept.obj</name>
      </input_file>
      <input_file id="fl-164">
         <path>C:\TI_CodeComposer\ccsv6\tools\compiler\ti-cgt-arm_5.2.2\lib\</path>
         <kind>archive</kind>
         <file>rtsv7M3_T_le_eabi.lib</file>
         <name>raise.obj</name>
      </input_file>
      <input_file id="fl-165">
         <path>C:\TI_CodeComposer\ccsv6\tools\compiler\ti-cgt-arm_5.2.2\lib\</path>
         <kind>archive</kind>
         <file>rtsv7M3_T_le_eabi.lib</file>
         <name>signal.obj</name>
      </input_file>
      <input_file id="fl-166">
         <path>C:\TI_CodeComposer\ccsv6\tools\compiler\ti-cgt-arm_5.2.2\lib\</path>
         <kind>archive</kind>
         <file>rtsv7M3_T_le_eabi.lib</file>
         <name>xdnorm.obj</name>
      </input_file>
      <input_file id="fl-167">
         <path>C:\TI_CodeComposer\StellarisWare-LM3S1968\driverlib\ccs-cm3\Debug\</path>
         <kind>archive</kind>
         <file>driverlib-cm3.lib</file>
         <name>uart.obj</name>
      </input_file>
      <input_file id="fl-168">
         <path>C:\TI_CodeComposer\StellarisWare-LM3S1968\driverlib\ccs-cm3\Debug\</path>
         <kind>archive</kind>
         <file>driverlib-cm3.lib</file>
         <name>systick.obj</name>
      </input_file>
      <input_file id="fl-169">
         <path>C:\TI_CodeComposer\StellarisWare-LM3S1968\driverlib\ccs-cm3\Debug\</path>
         <kind>archive</kind>
         <file>driverlib-cm3.lib</file>
         <name>sysctl.obj</name>
      </input_file>
      <input_file id="fl-16a">
         <path>C:\TI_CodeComposer\StellarisWare-LM3S1968\driverlib\ccs-cm3\Debug\</path>
         <kind>archive</kind>
         <file>driverlib-cm3.lib</file>
         <name>ssi.obj</name>
      </input_file>
      <input_file id="fl-16b">
         <path>C:\TI_CodeComposer\StellarisWare-LM3S1968\driverlib\ccs-cm3\Debug\</path>
         <kind>archive</kind>
         <file>driverlib-cm3.lib</file>
         <name>interrupt.obj</name>
      </input_file>
      <input_file id="fl-16c">
         <path>C:\TI_CodeComposer\StellarisWare-LM3S1968\driverlib\ccs-cm3\Debug\</path>
         <kind>archive</kind>
         <file>driverlib-cm3.lib</file>
         <name>gpio.obj</name>
      </input_file>
      <input_file id="fl-16d">
         <path>C:\TI_CodeComposer\StellarisWare-LM3S1968\driverlib\ccs-cm3\Debug\</path>
         <kind>archive</kind>
         <file>driverlib-cm3.lib</file>
         <name>cpu.obj</name>
      </input_file>
   </input_file_list>
   <object_component_list>
      <object_component id="oc-f">
         <name>.intvecs</name>
         <load_address>0x0</load_address>
         <run_address>0x0</run_address>
         <size>0xf0</size>
         <input_file_ref idref="fl-3"/>
      </object_component>
      <object_component id="oc-215">
         <name>.text</name>
         <load_address>0xf0</load_address>
         <run_address>0xf0</run_address>
         <size>0x109a</size>
         <input_file_ref idref="fl-14a"/>
      </object_component>
      <object_component id="oc-be">
         <name>.text</name>
         <load_address>0x118c</load_address>
         <run_address>0x118c</run_address>
         <size>0x900</size>
         <input_file_ref idref="fl-f"/>
      </object_component>
      <object_component id="oc-ca">
         <name>.text</name>
         <load_address>0x1a8c</load_address>
         <run_address>0x1a8c</run_address>
         <size>0x888</size>
         <input_file_ref idref="fl-7"/>
      </object_component>
      <object_component id="oc-dc">
         <name>.text</name>
         <load_address>0x2314</load_address>
         <run_address>0x2314</run_address>
         <size>0x5b4</size>
         <input_file_ref idref="fl-5"/>
      </object_component>
      <object_component id="oc-147">
         <name>.text</name>
         <load_address>0x28c8</load_address>
         <run_address>0x28c8</run_address>
         <size>0x510</size>
         <input_file_ref idref="fl-9"/>
      </object_component>
      <object_component id="oc-d6">
         <name>.text</name>
         <load_address>0x2dd8</load_address>
         <run_address>0x2dd8</run_address>
         <size>0x2ac</size>
         <input_file_ref idref="fl-4"/>
      </object_component>
      <object_component id="oc-270">
         <name>.text</name>
         <load_address>0x3084</load_address>
         <run_address>0x3084</run_address>
         <size>0x1f4</size>
         <input_file_ref idref="fl-15c"/>
      </object_component>
      <object_component id="oc-29f">
         <name>.text</name>
         <load_address>0x3278</load_address>
         <run_address>0x3278</run_address>
         <size>0x1b6</size>
         <input_file_ref idref="fl-150"/>
      </object_component>
      <object_component id="oc-11b">
         <name>.text</name>
         <load_address>0x3430</load_address>
         <run_address>0x3430</run_address>
         <size>0x1b4</size>
         <input_file_ref idref="fl-17"/>
      </object_component>
      <object_component id="oc-1ea">
         <name>.text:SysCtlClockGet</name>
         <load_address>0x35e4</load_address>
         <run_address>0x35e4</run_address>
         <size>0x198</size>
         <input_file_ref idref="fl-169"/>
      </object_component>
      <object_component id="oc-12e">
         <name>.text:SysCtlClockSet</name>
         <load_address>0x377c</load_address>
         <run_address>0x377c</run_address>
         <size>0x144</size>
         <input_file_ref idref="fl-169"/>
      </object_component>
      <object_component id="oc-285">
         <name>.text</name>
         <load_address>0x38c0</load_address>
         <run_address>0x38c0</run_address>
         <size>0x136</size>
         <input_file_ref idref="fl-152"/>
      </object_component>
      <object_component id="oc-105">
         <name>.text</name>
         <load_address>0x39f6</load_address>
         <run_address>0x39f6</run_address>
         <size>0x12a</size>
         <input_file_ref idref="fl-d"/>
      </object_component>
      <object_component id="oc-2ff">
         <name>.text</name>
         <load_address>0x3b20</load_address>
         <run_address>0x3b20</run_address>
         <size>0x110</size>
         <input_file_ref idref="fl-15e"/>
      </object_component>
      <object_component id="oc-280">
         <name>.text</name>
         <load_address>0x3c30</load_address>
         <run_address>0x3c30</run_address>
         <size>0xfc</size>
         <input_file_ref idref="fl-153"/>
      </object_component>
      <object_component id="oc-ff">
         <name>.text</name>
         <load_address>0x3d2c</load_address>
         <run_address>0x3d2c</run_address>
         <size>0xf0</size>
         <input_file_ref idref="fl-13"/>
      </object_component>
      <object_component id="oc-179">
         <name>.text:GPIOPadConfigSet</name>
         <load_address>0x3e1c</load_address>
         <run_address>0x3e1c</run_address>
         <size>0xc8</size>
         <input_file_ref idref="fl-16c"/>
      </object_component>
      <object_component id="oc-9d">
         <name>.text</name>
         <load_address>0x3ee4</load_address>
         <run_address>0x3ee4</run_address>
         <size>0xc8</size>
         <input_file_ref idref="fl-2"/>
      </object_component>
      <object_component id="oc-323">
         <name>.text</name>
         <load_address>0x3fac</load_address>
         <run_address>0x3fac</run_address>
         <size>0xbe</size>
         <input_file_ref idref="fl-166"/>
      </object_component>
      <object_component id="oc-36">
         <name>.text</name>
         <load_address>0x406a</load_address>
         <run_address>0x406a</run_address>
         <size>0x9c</size>
         <input_file_ref idref="fl-143"/>
      </object_component>
      <object_component id="oc-155">
         <name>.text:SysCtlPeripheralReset</name>
         <load_address>0x4108</load_address>
         <run_address>0x4108</run_address>
         <size>0x88</size>
         <input_file_ref idref="fl-169"/>
      </object_component>
      <object_component id="oc-27b">
         <name>.text:__aeabi_cdcmple</name>
         <load_address>0x4190</load_address>
         <run_address>0x4190</run_address>
         <size>0x86</size>
         <input_file_ref idref="fl-151"/>
      </object_component>
      <object_component id="oc-28a">
         <name>.text:__aeabi_cdrcmple</name>
         <load_address>0x4216</load_address>
         <run_address>0x4216</run_address>
         <size>0x86</size>
         <input_file_ref idref="fl-151"/>
      </object_component>
      <object_component id="oc-10b">
         <name>.text</name>
         <load_address>0x429c</load_address>
         <run_address>0x429c</run_address>
         <size>0x80</size>
         <input_file_ref idref="fl-14"/>
      </object_component>
      <object_component id="oc-4f">
         <name>.text</name>
         <load_address>0x431c</load_address>
         <run_address>0x431c</run_address>
         <size>0x7a</size>
         <input_file_ref idref="fl-144"/>
      </object_component>
      <object_component id="oc-61">
         <name>.text</name>
         <load_address>0x4398</load_address>
         <run_address>0x4398</run_address>
         <size>0x6c</size>
         <input_file_ref idref="fl-14d"/>
      </object_component>
      <object_component id="oc-42">
         <name>.text</name>
         <load_address>0x4404</load_address>
         <run_address>0x4404</run_address>
         <size>0x6a</size>
         <input_file_ref idref="fl-140"/>
      </object_component>
      <object_component id="oc-2f7">
         <name>.text</name>
         <load_address>0x446e</load_address>
         <run_address>0x446e</run_address>
         <size>0x66</size>
         <input_file_ref idref="fl-15f"/>
      </object_component>
      <object_component id="oc-162">
         <name>.text</name>
         <load_address>0x44d4</load_address>
         <run_address>0x44d4</run_address>
         <size>0x60</size>
         <input_file_ref idref="fl-146"/>
      </object_component>
      <object_component id="oc-142">
         <name>.text:SysCtlPeripheralEnable</name>
         <load_address>0x4534</load_address>
         <run_address>0x4534</run_address>
         <size>0x58</size>
         <input_file_ref idref="fl-169"/>
      </object_component>
      <object_component id="oc-294">
         <name>.text</name>
         <load_address>0x458c</load_address>
         <run_address>0x458c</run_address>
         <size>0x56</size>
         <input_file_ref idref="fl-158"/>
      </object_component>
      <object_component id="oc-2c2">
         <name>.text</name>
         <load_address>0x45e4</load_address>
         <run_address>0x45e4</run_address>
         <size>0x4c</size>
         <input_file_ref idref="fl-14c"/>
      </object_component>
      <object_component id="oc-95">
         <name>.text</name>
         <load_address>0x4630</load_address>
         <run_address>0x4630</run_address>
         <size>0x4c</size>
         <input_file_ref idref="fl-14e"/>
      </object_component>
      <object_component id="oc-28f">
         <name>.text</name>
         <load_address>0x467c</load_address>
         <run_address>0x467c</run_address>
         <size>0x48</size>
         <input_file_ref idref="fl-154"/>
      </object_component>
      <object_component id="oc-2aa">
         <name>.text</name>
         <load_address>0x46c4</load_address>
         <run_address>0x46c4</run_address>
         <size>0x46</size>
         <input_file_ref idref="fl-157"/>
      </object_component>
      <object_component id="oc-1ee">
         <name>.text:SSIConfigSetExpClk</name>
         <load_address>0x470a</load_address>
         <run_address>0x470a</run_address>
         <size>0x44</size>
         <input_file_ref idref="fl-16a"/>
      </object_component>
      <object_component id="oc-6d">
         <name>.text</name>
         <load_address>0x4750</load_address>
         <run_address>0x4750</run_address>
         <size>0x44</size>
         <input_file_ref idref="fl-142"/>
      </object_component>
      <object_component id="oc-c4">
         <name>.text</name>
         <load_address>0x4794</load_address>
         <run_address>0x4794</run_address>
         <size>0x44</size>
         <input_file_ref idref="fl-8"/>
      </object_component>
      <object_component id="oc-d0">
         <name>.text</name>
         <load_address>0x47d8</load_address>
         <run_address>0x47d8</run_address>
         <size>0x40</size>
         <input_file_ref idref="fl-6"/>
      </object_component>
      <object_component id="oc-366">
         <name>.text</name>
         <load_address>0x4818</load_address>
         <run_address>0x4818</run_address>
         <size>0x40</size>
         <input_file_ref idref="fl-165"/>
      </object_component>
      <object_component id="oc-24">
         <name>.text</name>
         <load_address>0x4858</load_address>
         <run_address>0x4858</run_address>
         <size>0x3c</size>
         <input_file_ref idref="fl-13e"/>
      </object_component>
      <object_component id="oc-132">
         <name>.text:IntRegister</name>
         <load_address>0x4894</load_address>
         <run_address>0x4894</run_address>
         <size>0x34</size>
         <input_file_ref idref="fl-16b"/>
      </object_component>
      <object_component id="oc-332">
         <name>.text</name>
         <load_address>0x48c8</load_address>
         <run_address>0x48c8</run_address>
         <size>0x34</size>
         <input_file_ref idref="fl-163"/>
      </object_component>
      <object_component id="oc-305">
         <name>.text</name>
         <load_address>0x48fc</load_address>
         <run_address>0x48fc</run_address>
         <size>0x30</size>
         <input_file_ref idref="fl-160"/>
      </object_component>
      <object_component id="oc-209">
         <name>.text:GPIODirModeSet</name>
         <load_address>0x492c</load_address>
         <run_address>0x492c</run_address>
         <size>0x2e</size>
         <input_file_ref idref="fl-16c"/>
      </object_component>
      <object_component id="oc-29a">
         <name>.text</name>
         <load_address>0x495a</load_address>
         <run_address>0x495a</run_address>
         <size>0x2e</size>
         <input_file_ref idref="fl-156"/>
      </object_component>
      <object_component id="oc-356">
         <name>.text</name>
         <load_address>0x4988</load_address>
         <run_address>0x4988</run_address>
         <size>0x2e</size>
         <input_file_ref idref="fl-164"/>
      </object_component>
      <object_component id="oc-2b6">
         <name>.text</name>
         <load_address>0x49b6</load_address>
         <run_address>0x49b6</run_address>
         <size>0x2a</size>
         <input_file_ref idref="fl-15d"/>
      </object_component>
      <object_component id="oc-2a4">
         <name>.text</name>
         <load_address>0x49e0</load_address>
         <run_address>0x49e0</run_address>
         <size>0x22</size>
         <input_file_ref idref="fl-155"/>
      </object_component>
      <object_component id="oc-136">
         <name>.text:SysTickIntRegister</name>
         <load_address>0x4a04</load_address>
         <run_address>0x4a04</run_address>
         <size>0x1c</size>
         <input_file_ref idref="fl-168"/>
      </object_component>
      <object_component id="oc-2bc">
         <name>.text</name>
         <load_address>0x4a20</load_address>
         <run_address>0x4a20</run_address>
         <size>0x1a</size>
         <input_file_ref idref="fl-159"/>
      </object_component>
      <object_component id="oc-67">
         <name>.text</name>
         <load_address>0x4a3c</load_address>
         <run_address>0x4a3c</run_address>
         <size>0x18</size>
         <input_file_ref idref="fl-14b"/>
      </object_component>
      <object_component id="oc-2b0">
         <name>.text</name>
         <load_address>0x4a54</load_address>
         <run_address>0x4a54</run_address>
         <size>0x16</size>
         <input_file_ref idref="fl-15a"/>
      </object_component>
      <object_component id="oc-13e">
         <name>.text:SysTickEnable</name>
         <load_address>0x4a6c</load_address>
         <run_address>0x4a6c</run_address>
         <size>0x14</size>
         <input_file_ref idref="fl-168"/>
      </object_component>
      <object_component id="oc-13a">
         <name>.text:SysTickIntEnable</name>
         <load_address>0x4a80</load_address>
         <run_address>0x4a80</run_address>
         <size>0x14</size>
         <input_file_ref idref="fl-168"/>
      </object_component>
      <object_component id="oc-ea">
         <name>.text</name>
         <load_address>0x4a94</load_address>
         <run_address>0x4a94</run_address>
         <size>0x14</size>
         <input_file_ref idref="fl-149"/>
      </object_component>
      <object_component id="oc-275">
         <name>.text</name>
         <load_address>0x4aa8</load_address>
         <run_address>0x4aa8</run_address>
         <size>0x14</size>
         <input_file_ref idref="fl-15b"/>
      </object_component>
      <object_component id="oc-14d">
         <name>.text:GPIOPinTypeGPIOInput</name>
         <load_address>0x4abc</load_address>
         <run_address>0x4abc</run_address>
         <size>0x12</size>
         <input_file_ref idref="fl-16c"/>
      </object_component>
      <object_component id="oc-16f">
         <name>.text:GPIOPinTypeGPIOOutput</name>
         <load_address>0x4ace</load_address>
         <run_address>0x4ace</run_address>
         <size>0x12</size>
         <input_file_ref idref="fl-16c"/>
      </object_component>
      <object_component id="oc-1f2">
         <name>.text:GPIOPinTypeSSI</name>
         <load_address>0x4ae0</load_address>
         <run_address>0x4ae0</run_address>
         <size>0x12</size>
         <input_file_ref idref="fl-16c"/>
      </object_component>
      <object_component id="oc-1fa">
         <name>.text:SSIDataGetNonBlocking</name>
         <load_address>0x4af2</load_address>
         <run_address>0x4af2</run_address>
         <size>0x12</size>
         <input_file_ref idref="fl-16a"/>
      </object_component>
      <object_component id="oc-12">
         <name>.text:decompress:none</name>
         <load_address>0x4b04</load_address>
         <run_address>0x4b04</run_address>
         <size>0xe</size>
         <input_file_ref idref="fl-13f"/>
      </object_component>
      <object_component id="oc-1e">
         <name>.text:decompress:ZI</name>
         <load_address>0x4b12</load_address>
         <run_address>0x4b12</run_address>
         <size>0xc</size>
         <input_file_ref idref="fl-141"/>
      </object_component>
      <object_component id="oc-2d">
         <name>.text</name>
         <load_address>0x4b1e</load_address>
         <run_address>0x4b1e</run_address>
         <size>0xc</size>
         <input_file_ref idref="fl-3"/>
      </object_component>
      <object_component id="oc-1df">
         <name>.text:SSIDataPut</name>
         <load_address>0x4b2a</load_address>
         <run_address>0x4b2a</run_address>
         <size>0xa</size>
         <input_file_ref idref="fl-16a"/>
      </object_component>
      <object_component id="oc-1e6">
         <name>.text:SSIDisable</name>
         <load_address>0x4b34</load_address>
         <run_address>0x4b34</run_address>
         <size>0xa</size>
         <input_file_ref idref="fl-16a"/>
      </object_component>
      <object_component id="oc-1f6">
         <name>.text:SSIEnable</name>
         <load_address>0x4b3e</load_address>
         <run_address>0x4b3e</run_address>
         <size>0xa</size>
         <input_file_ref idref="fl-16a"/>
      </object_component>
      <object_component id="oc-1db">
         <name>.text:SSIBusy</name>
         <load_address>0x4b48</load_address>
         <run_address>0x4b48</run_address>
         <size>0x8</size>
         <input_file_ref idref="fl-16a"/>
      </object_component>
      <object_component id="oc-151">
         <name>.text:GPIOPinRead</name>
         <load_address>0x4b50</load_address>
         <run_address>0x4b50</run_address>
         <size>0x6</size>
         <input_file_ref idref="fl-16c"/>
      </object_component>
      <object_component id="oc-173">
         <name>.text:GPIOPinWrite</name>
         <load_address>0x4b56</load_address>
         <run_address>0x4b56</run_address>
         <size>0x6</size>
         <input_file_ref idref="fl-16c"/>
      </object_component>
      <object_component id="oc-1c9">
         <name>.text:SysCtlDelay</name>
         <load_address>0x4b5c</load_address>
         <run_address>0x4b5c</run_address>
         <size>0x6</size>
         <input_file_ref idref="fl-169"/>
      </object_component>
      <object_component id="oc-18">
         <name>.text:decompress:rle24</name>
         <load_address>0x4b62</load_address>
         <run_address>0x4b62</run_address>
         <size>0x6</size>
         <input_file_ref idref="fl-140"/>
      </object_component>
      <object_component id="oc-5b">
         <name>.text</name>
         <load_address>0x4b68</load_address>
         <run_address>0x4b68</run_address>
         <size>0x4</size>
         <input_file_ref idref="fl-145"/>
      </object_component>
      <object_component id="oc-202">
         <name>.const:g_pucFont</name>
         <load_address>0x4b6c</load_address>
         <run_address>0x4b6c</run_address>
         <size>0x1e0</size>
         <input_file_ref idref="fl-9"/>
      </object_component>
      <object_component id="oc-313">
         <name>.const:.string:_ctypes_</name>
         <load_address>0x4d4c</load_address>
         <run_address>0x4d4c</run_address>
         <size>0x101</size>
         <input_file_ref idref="fl-14f"/>
      </object_component>
      <object_component id="oc-1c4">
         <name>.const</name>
         <load_address>0x4e4e</load_address>
         <run_address>0x4e4e</run_address>
         <size>0x2</size>
         <input_file_ref idref="fl-17"/>
      </object_component>
      <object_component id="oc-260">
         <name>.const:g_pulXtals</name>
         <load_address>0x4e50</load_address>
         <run_address>0x4e50</run_address>
         <size>0x6c</size>
         <input_file_ref idref="fl-169"/>
      </object_component>
      <object_component id="oc-205">
         <name>.const:.string:g_pucRIT128x96x4Init</name>
         <load_address>0x4ebc</load_address>
         <run_address>0x4ebc</run_address>
         <size>0x4f</size>
         <input_file_ref idref="fl-9"/>
      </object_component>
      <object_component id="oc-1d8">
         <name>.const</name>
         <load_address>0x4f0c</load_address>
         <run_address>0x4f0c</run_address>
         <size>0x40</size>
         <input_file_ref idref="fl-169"/>
      </object_component>
      <object_component id="oc-1ff">
         <name>.const:.string</name>
         <load_address>0x4f4c</load_address>
         <run_address>0x4f4c</run_address>
         <size>0xc</size>
         <input_file_ref idref="fl-9"/>
      </object_component>
      <object_component id="oc-3ad">
         <name>.cinit..data.load</name>
         <load_address>0x4f58</load_address>
         <run_address>0x4f58</run_address>
         <size>0x51</size>
      </object_component>
      <object_component id="oc-3aa">
         <name>__TI_handler_table</name>
         <load_address>0x4fac</load_address>
         <run_address>0x4fac</run_address>
         <size>0xc</size>
      </object_component>
      <object_component id="oc-3ae">
         <name>.cinit..bss.load</name>
         <load_address>0x4fb8</load_address>
         <run_address>0x4fb8</run_address>
         <size>0x8</size>
      </object_component>
      <object_component id="oc-3ac">
         <name>.cinit..vtable.load</name>
         <load_address>0x4fc0</load_address>
         <run_address>0x4fc0</run_address>
         <size>0x8</size>
      </object_component>
      <object_component id="oc-3ab">
         <name>__TI_cinit_table</name>
         <load_address>0x4fc8</load_address>
         <run_address>0x4fc8</run_address>
         <size>0x18</size>
      </object_component>
      <object_component id="oc-1d0">
         <name>.vtable</name>
         <uninitialized>true</uninitialized>
         <run_address>0x20000000</run_address>
         <size>0x26c</size>
         <input_file_ref idref="fl-16b"/>
      </object_component>
      <object_component id="oc-29">
         <name>.stack</name>
         <uninitialized>true</uninitialized>
         <run_address>0x200025a8</run_address>
         <size>0x0</size>
         <input_file_ref idref="fl-13e"/>
      </object_component>
      <object_component id="oc-3af">
         <name>.stack</name>
         <uninitialized>true</uninitialized>
         <run_address>0x200025a8</run_address>
         <size>0x0</size>
      </object_component>
      <object_component id="oc-2a">
         <name>.bss:pulStack</name>
         <uninitialized>true</uninitialized>
         <run_address>0x20002270</run_address>
         <size>0x100</size>
         <input_file_ref idref="fl-3"/>
      </object_component>
      <object_component id="oc-17d">
         <name>.bss:buttonsThisTick</name>
         <uninitialized>true</uninitialized>
         <run_address>0x200024b0</run_address>
         <size>0x30</size>
         <input_file_ref idref="fl-4"/>
      </object_component>
      <object_component id="oc-180">
         <name>.bss:buttonsLastTick</name>
         <uninitialized>true</uninitialized>
         <run_address>0x20002450</run_address>
         <size>0x30</size>
         <input_file_ref idref="fl-4"/>
      </object_component>
      <object_component id="oc-183">
         <name>.bss:buttonsReleased</name>
         <uninitialized>true</uninitialized>
         <run_address>0x20002480</run_address>
         <size>0x30</size>
         <input_file_ref idref="fl-4"/>
      </object_component>
      <object_component id="oc-15f">
         <name>.bss:piecesArray</name>
         <uninitialized>true</uninitialized>
         <run_address>0x20002370</run_address>
         <size>0x90</size>
         <input_file_ref idref="fl-5"/>
      </object_component>
      <object_component id="oc-113">
         <name>.bss:pxReadyTasksLists</name>
         <uninitialized>true</uninitialized>
         <run_address>0x20002400</run_address>
         <size>0x50</size>
         <input_file_ref idref="fl-f"/>
      </object_component>
      <object_component id="oc-1c0">
         <name>.bss:xHeap</name>
         <uninitialized>true</uninitialized>
         <run_address>0x20000270</run_address>
         <size>0x2000</size>
         <input_file_ref idref="fl-17"/>
      </object_component>
      <object_component id="oc-16d">
         <name>.common:totalWormsNeeded</name>
         <uninitialized>true</uninitialized>
         <run_address>0x2000259c</run_address>
         <size>0x4</size>
      </object_component>
      <object_component id="oc-16b">
         <name>.common:wormsFound</name>
         <uninitialized>true</uninitialized>
         <run_address>0x200025a4</run_address>
         <size>0x4</size>
      </object_component>
      <object_component id="oc-16c">
         <name>.common:wormsFed</name>
         <uninitialized>true</uninitialized>
         <run_address>0x200025a0</run_address>
         <size>0x4</size>
      </object_component>
      <object_component id="oc-168">
         <name>.common:messageFlag</name>
         <uninitialized>true</uninitialized>
         <run_address>0x20002590</run_address>
         <size>0x4</size>
      </object_component>
      <object_component id="oc-188">
         <name>.common:PlayerX</name>
         <uninitialized>true</uninitialized>
         <run_address>0x20002584</run_address>
         <size>0x4</size>
      </object_component>
      <object_component id="oc-189">
         <name>.common:PlayerY</name>
         <uninitialized>true</uninitialized>
         <run_address>0x20002588</run_address>
         <size>0x4</size>
      </object_component>
      <object_component id="oc-159">
         <name>.common:Row0</name>
         <uninitialized>true</uninitialized>
         <run_address>0x200024e0</run_address>
         <size>0x14</size>
      </object_component>
      <object_component id="oc-15c">
         <name>.common:Row1</name>
         <uninitialized>true</uninitialized>
         <run_address>0x200024f4</run_address>
         <size>0x14</size>
      </object_component>
      <object_component id="oc-15d">
         <name>.common:Row2</name>
         <uninitialized>true</uninitialized>
         <run_address>0x20002508</run_address>
         <size>0x14</size>
      </object_component>
      <object_component id="oc-15e">
         <name>.common:Row3</name>
         <uninitialized>true</uninitialized>
         <run_address>0x2000251c</run_address>
         <size>0x14</size>
      </object_component>
      <object_component id="oc-1e3">
         <name>.common:g_ulSSIFlags</name>
         <uninitialized>true</uninitialized>
         <run_address>0x2000258c</run_address>
         <size>0x4</size>
      </object_component>
      <object_component id="oc-1fe">
         <name>.common:g_pucBuffer</name>
         <uninitialized>true</uninitialized>
         <run_address>0x2000256c</run_address>
         <size>0x8</size>
      </object_component>
      <object_component id="oc-121">
         <name>.common:xDelayedTaskList1</name>
         <uninitialized>true</uninitialized>
         <run_address>0x20002530</run_address>
         <size>0x14</size>
      </object_component>
      <object_component id="oc-122">
         <name>.common:xDelayedTaskList2</name>
         <uninitialized>true</uninitialized>
         <run_address>0x20002544</run_address>
         <size>0x14</size>
      </object_component>
      <object_component id="oc-119">
         <name>.common:pxDelayedTaskList</name>
         <uninitialized>true</uninitialized>
         <run_address>0x20002594</run_address>
         <size>0x4</size>
      </object_component>
      <object_component id="oc-11a">
         <name>.common:pxOverflowDelayedTaskList</name>
         <uninitialized>true</uninitialized>
         <run_address>0x20002598</run_address>
         <size>0x4</size>
      </object_component>
      <object_component id="oc-116">
         <name>.common:xPendingReadyList</name>
         <uninitialized>true</uninitialized>
         <run_address>0x20002558</run_address>
         <size>0x14</size>
      </object_component>
      <object_component id="oc-1bd">
         <name>.common:xStart</name>
         <uninitialized>true</uninitialized>
         <run_address>0x2000257c</run_address>
         <size>0x8</size>
      </object_component>
      <object_component id="oc-1c3">
         <name>.common:xEnd</name>
         <uninitialized>true</uninitialized>
         <run_address>0x20002574</run_address>
         <size>0x8</size>
      </object_component>
      <object_component id="oc-110">
         <name>.data</name>
         <load_address>0x200036d8</load_address>
         <run_address>0x200036d8</run_address>
         <size>0x2c</size>
         <input_file_ref idref="fl-f"/>
      </object_component>
      <object_component id="oc-18e">
         <name>.data</name>
         <load_address>0x20003704</load_address>
         <run_address>0x20003704</run_address>
         <size>0x8</size>
         <input_file_ref idref="fl-13"/>
      </object_component>
      <object_component id="oc-1ba">
         <name>.data</name>
         <load_address>0x2000370c</load_address>
         <run_address>0x2000370c</run_address>
         <size>0x8</size>
         <input_file_ref idref="fl-17"/>
      </object_component>
      <object_component id="oc-a8">
         <name>.data</name>
         <load_address>0x2000371c</load_address>
         <run_address>0x2000371c</run_address>
         <size>0x8</size>
         <input_file_ref idref="fl-142"/>
      </object_component>
      <object_component id="oc-73">
         <name>.data</name>
         <load_address>0x20003730</load_address>
         <run_address>0x20003730</run_address>
         <size>0x4</size>
         <input_file_ref idref="fl-147"/>
      </object_component>
      <object_component id="oc-a5">
         <name>.data</name>
         <load_address>0x20003714</load_address>
         <run_address>0x20003714</run_address>
         <size>0x8</size>
         <input_file_ref idref="fl-149"/>
      </object_component>
      <object_component id="oc-32d">
         <name>.data</name>
         <load_address>0x20003658</load_address>
         <run_address>0x20003658</run_address>
         <size>0x80</size>
         <input_file_ref idref="fl-161"/>
      </object_component>
      <object_component id="oc-338">
         <name>.data</name>
         <load_address>0x2000372c</load_address>
         <run_address>0x2000372c</run_address>
         <size>0x4</size>
         <input_file_ref idref="fl-162"/>
      </object_component>
      <object_component id="oc-35c">
         <name>.data</name>
         <load_address>0x20003724</load_address>
         <run_address>0x20003724</run_address>
         <size>0x8</size>
         <input_file_ref idref="fl-163"/>
      </object_component>
      <object_component id="oc-377">
         <name>.data:sigtable</name>
         <load_address>0x200035a8</load_address>
         <run_address>0x200035a8</run_address>
         <size>0xb0</size>
         <input_file_ref idref="fl-165"/>
      </object_component>
      <object_component id="oc-1c8">
         <name>.debug_info</name>
         <load_address>0x0</load_address>
         <run_address>0x0</run_address>
         <size>0x28b</size>
         <input_file_ref idref="fl-2"/>
      </object_component>
      <object_component id="oc-9e">
         <name>.debug_info</name>
         <load_address>0x28b</load_address>
         <run_address>0x28b</run_address>
         <size>0x182</size>
         <input_file_ref idref="fl-2"/>
      </object_component>
      <object_component id="oc-19c">
         <name>.debug_info</name>
         <load_address>0x40d</load_address>
         <run_address>0x40d</run_address>
         <size>0x2ab</size>
         <input_file_ref idref="fl-2"/>
      </object_component>
      <object_component id="oc-7c">
         <name>.debug_info</name>
         <load_address>0x6b8</load_address>
         <run_address>0x6b8</run_address>
         <size>0x84</size>
         <input_file_ref idref="fl-2"/>
      </object_component>
      <object_component id="oc-129">
         <name>.debug_info</name>
         <load_address>0x73c</load_address>
         <run_address>0x73c</run_address>
         <size>0x2c</size>
         <input_file_ref idref="fl-2"/>
      </object_component>
      <object_component id="oc-1a6">
         <name>.debug_info</name>
         <load_address>0x768</load_address>
         <run_address>0x768</run_address>
         <size>0x18b</size>
         <input_file_ref idref="fl-2"/>
      </object_component>
      <object_component id="oc-25a">
         <name>.debug_info</name>
         <load_address>0x8f3</load_address>
         <run_address>0x8f3</run_address>
         <size>0x2c</size>
         <input_file_ref idref="fl-2"/>
      </object_component>
      <object_component id="oc-124">
         <name>.debug_info</name>
         <load_address>0x91f</load_address>
         <run_address>0x91f</run_address>
         <size>0xae</size>
         <input_file_ref idref="fl-2"/>
      </object_component>
      <object_component id="oc-21d">
         <name>.debug_info</name>
         <load_address>0x9cd</load_address>
         <run_address>0x9cd</run_address>
         <size>0x4e</size>
         <input_file_ref idref="fl-2"/>
      </object_component>
      <object_component id="oc-1b0">
         <name>.debug_info</name>
         <load_address>0xa1b</load_address>
         <run_address>0xa1b</run_address>
         <size>0x14c</size>
         <input_file_ref idref="fl-2"/>
      </object_component>
      <object_component id="oc-35">
         <name>.debug_info</name>
         <load_address>0xb67</load_address>
         <run_address>0xb67</run_address>
         <size>0xf2</size>
         <input_file_ref idref="fl-3"/>
      </object_component>
      <object_component id="oc-2b">
         <name>.debug_info</name>
         <load_address>0xc59</load_address>
         <run_address>0xc59</run_address>
         <size>0xe2</size>
         <input_file_ref idref="fl-3"/>
      </object_component>
      <object_component id="oc-10">
         <name>.debug_info</name>
         <load_address>0xd3b</load_address>
         <run_address>0xd3b</run_address>
         <size>0xeb</size>
         <input_file_ref idref="fl-3"/>
      </object_component>
      <object_component id="oc-2e">
         <name>.debug_info</name>
         <load_address>0xe26</load_address>
         <run_address>0xe26</run_address>
         <size>0x2ae</size>
         <input_file_ref idref="fl-3"/>
      </object_component>
      <object_component id="oc-187">
         <name>.debug_info</name>
         <load_address>0x10d4</load_address>
         <run_address>0x10d4</run_address>
         <size>0x2b4</size>
         <input_file_ref idref="fl-4"/>
      </object_component>
      <object_component id="oc-17e">
         <name>.debug_info</name>
         <load_address>0x1388</load_address>
         <run_address>0x1388</run_address>
         <size>0xda</size>
         <input_file_ref idref="fl-4"/>
      </object_component>
      <object_component id="oc-181">
         <name>.debug_info</name>
         <load_address>0x1462</load_address>
         <run_address>0x1462</run_address>
         <size>0xda</size>
         <input_file_ref idref="fl-4"/>
      </object_component>
      <object_component id="oc-184">
         <name>.debug_info</name>
         <load_address>0x153c</load_address>
         <run_address>0x153c</run_address>
         <size>0xda</size>
         <input_file_ref idref="fl-4"/>
      </object_component>
      <object_component id="oc-d7">
         <name>.debug_info</name>
         <load_address>0x1616</load_address>
         <run_address>0x1616</run_address>
         <size>0x516</size>
         <input_file_ref idref="fl-4"/>
      </object_component>
      <object_component id="oc-169">
         <name>.debug_info</name>
         <load_address>0x1b2c</load_address>
         <run_address>0x1b2c</run_address>
         <size>0x270</size>
         <input_file_ref idref="fl-5"/>
      </object_component>
      <object_component id="oc-160">
         <name>.debug_info</name>
         <load_address>0x1d9c</load_address>
         <run_address>0x1d9c</run_address>
         <size>0xcf</size>
         <input_file_ref idref="fl-5"/>
      </object_component>
      <object_component id="oc-dd">
         <name>.debug_info</name>
         <load_address>0x1e6b</load_address>
         <run_address>0x1e6b</run_address>
         <size>0x6b1</size>
         <input_file_ref idref="fl-5"/>
      </object_component>
      <object_component id="oc-178">
         <name>.debug_info</name>
         <load_address>0x251c</load_address>
         <run_address>0x251c</run_address>
         <size>0x1e8</size>
         <input_file_ref idref="fl-6"/>
      </object_component>
      <object_component id="oc-d1">
         <name>.debug_info</name>
         <load_address>0x2704</load_address>
         <run_address>0x2704</run_address>
         <size>0x1ac</size>
         <input_file_ref idref="fl-6"/>
      </object_component>
      <object_component id="oc-15a">
         <name>.debug_info</name>
         <load_address>0x28b0</load_address>
         <run_address>0x28b0</run_address>
         <size>0x47d</size>
         <input_file_ref idref="fl-7"/>
      </object_component>
      <object_component id="oc-cb">
         <name>.debug_info</name>
         <load_address>0x2d2d</load_address>
         <run_address>0x2d2d</run_address>
         <size>0x7e0</size>
         <input_file_ref idref="fl-7"/>
      </object_component>
      <object_component id="oc-c5">
         <name>.debug_info</name>
         <load_address>0x350d</load_address>
         <run_address>0x350d</run_address>
         <size>0x19f</size>
         <input_file_ref idref="fl-8"/>
      </object_component>
      <object_component id="oc-1e4">
         <name>.debug_info</name>
         <load_address>0x36ac</load_address>
         <run_address>0x36ac</run_address>
         <size>0x41e</size>
         <input_file_ref idref="fl-9"/>
      </object_component>
      <object_component id="oc-200">
         <name>.debug_info</name>
         <load_address>0x3aca</load_address>
         <run_address>0x3aca</run_address>
         <size>0x164</size>
         <input_file_ref idref="fl-9"/>
      </object_component>
      <object_component id="oc-203">
         <name>.debug_info</name>
         <load_address>0x3c2e</load_address>
         <run_address>0x3c2e</run_address>
         <size>0xf6</size>
         <input_file_ref idref="fl-9"/>
      </object_component>
      <object_component id="oc-206">
         <name>.debug_info</name>
         <load_address>0x3d24</load_address>
         <run_address>0x3d24</run_address>
         <size>0x10c</size>
         <input_file_ref idref="fl-9"/>
      </object_component>
      <object_component id="oc-148">
         <name>.debug_info</name>
         <load_address>0x3e30</load_address>
         <run_address>0x3e30</run_address>
         <size>0xf62</size>
         <input_file_ref idref="fl-9"/>
      </object_component>
      <object_component id="oc-237">
         <name>.debug_info</name>
         <load_address>0x4d92</load_address>
         <run_address>0x4d92</run_address>
         <size>0x48c</size>
         <input_file_ref idref="fl-c"/>
      </object_component>
      <object_component id="oc-1b5">
         <name>.debug_info</name>
         <load_address>0x521e</load_address>
         <run_address>0x521e</run_address>
         <size>0x110</size>
         <input_file_ref idref="fl-c"/>
      </object_component>
      <object_component id="oc-2dd">
         <name>.debug_info</name>
         <load_address>0x532e</load_address>
         <run_address>0x532e</run_address>
         <size>0x39</size>
         <input_file_ref idref="fl-c"/>
      </object_component>
      <object_component id="oc-1a1">
         <name>.debug_info</name>
         <load_address>0x5367</load_address>
         <run_address>0x5367</run_address>
         <size>0x46</size>
         <input_file_ref idref="fl-c"/>
      </object_component>
      <object_component id="oc-2e2">
         <name>.debug_info</name>
         <load_address>0x53ad</load_address>
         <run_address>0x53ad</run_address>
         <size>0x70</size>
         <input_file_ref idref="fl-c"/>
      </object_component>
      <object_component id="oc-194">
         <name>.debug_info</name>
         <load_address>0x541d</load_address>
         <run_address>0x541d</run_address>
         <size>0x138</size>
         <input_file_ref idref="fl-d"/>
      </object_component>
      <object_component id="oc-106">
         <name>.debug_info</name>
         <load_address>0x5555</load_address>
         <run_address>0x5555</run_address>
         <size>0x5a5</size>
         <input_file_ref idref="fl-d"/>
      </object_component>
      <object_component id="oc-117">
         <name>.debug_info</name>
         <load_address>0x5afa</load_address>
         <run_address>0x5afa</run_address>
         <size>0x636</size>
         <input_file_ref idref="fl-f"/>
      </object_component>
      <object_component id="oc-111">
         <name>.debug_info</name>
         <load_address>0x6130</load_address>
         <run_address>0x6130</run_address>
         <size>0x2d8</size>
         <input_file_ref idref="fl-f"/>
      </object_component>
      <object_component id="oc-114">
         <name>.debug_info</name>
         <load_address>0x6408</load_address>
         <run_address>0x6408</run_address>
         <size>0xf9</size>
         <input_file_ref idref="fl-f"/>
      </object_component>
      <object_component id="oc-bf">
         <name>.debug_info</name>
         <load_address>0x6501</load_address>
         <run_address>0x6501</run_address>
         <size>0x23cc</size>
         <input_file_ref idref="fl-f"/>
      </object_component>
      <object_component id="oc-1ab">
         <name>.debug_info</name>
         <load_address>0x88cd</load_address>
         <run_address>0x88cd</run_address>
         <size>0xcd</size>
         <input_file_ref idref="fl-f"/>
      </object_component>
      <object_component id="oc-192">
         <name>.debug_info</name>
         <load_address>0x899a</load_address>
         <run_address>0x899a</run_address>
         <size>0x222</size>
         <input_file_ref idref="fl-13"/>
      </object_component>
      <object_component id="oc-18f">
         <name>.debug_info</name>
         <load_address>0x8bbc</load_address>
         <run_address>0x8bbc</run_address>
         <size>0x140</size>
         <input_file_ref idref="fl-13"/>
      </object_component>
      <object_component id="oc-100">
         <name>.debug_info</name>
         <load_address>0x8cfc</load_address>
         <run_address>0x8cfc</run_address>
         <size>0x8a0</size>
         <input_file_ref idref="fl-13"/>
      </object_component>
      <object_component id="oc-10c">
         <name>.debug_info</name>
         <load_address>0x959c</load_address>
         <run_address>0x959c</run_address>
         <size>0x181</size>
         <input_file_ref idref="fl-14"/>
      </object_component>
      <object_component id="oc-1be">
         <name>.debug_info</name>
         <load_address>0x971d</load_address>
         <run_address>0x971d</run_address>
         <size>0x217</size>
         <input_file_ref idref="fl-17"/>
      </object_component>
      <object_component id="oc-1c1">
         <name>.debug_info</name>
         <load_address>0x9934</load_address>
         <run_address>0x9934</run_address>
         <size>0xe9</size>
         <input_file_ref idref="fl-17"/>
      </object_component>
      <object_component id="oc-1c5">
         <name>.debug_info</name>
         <load_address>0x9a1d</load_address>
         <run_address>0x9a1d</run_address>
         <size>0xfd</size>
         <input_file_ref idref="fl-17"/>
      </object_component>
      <object_component id="oc-1bb">
         <name>.debug_info</name>
         <load_address>0x9b1a</load_address>
         <run_address>0x9b1a</run_address>
         <size>0x105</size>
         <input_file_ref idref="fl-17"/>
      </object_component>
      <object_component id="oc-11c">
         <name>.debug_info</name>
         <load_address>0x9c1f</load_address>
         <run_address>0x9c1f</run_address>
         <size>0x5df</size>
         <input_file_ref idref="fl-17"/>
      </object_component>
      <object_component id="oc-23c">
         <name>.debug_info</name>
         <load_address>0xa1fe</load_address>
         <run_address>0xa1fe</run_address>
         <size>0xa7</size>
         <input_file_ref idref="fl-17"/>
      </object_component>
      <object_component id="oc-27">
         <name>.debug_info</name>
         <load_address>0xa2a5</load_address>
         <run_address>0xa2a5</run_address>
         <size>0x138</size>
         <input_file_ref idref="fl-13e"/>
      </object_component>
      <object_component id="oc-41">
         <name>.debug_info</name>
         <load_address>0xa3dd</load_address>
         <run_address>0xa3dd</run_address>
         <size>0x123</size>
         <input_file_ref idref="fl-13f"/>
      </object_component>
      <object_component id="oc-13">
         <name>.debug_info</name>
         <load_address>0xa500</load_address>
         <run_address>0xa500</run_address>
         <size>0x1c2</size>
         <input_file_ref idref="fl-13f"/>
      </object_component>
      <object_component id="oc-3c">
         <name>.debug_info</name>
         <load_address>0xa6c2</load_address>
         <run_address>0xa6c2</run_address>
         <size>0x46</size>
         <input_file_ref idref="fl-13f"/>
      </object_component>
      <object_component id="oc-82">
         <name>.debug_info</name>
         <load_address>0xa708</load_address>
         <run_address>0xa708</run_address>
         <size>0x2c</size>
         <input_file_ref idref="fl-13f"/>
      </object_component>
      <object_component id="oc-49">
         <name>.debug_info</name>
         <load_address>0xa734</load_address>
         <run_address>0xa734</run_address>
         <size>0x117</size>
         <input_file_ref idref="fl-140"/>
      </object_component>
      <object_component id="oc-43">
         <name>.debug_info</name>
         <load_address>0xa84b</load_address>
         <run_address>0xa84b</run_address>
         <size>0x22a</size>
         <input_file_ref idref="fl-140"/>
      </object_component>
      <object_component id="oc-19">
         <name>.debug_info</name>
         <load_address>0xaa75</load_address>
         <run_address>0xaa75</run_address>
         <size>0x1bc</size>
         <input_file_ref idref="fl-140"/>
      </object_component>
      <object_component id="oc-4a">
         <name>.debug_info</name>
         <load_address>0xac31</load_address>
         <run_address>0xac31</run_address>
         <size>0x39</size>
         <input_file_ref idref="fl-140"/>
      </object_component>
      <object_component id="oc-8c">
         <name>.debug_info</name>
         <load_address>0xac6a</load_address>
         <run_address>0xac6a</run_address>
         <size>0x2c</size>
         <input_file_ref idref="fl-140"/>
      </object_component>
      <object_component id="oc-5a">
         <name>.debug_info</name>
         <load_address>0xac96</load_address>
         <run_address>0xac96</run_address>
         <size>0x112</size>
         <input_file_ref idref="fl-141"/>
      </object_component>
      <object_component id="oc-20">
         <name>.debug_info</name>
         <load_address>0xada8</load_address>
         <run_address>0xada8</run_address>
         <size>0x18d</size>
         <input_file_ref idref="fl-141"/>
      </object_component>
      <object_component id="oc-55">
         <name>.debug_info</name>
         <load_address>0xaf35</load_address>
         <run_address>0xaf35</run_address>
         <size>0x46</size>
         <input_file_ref idref="fl-141"/>
      </object_component>
      <object_component id="oc-ac">
         <name>.debug_info</name>
         <load_address>0xaf7b</load_address>
         <run_address>0xaf7b</run_address>
         <size>0x174</size>
         <input_file_ref idref="fl-142"/>
      </object_component>
      <object_component id="oc-a9">
         <name>.debug_info</name>
         <load_address>0xb0ef</load_address>
         <run_address>0xb0ef</run_address>
         <size>0x119</size>
         <input_file_ref idref="fl-142"/>
      </object_component>
      <object_component id="oc-6e">
         <name>.debug_info</name>
         <load_address>0xb208</load_address>
         <run_address>0xb208</run_address>
         <size>0x1f0</size>
         <input_file_ref idref="fl-142"/>
      </object_component>
      <object_component id="oc-37">
         <name>.debug_info</name>
         <load_address>0xb3f8</load_address>
         <run_address>0xb3f8</run_address>
         <size>0xfa</size>
         <input_file_ref idref="fl-143"/>
      </object_component>
      <object_component id="oc-50">
         <name>.debug_info</name>
         <load_address>0xb4f2</load_address>
         <run_address>0xb4f2</run_address>
         <size>0x12a</size>
         <input_file_ref idref="fl-144"/>
      </object_component>
      <object_component id="oc-5e">
         <name>.debug_info</name>
         <load_address>0xb61c</load_address>
         <run_address>0xb61c</run_address>
         <size>0x12b</size>
         <input_file_ref idref="fl-145"/>
      </object_component>
      <object_component id="oc-21c">
         <name>.debug_info</name>
         <load_address>0xb747</load_address>
         <run_address>0xb747</run_address>
         <size>0x19e</size>
         <input_file_ref idref="fl-146"/>
      </object_component>
      <object_component id="oc-165">
         <name>.debug_info</name>
         <load_address>0xb8e5</load_address>
         <run_address>0xb8e5</run_address>
         <size>0x2e3</size>
         <input_file_ref idref="fl-146"/>
      </object_component>
      <object_component id="oc-2cf">
         <name>.debug_info</name>
         <load_address>0xbbc8</load_address>
         <run_address>0xbbc8</run_address>
         <size>0x2c</size>
         <input_file_ref idref="fl-146"/>
      </object_component>
      <object_component id="oc-74">
         <name>.debug_info</name>
         <load_address>0xbbf4</load_address>
         <run_address>0xbbf4</run_address>
         <size>0xec</size>
         <input_file_ref idref="fl-147"/>
      </object_component>
      <object_component id="oc-f2">
         <name>.debug_info</name>
         <load_address>0xbce0</load_address>
         <run_address>0xbce0</run_address>
         <size>0x107</size>
         <input_file_ref idref="fl-149"/>
      </object_component>
      <object_component id="oc-a6">
         <name>.debug_info</name>
         <load_address>0xbde7</load_address>
         <run_address>0xbde7</run_address>
         <size>0xf6</size>
         <input_file_ref idref="fl-149"/>
      </object_component>
      <object_component id="oc-eb">
         <name>.debug_info</name>
         <load_address>0xbedd</load_address>
         <run_address>0xbedd</run_address>
         <size>0x202</size>
         <input_file_ref idref="fl-149"/>
      </object_component>
      <object_component id="oc-2c9">
         <name>.debug_info</name>
         <load_address>0xc0df</load_address>
         <run_address>0xc0df</run_address>
         <size>0x3ae</size>
         <input_file_ref idref="fl-14a"/>
      </object_component>
      <object_component id="oc-218">
         <name>.debug_info</name>
         <load_address>0xc48d</load_address>
         <run_address>0xc48d</run_address>
         <size>0x1811</size>
         <input_file_ref idref="fl-14a"/>
      </object_component>
      <object_component id="oc-2ca">
         <name>.debug_info</name>
         <load_address>0xdc9e</load_address>
         <run_address>0xdc9e</run_address>
         <size>0x86</size>
         <input_file_ref idref="fl-14a"/>
      </object_component>
      <object_component id="oc-31a">
         <name>.debug_info</name>
         <load_address>0xdd24</load_address>
         <run_address>0xdd24</run_address>
         <size>0x46</size>
         <input_file_ref idref="fl-14a"/>
      </object_component>
      <object_component id="oc-2d4">
         <name>.debug_info</name>
         <load_address>0xdd6a</load_address>
         <run_address>0xdd6a</run_address>
         <size>0x39</size>
         <input_file_ref idref="fl-14a"/>
      </object_component>
      <object_component id="oc-a4">
         <name>.debug_info</name>
         <load_address>0xdda3</load_address>
         <run_address>0xdda3</run_address>
         <size>0x149</size>
         <input_file_ref idref="fl-14b"/>
      </object_component>
      <object_component id="oc-6b">
         <name>.debug_info</name>
         <load_address>0xdeec</load_address>
         <run_address>0xdeec</run_address>
         <size>0x14a</size>
         <input_file_ref idref="fl-14b"/>
      </object_component>
      <object_component id="oc-e5">
         <name>.debug_info</name>
         <load_address>0xe036</load_address>
         <run_address>0xe036</run_address>
         <size>0x5e</size>
         <input_file_ref idref="fl-14b"/>
      </object_component>
      <object_component id="oc-317">
         <name>.debug_info</name>
         <load_address>0xe094</load_address>
         <run_address>0xe094</run_address>
         <size>0xf7</size>
         <input_file_ref idref="fl-14c"/>
      </object_component>
      <object_component id="oc-2c3">
         <name>.debug_info</name>
         <load_address>0xe18b</load_address>
         <run_address>0xe18b</run_address>
         <size>0x154</size>
         <input_file_ref idref="fl-14c"/>
      </object_component>
      <object_component id="oc-9c">
         <name>.debug_info</name>
         <load_address>0xe2df</load_address>
         <run_address>0xe2df</run_address>
         <size>0x2a0</size>
         <input_file_ref idref="fl-14d"/>
      </object_component>
      <object_component id="oc-64">
         <name>.debug_info</name>
         <load_address>0xe57f</load_address>
         <run_address>0xe57f</run_address>
         <size>0x194</size>
         <input_file_ref idref="fl-14d"/>
      </object_component>
      <object_component id="oc-b4">
         <name>.debug_info</name>
         <load_address>0xe713</load_address>
         <run_address>0xe713</run_address>
         <size>0x39</size>
         <input_file_ref idref="fl-14d"/>
      </object_component>
      <object_component id="oc-b9">
         <name>.debug_info</name>
         <load_address>0xe74c</load_address>
         <run_address>0xe74c</run_address>
         <size>0xcd</size>
         <input_file_ref idref="fl-14d"/>
      </object_component>
      <object_component id="oc-b1">
         <name>.debug_info</name>
         <load_address>0xe819</load_address>
         <run_address>0xe819</run_address>
         <size>0x1c3</size>
         <input_file_ref idref="fl-14e"/>
      </object_component>
      <object_component id="oc-98">
         <name>.debug_info</name>
         <load_address>0xe9dc</load_address>
         <run_address>0xe9dc</run_address>
         <size>0x17f</size>
         <input_file_ref idref="fl-14e"/>
      </object_component>
      <object_component id="oc-fa">
         <name>.debug_info</name>
         <load_address>0xeb5b</load_address>
         <run_address>0xeb5b</run_address>
         <size>0x2c</size>
         <input_file_ref idref="fl-14e"/>
      </object_component>
      <object_component id="oc-346">
         <name>.debug_info</name>
         <load_address>0xeb87</load_address>
         <run_address>0xeb87</run_address>
         <size>0xd1</size>
         <input_file_ref idref="fl-14f"/>
      </object_component>
      <object_component id="oc-314">
         <name>.debug_info</name>
         <load_address>0xec58</load_address>
         <run_address>0xec58</run_address>
         <size>0xdd</size>
         <input_file_ref idref="fl-14f"/>
      </object_component>
      <object_component id="oc-2a1">
         <name>.debug_info</name>
         <load_address>0xed35</load_address>
         <run_address>0xed35</run_address>
         <size>0x12d</size>
         <input_file_ref idref="fl-150"/>
      </object_component>
      <object_component id="oc-27e">
         <name>.debug_info</name>
         <load_address>0xee62</load_address>
         <run_address>0xee62</run_address>
         <size>0x109</size>
         <input_file_ref idref="fl-151"/>
      </object_component>
      <object_component id="oc-28c">
         <name>.debug_info</name>
         <load_address>0xef6b</load_address>
         <run_address>0xef6b</run_address>
         <size>0x10b</size>
         <input_file_ref idref="fl-151"/>
      </object_component>
      <object_component id="oc-288">
         <name>.debug_info</name>
         <load_address>0xf076</load_address>
         <run_address>0xf076</run_address>
         <size>0x11b</size>
         <input_file_ref idref="fl-152"/>
      </object_component>
      <object_component id="oc-282">
         <name>.debug_info</name>
         <load_address>0xf191</load_address>
         <run_address>0xf191</run_address>
         <size>0x11b</size>
         <input_file_ref idref="fl-153"/>
      </object_component>
      <object_component id="oc-291">
         <name>.debug_info</name>
         <load_address>0xf2ac</load_address>
         <run_address>0xf2ac</run_address>
         <size>0x10f</size>
         <input_file_ref idref="fl-154"/>
      </object_component>
      <object_component id="oc-2fe">
         <name>.debug_info</name>
         <load_address>0xf3bb</load_address>
         <run_address>0xf3bb</run_address>
         <size>0x16f</size>
         <input_file_ref idref="fl-155"/>
      </object_component>
      <object_component id="oc-2a7">
         <name>.debug_info</name>
         <load_address>0xf52a</load_address>
         <run_address>0xf52a</run_address>
         <size>0x16f</size>
         <input_file_ref idref="fl-155"/>
      </object_component>
      <object_component id="oc-29c">
         <name>.debug_info</name>
         <load_address>0xf699</load_address>
         <run_address>0xf699</run_address>
         <size>0x10d</size>
         <input_file_ref idref="fl-156"/>
      </object_component>
      <object_component id="oc-30c">
         <name>.debug_info</name>
         <load_address>0xf7a6</load_address>
         <run_address>0xf7a6</run_address>
         <size>0x171</size>
         <input_file_ref idref="fl-157"/>
      </object_component>
      <object_component id="oc-2ad">
         <name>.debug_info</name>
         <load_address>0xf917</load_address>
         <run_address>0xf917</run_address>
         <size>0x166</size>
         <input_file_ref idref="fl-157"/>
      </object_component>
      <object_component id="oc-2f4">
         <name>.debug_info</name>
         <load_address>0xfa7d</load_address>
         <run_address>0xfa7d</run_address>
         <size>0x12f</size>
         <input_file_ref idref="fl-158"/>
      </object_component>
      <object_component id="oc-298">
         <name>.debug_info</name>
         <load_address>0xfbac</load_address>
         <run_address>0xfbac</run_address>
         <size>0x1a5</size>
         <input_file_ref idref="fl-158"/>
      </object_component>
      <object_component id="oc-312">
         <name>.debug_info</name>
         <load_address>0xfd51</load_address>
         <run_address>0xfd51</run_address>
         <size>0xd4</size>
         <input_file_ref idref="fl-159"/>
      </object_component>
      <object_component id="oc-2c0">
         <name>.debug_info</name>
         <load_address>0xfe25</load_address>
         <run_address>0xfe25</run_address>
         <size>0x18e</size>
         <input_file_ref idref="fl-159"/>
      </object_component>
      <object_component id="oc-30e">
         <name>.debug_info</name>
         <load_address>0xffb3</load_address>
         <run_address>0xffb3</run_address>
         <size>0xd8</size>
         <input_file_ref idref="fl-15a"/>
      </object_component>
      <object_component id="oc-2b1">
         <name>.debug_info</name>
         <load_address>0x1008b</load_address>
         <run_address>0x1008b</run_address>
         <size>0x1f7</size>
         <input_file_ref idref="fl-15a"/>
      </object_component>
      <object_component id="oc-2ed">
         <name>.debug_info</name>
         <load_address>0x10282</load_address>
         <run_address>0x10282</run_address>
         <size>0xcd</size>
         <input_file_ref idref="fl-15b"/>
      </object_component>
      <object_component id="oc-279">
         <name>.debug_info</name>
         <load_address>0x1034f</load_address>
         <run_address>0x1034f</run_address>
         <size>0x1dd</size>
         <input_file_ref idref="fl-15b"/>
      </object_component>
      <object_component id="oc-273">
         <name>.debug_info</name>
         <load_address>0x1052c</load_address>
         <run_address>0x1052c</run_address>
         <size>0x168</size>
         <input_file_ref idref="fl-15c"/>
      </object_component>
      <object_component id="oc-310">
         <name>.debug_info</name>
         <load_address>0x10694</load_address>
         <run_address>0x10694</run_address>
         <size>0x122</size>
         <input_file_ref idref="fl-15d"/>
      </object_component>
      <object_component id="oc-2b8">
         <name>.debug_info</name>
         <load_address>0x107b6</load_address>
         <run_address>0x107b6</run_address>
         <size>0x157</size>
         <input_file_ref idref="fl-15d"/>
      </object_component>
      <object_component id="oc-331">
         <name>.debug_info</name>
         <load_address>0x1090d</load_address>
         <run_address>0x1090d</run_address>
         <size>0x182</size>
         <input_file_ref idref="fl-15e"/>
      </object_component>
      <object_component id="oc-300">
         <name>.debug_info</name>
         <load_address>0x10a8f</load_address>
         <run_address>0x10a8f</run_address>
         <size>0x194</size>
         <input_file_ref idref="fl-15e"/>
      </object_component>
      <object_component id="oc-34f">
         <name>.debug_info</name>
         <load_address>0x10c23</load_address>
         <run_address>0x10c23</run_address>
         <size>0x86</size>
         <input_file_ref idref="fl-15e"/>
      </object_component>
      <object_component id="oc-32a">
         <name>.debug_info</name>
         <load_address>0x10ca9</load_address>
         <run_address>0x10ca9</run_address>
         <size>0x16c</size>
         <input_file_ref idref="fl-15f"/>
      </object_component>
      <object_component id="oc-2fa">
         <name>.debug_info</name>
         <load_address>0x10e15</load_address>
         <run_address>0x10e15</run_address>
         <size>0x175</size>
         <input_file_ref idref="fl-15f"/>
      </object_component>
      <object_component id="oc-309">
         <name>.debug_info</name>
         <load_address>0x10f8a</load_address>
         <run_address>0x10f8a</run_address>
         <size>0x155</size>
         <input_file_ref idref="fl-160"/>
      </object_component>
      <object_component id="oc-32e">
         <name>.debug_info</name>
         <load_address>0x110df</load_address>
         <run_address>0x110df</run_address>
         <size>0x1b7</size>
         <input_file_ref idref="fl-161"/>
      </object_component>
      <object_component id="oc-339">
         <name>.debug_info</name>
         <load_address>0x11296</load_address>
         <run_address>0x11296</run_address>
         <size>0xd8</size>
         <input_file_ref idref="fl-162"/>
      </object_component>
      <object_component id="oc-375">
[...]
         <value>0x14a1</value>
         <object_component_ref idref="oc-be"/>
      </symbol>
      <symbol id="sm-360">
         <name>xTaskGenericCreate</name>
         <value>0x118d</value>
         <object_component_ref idref="oc-be"/>
      </symbol>
      <symbol id="sm-361">
         <name>pxCurrentTCB</name>
         <value>0x200036d8</value>
         <object_component_ref idref="oc-110"/>
      </symbol>
      <symbol id="sm-362">
         <name>xTaskGetTickCountFromISR</name>
         <value>0x14bd</value>
         <object_component_ref idref="oc-be"/>
      </symbol>
      <symbol id="sm-363">
         <name>vTaskSetTimeOutState</name>
         <value>0x180f</value>
         <object_component_ref idref="oc-be"/>
      </symbol>
      <symbol id="sm-364">
         <name>xTaskIncrementTick</name>
         <value>0x14e1</value>
         <object_component_ref idref="oc-be"/>
      </symbol>
      <symbol id="sm-365">
         <name>xTickCount</name>
         <value>0x200036e0</value>
         <object_component_ref idref="oc-110"/>
      </symbol>
      <symbol id="sm-366">
         <name>vTaskSwitchContext</name>
         <value>0x1601</value>
         <object_component_ref idref="oc-be"/>
      </symbol>
      <symbol id="sm-367">
         <name>uxTaskResetEventItemValue</name>
         <value>0x1a47</value>
         <object_component_ref idref="oc-be"/>
      </symbol>
      <symbol id="sm-368">
         <name>xNextTaskUnblockTime</name>
         <value>0x200036fc</value>
         <object_component_ref idref="oc-110"/>
      </symbol>
      <symbol id="sm-369">
         <name>vTaskPlaceOnUnorderedEventList</name>
         <value>0x16c5</value>
         <object_component_ref idref="oc-be"/>
      </symbol>
      <symbol id="sm-36a">
         <name>xTaskRemoveFromEventList</name>
         <value>0x170b</value>
         <object_component_ref idref="oc-be"/>
      </symbol>
      <symbol id="sm-391">
         <name>vPortSetupTimerInterrupt</name>
         <value>0x3df3</value>
         <object_component_ref idref="oc-ff"/>
      </symbol>
      <symbol id="sm-392">
         <name>vPortEndScheduler</name>
         <value>0x3d9d</value>
         <object_component_ref idref="oc-ff"/>
      </symbol>
      <symbol id="sm-393">
         <name>xPortSysTickCount</name>
         <value>0x20003708</value>
         <object_component_ref idref="oc-18e"/>
      </symbol>
      <symbol id="sm-394">
         <name>xPortSysTickHandler</name>
         <value>0x3dd1</value>
         <object_component_ref idref="oc-ff"/>
      </symbol>
      <symbol id="sm-395">
         <name>vPortYieldFromISR</name>
         <value>0x3d9f</value>
         <object_component_ref idref="oc-ff"/>
      </symbol>
      <symbol id="sm-396">
         <name>pxPortInitialiseStack</name>
         <value>0x3d2d</value>
         <object_component_ref idref="oc-ff"/>
      </symbol>
      <symbol id="sm-397">
         <name>vPortExitCritical</name>
         <value>0x3db9</value>
         <object_component_ref idref="oc-ff"/>
      </symbol>
      <symbol id="sm-398">
         <name>xPortStartScheduler</name>
         <value>0x3d75</value>
         <object_component_ref idref="oc-ff"/>
      </symbol>
      <symbol id="sm-399">
         <name>vPortEnterCritical</name>
         <value>0x3da9</value>
         <object_component_ref idref="oc-ff"/>
      </symbol>
      <symbol id="sm-3a7">
         <name>vPortStartFirstTask</name>
         <value>0x430b</value>
         <object_component_ref idref="oc-10b"/>
      </symbol>
      <symbol id="sm-3a8">
         <name>xPortPendSVHandler</name>
         <value>0x429d</value>
         <object_component_ref idref="oc-10b"/>
      </symbol>
      <symbol id="sm-3a9">
         <name>vPortClearInterruptMask</name>
         <value>0x42e7</value>
         <object_component_ref idref="oc-10b"/>
      </symbol>
      <symbol id="sm-3aa">
         <name>ulPortSetInterruptMask</name>
         <value>0x42d9</value>
         <object_component_ref idref="oc-10b"/>
      </symbol>
      <symbol id="sm-3ab">
         <name>vPortSVCHandler</name>
         <value>0x42ed</value>
         <object_component_ref idref="oc-10b"/>
      </symbol>
      <symbol id="sm-3f0">
         <name>vPortInitialiseBlocks</name>
         <value>0x35c1</value>
         <object_component_ref idref="oc-11b"/>
      </symbol>
      <symbol id="sm-3f1">
         <name>xPortGetFreeHeapSize</name>
         <value>0x35bb</value>
         <object_component_ref idref="oc-11b"/>
      </symbol>
      <symbol id="sm-3f2">
         <name>pvPortMalloc</name>
         <value>0x3431</value>
         <object_component_ref idref="oc-11b"/>
      </symbol>
      <symbol id="sm-3f3">
         <name>vPortFree</name>
         <value>0x3559</value>
         <object_component_ref idref="oc-11b"/>
      </symbol>
      <symbol id="sm-403">
         <name>_c_int00</name>
         <value>0x4859</value>
         <object_component_ref idref="oc-24"/>
      </symbol>
      <symbol id="sm-404">
         <name>__stack</name>
         <value>0x200025a8</value>
         <object_component_ref idref="oc-29"/>
      </symbol>
      <symbol id="sm-41b">
         <name>__TI_decompress_none</name>
         <value>0x4b05</value>
         <object_component_ref idref="oc-12"/>
      </symbol>
      <symbol id="sm-443">
         <name>__TI_decompress_rle24</name>
         <value>0x4b63</value>
         <object_component_ref idref="oc-18"/>
      </symbol>
      <symbol id="sm-455">
         <name>__TI_zero_init</name>
         <value>0x4b13</value>
         <object_component_ref idref="oc-1e"/>
      </symbol>
      <symbol id="sm-474">
         <name>C$$EXIT</name>
         <value>0x4751</value>
         <object_component_ref idref="oc-6d"/>
      </symbol>
      <symbol id="sm-475">
         <name>abort</name>
         <value>0x4755</value>
         <object_component_ref idref="oc-6d"/>
      </symbol>
      <symbol id="sm-476">
         <name>exit</name>
         <value>0x475d</value>
         <object_component_ref idref="oc-6d"/>
      </symbol>
      <symbol id="sm-477">
         <name>__TI_dtors_ptr</name>
         <value>0x20003720</value>
         <object_component_ref idref="oc-a8"/>
      </symbol>
      <symbol id="sm-478">
         <name>__TI_cleanup_ptr</name>
         <value>0x2000371c</value>
         <object_component_ref idref="oc-a8"/>
      </symbol>
      <symbol id="sm-493">
         <name>memcpy</name>
         <value>0x406b</value>
         <object_component_ref idref="oc-36"/>
      </symbol>
      <symbol id="sm-494">
         <name>__aeabi_memcpy</name>
         <value>0x406b</value>
         <object_component_ref idref="oc-36"/>
      </symbol>
      <symbol id="sm-495">
         <name>__aeabi_memcpy8</name>
         <value>0x406b</value>
         <object_component_ref idref="oc-36"/>
      </symbol>
      <symbol id="sm-496">
         <name>__aeabi_memcpy4</name>
         <value>0x406b</value>
         <object_component_ref idref="oc-36"/>
      </symbol>
      <symbol id="sm-4a5">
         <name>__aeabi_memset</name>
         <value>0x431f</value>
         <object_component_ref idref="oc-4f"/>
      </symbol>
      <symbol id="sm-4a6">
         <name>memset</name>
         <value>0x4325</value>
         <object_component_ref idref="oc-4f"/>
      </symbol>
      <symbol id="sm-4a7">
         <name>__aeabi_memset8</name>
         <value>0x431f</value>
         <object_component_ref idref="oc-4f"/>
      </symbol>
      <symbol id="sm-4a8">
         <name>__aeabi_memset4</name>
         <value>0x431f</value>
         <object_component_ref idref="oc-4f"/>
      </symbol>
      <symbol id="sm-4a9">
         <name>__aeabi_memclr8</name>
         <value>0x431d</value>
         <object_component_ref idref="oc-4f"/>
      </symbol>
      <symbol id="sm-4aa">
         <name>__aeabi_memclr4</name>
         <value>0x431d</value>
         <object_component_ref idref="oc-4f"/>
      </symbol>
      <symbol id="sm-4ab">
         <name>__aeabi_memclr</name>
         <value>0x431d</value>
         <object_component_ref idref="oc-4f"/>
      </symbol>
      <symbol id="sm-4b5">
         <name>_system_pre_init</name>
         <value>0x4b69</value>
         <object_component_ref idref="oc-5b"/>
      </symbol>
      <symbol id="sm-4ce">
         <name>sprintf</name>
         <value>0x44d5</value>
         <object_component_ref idref="oc-162"/>
      </symbol>
      <symbol id="sm-4d6">
         <name>main_func_sp</name>
         <value>0x20003730</value>
         <object_component_ref idref="oc-73"/>
      </symbol>
      <symbol id="sm-4f3">
         <name>_nop</name>
         <value>0x4aa3</value>
         <object_component_ref idref="oc-ea"/>
      </symbol>
      <symbol id="sm-4f4">
         <name>_lock</name>
         <value>0x20003714</value>
         <object_component_ref idref="oc-a5"/>
      </symbol>
      <symbol id="sm-4f5">
         <name>_unlock</name>
         <value>0x20003718</value>
         <object_component_ref idref="oc-a5"/>
      </symbol>
      <symbol id="sm-4f6">
         <name>_register_lock</name>
         <value>0x4a9b</value>
         <object_component_ref idref="oc-ea"/>
      </symbol>
      <symbol id="sm-4f7">
         <name>_register_unlock</name>
         <value>0x4a95</value>
         <object_component_ref idref="oc-ea"/>
      </symbol>
      <symbol id="sm-5fc">
         <name>__TI_printfi</name>
         <value>0xe85</value>
         <object_component_ref idref="oc-215"/>
      </symbol>
      <symbol id="sm-611">
         <name>_args_main</name>
         <value>0x4a3d</value>
         <object_component_ref idref="oc-67"/>
      </symbol>
      <symbol id="sm-627">
         <name>atoi</name>
         <value>0x45e5</value>
         <object_component_ref idref="oc-2c2"/>
      </symbol>
      <symbol id="sm-64d">
         <name>__TI_auto_init</name>
         <value>0x4399</value>
         <object_component_ref idref="oc-61"/>
      </symbol>
      <symbol id="sm-667">
         <name>copy_in</name>
         <value>0x4631</value>
         <object_component_ref idref="oc-95"/>
      </symbol>
      <symbol id="sm-672">
         <name>_ctypes_</name>
         <value>0x4d4c</value>
         <object_component_ref idref="oc-313"/>
      </symbol>
      <symbol id="sm-696">
         <name>__aeabi_dsub</name>
         <value>0x3279</value>
         <object_component_ref idref="oc-29f"/>
      </symbol>
      <symbol id="sm-697">
         <name>__aeabi_dadd</name>
         <value>0x3283</value>
         <object_component_ref idref="oc-29f"/>
      </symbol>
      <symbol id="sm-6be">
         <name>__aeabi_cdcmpeq</name>
         <value>0x4191</value>
         <object_component_ref idref="oc-27b"/>
      </symbol>
      <symbol id="sm-6bf">
         <name>__aeabi_cdcmple</name>
         <value>0x4191</value>
         <object_component_ref idref="oc-27b"/>
      </symbol>
      <symbol id="sm-6c0">
         <name>__aeabi_cdrcmple</name>
         <value>0x4217</value>
         <object_component_ref idref="oc-28a"/>
      </symbol>
      <symbol id="sm-6e0">
         <name>__aeabi_ddiv</name>
         <value>0x38c1</value>
         <object_component_ref idref="oc-285"/>
      </symbol>
      <symbol id="sm-6f7">
         <name>__aeabi_dmul</name>
         <value>0x3c31</value>
         <object_component_ref idref="oc-280"/>
      </symbol>
      <symbol id="sm-705">
         <name>__aeabi_d2iz</name>
         <value>0x467d</value>
         <object_component_ref idref="oc-28f"/>
      </symbol>
      <symbol id="sm-712">
         <name>frexp</name>
         <value>0x49e1</value>
         <object_component_ref idref="oc-2a4"/>
      </symbol>
      <symbol id="sm-71e">
         <name>__aeabi_i2d</name>
         <value>0x495b</value>
         <object_component_ref idref="oc-29a"/>
      </symbol>
      <symbol id="sm-72f">
         <name>ldexp</name>
         <value>0x46c5</value>
         <object_component_ref idref="oc-2aa"/>
      </symbol>
      <symbol id="sm-73e">
         <name>ltoa</name>
         <value>0x458d</value>
         <object_component_ref idref="oc-294"/>
      </symbol>
      <symbol id="sm-74e">
         <name>memccpy</name>
         <value>0x4a21</value>
         <object_component_ref idref="oc-2bc"/>
      </symbol>
      <symbol id="sm-75e">
         <name>strchr</name>
         <value>0x4a55</value>
         <object_component_ref idref="oc-2b0"/>
      </symbol>
      <symbol id="sm-76c">
         <name>strlen</name>
         <value>0x4aa9</value>
         <object_component_ref idref="oc-275"/>
      </symbol>
      <symbol id="sm-796">
         <name>__aeabi_uldivmod</name>
         <value>0x3085</value>
         <object_component_ref idref="oc-270"/>
      </symbol>
      <symbol id="sm-7a4">
         <name>_Dclass</name>
         <value>0x49b7</value>
         <object_component_ref idref="oc-2b6"/>
      </symbol>
      <symbol id="sm-7c5">
         <name>_Dscale</name>
         <value>0x3b21</value>
         <object_component_ref idref="oc-2ff"/>
      </symbol>
      <symbol id="sm-7d9">
         <name>_Dunscale</name>
         <value>0x446f</value>
         <object_component_ref idref="oc-2f7"/>
      </symbol>
      <symbol id="sm-7e8">
         <name>_Feraise</name>
         <value>0x48fd</value>
         <object_component_ref idref="oc-305"/>
      </symbol>
      <symbol id="sm-7f8">
         <name>_Rteps</name>
         <value>0x200036b8</value>
         <object_component_ref idref="oc-32d"/>
      </symbol>
      <symbol id="sm-7f9">
         <name>_Zero</name>
         <value>0x200036d0</value>
         <object_component_ref idref="oc-32d"/>
      </symbol>
      <symbol id="sm-7fa">
         <name>_Hugeval</name>
         <value>0x20003678</value>
         <object_component_ref idref="oc-32d"/>
      </symbol>
      <symbol id="sm-7fb">
         <name>_Snan</name>
         <value>0x200036a8</value>
         <object_component_ref idref="oc-32d"/>
      </symbol>
      <symbol id="sm-7fc">
         <name>_Nan</name>
         <value>0x20003698</value>
         <object_component_ref idref="oc-32d"/>
      </symbol>
      <symbol id="sm-7fd">
         <name>_Inf</name>
         <value>0x20003688</value>
         <object_component_ref idref="oc-32d"/>
      </symbol>
      <symbol id="sm-7fe">
         <name>_Xbig</name>
         <value>0x200036c8</value>
         <object_component_ref idref="oc-32d"/>
      </symbol>
      <symbol id="sm-7ff">
         <name>_Eps</name>
         <value>0x20003668</value>
         <object_component_ref idref="oc-32d"/>
      </symbol>
      <symbol id="sm-800">
         <name>_Denorm</name>
         <value>0x20003658</value>
         <object_component_ref idref="oc-32d"/>
      </symbol>
      <symbol id="sm-808">
         <name>_Errno</name>
         <value>0x2000372c</value>
         <object_component_ref idref="oc-338"/>
      </symbol>
      <symbol id="sm-826">
         <name>feraiseexcept</name>
         <value>0x48c9</value>
         <object_component_ref idref="oc-332"/>
      </symbol>
      <symbol id="sm-827">
         <name>_Tls_setup__Fenv</name>
         <value>0x20003728</value>
         <object_component_ref idref="oc-35c"/>
      </symbol>
      <symbol id="sm-828">
         <name>_Fenv</name>
         <value>0x20003724</value>
         <object_component_ref idref="oc-35c"/>
      </symbol>
      <symbol id="sm-83c">
         <name>raise</name>
         <value>0x4989</value>
         <object_component_ref idref="oc-356"/>
      </symbol>
      <symbol id="sm-856">
         <name>signal</name>
         <value>0x4819</value>
         <object_component_ref idref="oc-366"/>
      </symbol>
      <symbol id="sm-86b">
         <name>_Dnorm</name>
         <value>0x3fad</value>
         <object_component_ref idref="oc-323"/>
      </symbol>
      <symbol id="sm-891">
         <name>SysTickEnable</name>
         <value>0x4a6d</value>
         <object_component_ref idref="oc-13e"/>
      </symbol>
      <symbol id="sm-892">
         <name>SysTickIntRegister</name>
         <value>0x4a05</value>
         <object_component_ref idref="oc-136"/>
      </symbol>
      <symbol id="sm-893">
         <name>SysTickIntEnable</name>
         <value>0x4a81</value>
         <object_component_ref idref="oc-13a"/>
      </symbol>
      <symbol id="sm-91b">
         <name>SysCtlClockSet</name>
         <value>0x377d</value>
         <object_component_ref idref="oc-12e"/>
      </symbol>
      <symbol id="sm-91c">
         <name>SysCtlDelay</name>
         <value>0x4b5d</value>
         <object_component_ref idref="oc-1c9"/>
      </symbol>
      <symbol id="sm-91d">
         <name>SysCtlPeripheralEnable</name>
         <value>0x4535</value>
         <object_component_ref idref="oc-142"/>
      </symbol>
      <symbol id="sm-91e">
         <name>SysCtlClockGet</name>
         <value>0x35e5</value>
         <object_component_ref idref="oc-1ea"/>
      </symbol>
      <symbol id="sm-91f">
         <name>SysCtlPeripheralReset</name>
         <value>0x4109</value>
         <object_component_ref idref="oc-155"/>
      </symbol>
      <symbol id="sm-953">
         <name>SSIDataPut</name>
         <value>0x4b2b</value>
         <object_component_ref idref="oc-1df"/>
      </symbol>
      <symbol id="sm-954">
         <name>SSIDataGetNonBlocking</name>
         <value>0x4af3</value>
         <object_component_ref idref="oc-1fa"/>
      </symbol>
      <symbol id="sm-955">
         <name>SSIConfigSetExpClk</name>
         <value>0x470b</value>
         <object_component_ref idref="oc-1ee"/>
      </symbol>
      <symbol id="sm-956">
         <name>SSIEnable</name>
         <value>0x4b3f</value>
         <object_component_ref idref="oc-1f6"/>
      </symbol>
      <symbol id="sm-957">
         <name>SSIBusy</name>
         <value>0x4b49</value>
         <object_component_ref idref="oc-1db"/>
      </symbol>
      <symbol id="sm-958">
         <name>SSIDisable</name>
         <value>0x4b35</value>
         <object_component_ref idref="oc-1e6"/>
      </symbol>
      <symbol id="sm-96e">
         <name>IntRegister</name>
         <value>0x4895</value>
         <object_component_ref idref="oc-132"/>
      </symbol>
      <symbol id="sm-96f">
         <name>g_pfnRAMVectors</name>
         <value>0x20000000</value>
         <object_component_ref idref="oc-1d0"/>
      </symbol>
      <symbol id="sm-9b4">
         <name>GPIOPinTypeGPIOInput</name>
         <value>0x4abd</value>
         <object_component_ref idref="oc-14d"/>
      </symbol>
      <symbol id="sm-9b5">
         <name>GPIOPinTypeGPIOOutput</name>
         <value>0x4acf</value>
         <object_component_ref idref="oc-16f"/>
      </symbol>
      <symbol id="sm-9b6">
         <name>GPIOPinRead</name>
         <value>0x4b51</value>
         <object_component_ref idref="oc-151"/>
      </symbol>
      <symbol id="sm-9b7">
         <name>GPIODirModeSet</name>
         <value>0x492d</value>
         <object_component_ref idref="oc-209"/>
      </symbol>
      <symbol id="sm-9b8">
         <name>GPIOPinWrite</name>
         <value>0x4b57</value>
         <object_component_ref idref="oc-173"/>
      </symbol>
      <symbol id="sm-9b9">
         <name>GPIOPadConfigSet</name>
         <value>0x3e1d</value>
         <object_component_ref idref="oc-179"/>
      </symbol>
      <symbol id="sm-9ba">
         <name>GPIOPinTypeSSI</name>
         <value>0x4ae1</value>
         <object_component_ref idref="oc-1f2"/>
      </symbol>
      <symbol id="sm-9bc">
         <name>__TI_static_base__</name>
         <value>0x0</value>
      </symbol>
      <symbol id="sm-9bf">
         <name>SHT$$INIT_ARRAY$$Limit</name>
         <value>0x0</value>
      </symbol>
      <symbol id="sm-9c0">
         <name>SHT$$INIT_ARRAY$$Base</name>
         <value>0x0</value>
      </symbol>
   </symbol_table>
   <title>Link successful</title>
</link_info>
