******************************************************************************
                  TI ARM Linker PC v5.2.2                      
******************************************************************************
>> Linked Wed Nov 11 23:56:48 2015

OUTPUT FILE NAME:   <EECS_388_P6.out>
ENTRY POINT SYMBOL: "_c_int00"  address: 00004859


MEMORY CONFIGURATION

         name            origin    length      used     unused   attr    fill
----------------------  --------  ---------  --------  --------  ----  --------
  FLASH                 00000000   00040000  00004fe0  0003b020  R  X
  SRAM                  20000000   00010000  00003730  0000c8d0  RW X


SEGMENT ALLOCATION MAP

run origin  load origin   length   init length attrs members
----------  ----------- ---------- ----------- ----- -------
00000000    00000000    00004fe0   00004fe0    r-x
  00000000    00000000    000000f0   000000f0    r-- .intvecs
  000000f0    000000f0    00004a7c   00004a7c    r-x .text
  00004b6c    00004b6c    000003ec   000003ec    r-- .const
  00004f58    00004f58    00000088   00000088    r-- .cinit
20000000    20000000    00003734   00000000    rw-
  20000000    20000000    0000026c   00000000    rw- .vtable
  20000270    20000270    00002338   00000000    rw- .bss
  200025a8    200025a8    00001000   00000000    rw- .stack
  200035a8    200035a8    0000018c   00000000    rw- .data


SECTION ALLOCATION MAP

 output                                  attributes/
section   page    origin      length       input sections
--------  ----  ----------  ----------   ----------------
.intvecs   0    00000000    000000f0     
                  00000000    000000f0     lm3s1968_startup_ccs.obj (.intvecs)

.text      0    000000f0    00004a7c     
                  000000f0    0000109a     rtsv7M3_T_le_eabi.lib : _printfi.obj (.text)
                  0000118a    00000002     --HOLE-- [fill = 0]
                  0000118c    00000900     tasks.obj (.text)
                  00001a8c    00000888     oled.obj (.text)
                  00002314    000005b4     game.obj (.text)
                  000028c8    00000510     rit128x96x4.obj (.text)
                  00002dd8    000002ac     buttons.obj (.text)
                  00003084    000001f4     rtsv7M3_T_le_eabi.lib : ull_div_t2.obj (.text)
                  00003278    000001b6                           : fd_add_t2.obj (.text)
                  0000342e    00000002     --HOLE-- [fill = 0]
                  00003430    000001b4     heap_2.obj (.text)
                  000035e4    00000198     driverlib-cm3.lib : sysctl.obj (.text:SysCtlClockGet)
                  0000377c    00000144                       : sysctl.obj (.text:SysCtlClockSet)
                  000038c0    00000136     rtsv7M3_T_le_eabi.lib : fd_div_t2.obj (.text)
                  000039f6    0000012a     list.obj (.text)
                  00003b20    00000110     rtsv7M3_T_le_eabi.lib : xdscale.obj (.text)
                  00003c30    000000fc                           : fd_mul_t2.obj (.text)
                  00003d2c    000000f0     port.obj (.text)
                  00003e1c    000000c8     driverlib-cm3.lib : gpio.obj (.text:GPIOPadConfigSet)
                  00003ee4    000000c8     main.obj (.text)
                  00003fac    000000be     rtsv7M3_T_le_eabi.lib : xdnorm.obj (.text)
                  0000406a    0000009c                           : memcpy_t2.obj (.text)
                  00004106    00000002     --HOLE-- [fill = 0]
                  00004108    00000088     driverlib-cm3.lib : sysctl.obj (.text:SysCtlPeripheralReset)
                  00004190    00000086     rtsv7M3_T_le_eabi.lib : fd_cmp_t2.obj (.text:__aeabi_cdcmple)
                  00004216    00000086                           : fd_cmp_t2.obj (.text:__aeabi_cdrcmple)
                  0000429c    00000080     portasm.obj (.text)
                  0000431c    0000007a     rtsv7M3_T_le_eabi.lib : memset_t2.obj (.text)
                  00004396    00000002     --HOLE-- [fill = 0]
                  00004398    0000006c                           : autoinit.obj (.text)
                  00004404    0000006a                           : copy_decompress_rle.obj (.text)
                  0000446e    00000066                           : xdunscal.obj (.text)
                  000044d4    00000060                           : sprintf.obj (.text)
                  00004534    00000058     driverlib-cm3.lib : sysctl.obj (.text:SysCtlPeripheralEnable)
                  0000458c    00000056     rtsv7M3_T_le_eabi.lib : ltoa.obj (.text)
                  000045e2    00000002     --HOLE-- [fill = 0]
                  000045e4    0000004c                           : atoi.obj (.text)
                  00004630    0000004c                           : cpy_tbl.obj (.text)
                  0000467c    00000048                           : fd_toi_t2.obj (.text)
                  000046c4    00000046                           : ldexp.obj (.text)
                  0000470a    00000044     driverlib-cm3.lib : ssi.obj (.text:SSIConfigSetExpClk)
                  0000474e    00000002     --HOLE-- [fill = 0]
                  00004750    00000044     rtsv7M3_T_le_eabi.lib : exit.obj (.text)
                  00004794    00000044     system.obj (.text)
                  000047d8    00000040     led.obj (.text)
                  00004818    00000040     rtsv7M3_T_le_eabi.lib : signal.obj (.text)
                  00004858    0000003c                           : boot.obj (.text)
                  00004894    00000034     driverlib-cm3.lib : interrupt.obj (.text:IntRegister)
                  000048c8    00000034     rtsv7M3_T_le_eabi.lib : feraiseexcept.obj (.text)
                  000048fc    00000030                           : xferaise.obj (.text)
                  0000492c    0000002e     driverlib-cm3.lib : gpio.obj (.text:GPIODirModeSet)
                  0000495a    0000002e     rtsv7M3_T_le_eabi.lib : i_tofd_t2.obj (.text)
                  00004988    0000002e                           : raise.obj (.text)
                  000049b6    0000002a                           : xdclass.obj (.text)
                  000049e0    00000022                           : frexp.obj (.text)
                  00004a02    00000002     --HOLE-- [fill = 0]
                  00004a04    0000001c     driverlib-cm3.lib : systick.obj (.text:SysTickIntRegister)
                  00004a20    0000001a     rtsv7M3_T_le_eabi.lib : memccpy.obj (.text)
                  00004a3a    00000002     --HOLE-- [fill = 0]
                  00004a3c    00000018                           : args_main.obj (.text)
                  00004a54    00000016                           : strchr.obj (.text)
                  00004a6a    00000002     --HOLE-- [fill = 0]
                  00004a6c    00000014     driverlib-cm3.lib : systick.obj (.text:SysTickEnable)
                  00004a80    00000014                       : systick.obj (.text:SysTickIntEnable)
                  00004a94    00000014     rtsv7M3_T_le_eabi.lib : _lock.obj (.text)
                  00004aa8    00000014                           : strlen.obj (.text)
                  00004abc    00000012     driverlib-cm3.lib : gpio.obj (.text:GPIOPinTypeGPIOInput)
                  00004ace    00000012                       : gpio.obj (.text:GPIOPinTypeGPIOOutput)
                  00004ae0    00000012                       : gpio.obj (.text:GPIOPinTypeSSI)
                  00004af2    00000012                       : ssi.obj (.text:SSIDataGetNonBlocking)
                  00004b04    0000000e     rtsv7M3_T_le_eabi.lib : copy_decompress_none.obj (.text:decompress:none)
                  00004b12    0000000c                           : copy_zero_init.obj (.text:decompress:ZI)
                  00004b1e    0000000c     lm3s1968_startup_ccs.obj (.text)
                  00004b2a    0000000a     driverlib-cm3.lib : ssi.obj (.text:SSIDataPut)
                  00004b34    0000000a                       : ssi.obj (.text:SSIDisable)
                  00004b3e    0000000a                       : ssi.obj (.text:SSIEnable)
                  00004b48    00000008                       : ssi.obj (.text:SSIBusy)
                  00004b50    00000006                       : gpio.obj (.text:GPIOPinRead)
                  00004b56    00000006                       : gpio.obj (.text:GPIOPinWrite)
                  00004b5c    00000006                       : sysctl.obj (.text:SysCtlDelay)
                  00004b62    00000006     rtsv7M3_T_le_eabi.lib : copy_decompress_rle.obj (.text:decompress:rle24)
                  00004b68    00000004                           : pre_init.obj (.text)

.const     0    00004b6c    000003ec     
                  00004b6c    000001e0     rit128x96x4.obj (.const:g_pucFont)
                  00004d4c    00000101     rtsv7M3_T_le_eabi.lib : ctype.obj (.const:.string:_ctypes_)
                  00004e4d    00000001     --HOLE-- [fill = 0]
                  00004e4e    00000002     heap_2.obj (.const)
                  00004e50    0000006c     driverlib-cm3.lib : sysctl.obj (.const:g_pulXtals)
                  00004ebc    0000004f     rit128x96x4.obj (.const:.string:g_pucRIT128x96x4Init)
                  00004f0b    00000001     --HOLE-- [fill = 0]
                  00004f0c    00000040     driverlib-cm3.lib : sysctl.obj (.const)
                  00004f4c    0000000c     rit128x96x4.obj (.const:.string)

.cinit     0    00004f58    00000088     
                  00004f58    00000051     (.cinit..data.load) [load image, compression = rle]
                  00004fa9    00000003     --HOLE-- [fill = 0]
                  00004fac    0000000c     (__TI_handler_table)
                  00004fb8    00000008     (.cinit..bss.load) [load image, compression = zero_init]
                  00004fc0    00000008     (.cinit..vtable.load) [load image, compression = zero_init]
                  00004fc8    00000018     (__TI_cinit_table)

.init_array 
*          0    00000000    00000000     UNINITIALIZED

.vtable    0    20000000    0000026c     UNINITIALIZED
                  20000000    0000026c     driverlib-cm3.lib : interrupt.obj (.vtable)

.bss       0    20000270    00002338     UNINITIALIZED
                  20000270    00002000     heap_2.obj (.bss:xHeap)
                  20002270    00000100     lm3s1968_startup_ccs.obj (.bss:pulStack)
                  20002370    00000090     game.obj (.bss:piecesArray)
                  20002400    00000050     tasks.obj (.bss:pxReadyTasksLists)
                  20002450    00000030     buttons.obj (.bss:buttonsLastTick)
                  20002480    00000030     buttons.obj (.bss:buttonsReleased)
                  200024b0    00000030     buttons.obj (.bss:buttonsThisTick)
                  200024e0    00000014     (.common:Row0)
                  200024f4    00000014     (.common:Row1)
                  20002508    00000014     (.common:Row2)
                  2000251c    00000014     (.common:Row3)
                  20002530    00000014     (.common:xDelayedTaskList1)
                  20002544    00000014     (.common:xDelayedTaskList2)
                  20002558    00000014     (.common:xPendingReadyList)
                  2000256c    00000008     (.common:g_pucBuffer)
                  20002574    00000008     (.common:xEnd)
                  2000257c    00000008     (.common:xStart)
                  20002584    00000004     (.common:PlayerX)
                  20002588    00000004     (.common:PlayerY)
                  2000258c    00000004     (.common:g_ulSSIFlags)
                  20002590    00000004     (.common:messageFlag)
                  20002594    00000004     (.common:pxDelayedTaskList)
                  20002598    00000004     (.common:pxOverflowDelayedTaskList)
                  2000259c    00000004     (.common:totalWormsNeeded)
                  200025a0    00000004     (.common:wormsFed)
                  200025a4    00000004     (.common:wormsFound)

.TI.noinit 
*          0    20000270    00000000     UNINITIALIZED

.stack     0    200025a8    00001000     UNINITIALIZED
                  200025a8    00001000     --HOLE--

.data      0    200035a8    0000018c     UNINITIALIZED
                  200035a8    000000b0     rtsv7M3_T_le_eabi.lib : signal.obj (.data:sigtable)
                  20003658    00000080                           : xvalues.obj (.data)
                  200036d8    0000002c     tasks.obj (.data)
                  20003704    00000008     port.obj (.data)
                  2000370c    00000008     heap_2.obj (.data)
                  20003714    00000008     rtsv7M3_T_le_eabi.lib : _lock.obj (.data)
                  2000371c    00000008                           : exit.obj (.data)
                  20003724    00000008                           : feraiseexcept.obj (.data)
                  2000372c    00000004                           : errno.obj (.data)
                  20003730    00000004                           : stkdepth_vars.obj (.data)

.TI.persistent 
*          0    200035a8    00000000     UNINITIALIZED


LINKER GENERATED COPY TABLES

__TI_cinit_table @ 00004fc8 records: 3, size/record: 8, table size: 24
	.data: load addr=00004f58, load size=00000051 bytes, run addr=200035a8, run size=0000018c bytes, compression=rle
	.bss: load addr=00004fb8, load size=00000008 bytes, run addr=20000270, run size=00002338 bytes, compression=zero_init
	.vtable: load addr=00004fc0, load size=00000008 bytes, run addr=20000000, run size=0000026c bytes, compression=zero_init


LINKER GENERATED HANDLER TABLE

__TI_handler_table @ 00004fac records: 3, size/record: 4, table size: 12
	index: 0, handler: __TI_zero_init
	index: 1, handler: __TI_decompress_rle24
	index: 2, handler: __TI_decompress_none


GLOBAL SYMBOLS: SORTED ALPHABETICALLY BY Name 

address   name                             
-------   ----                             
00004751  C$$EXIT                          
0000492d  GPIODirModeSet                   
00003e1d  GPIOPadConfigSet                 
00004b51  GPIOPinRead                      
00004abd  GPIOPinTypeGPIOInput             
00004acf  GPIOPinTypeGPIOOutput            
00004ae1  GPIOPinTypeSSI                   
00004b57  GPIOPinWrite                     
00004895  IntRegister                      
000047d9  LEDTask                          
00001bfb  OLEDTask                         
20002584  PlayerX                          
20002588  PlayerY                          
000029d1  RIT128x96x4Clear                 
00002c4f  RIT128x96x4Disable               
00002da1  RIT128x96x4DisplayOff            
00002d6d  RIT128x96x4DisplayOn             
00002bf5  RIT128x96x4Enable                
00002b6d  RIT128x96x4ImageDraw             
00002cc9  RIT128x96x4Init                  
00002a2d  RIT128x96x4StringDraw            
00004b1f  ResetISR                         
200024e0  Row0                             
200024f4  Row1                             
20002508  Row2                             
2000251c  Row3                             
UNDEFED   SHT$$INIT_ARRAY$$Base            
UNDEFED   SHT$$INIT_ARRAY$$Limit           
00004b49  SSIBusy                          
0000470b  SSIConfigSetExpClk               
00004af3  SSIDataGetNonBlocking            
00004b2b  SSIDataPut                       
00004b35  SSIDisable                       
00004b3f  SSIEnable                        
000035e5  SysCtlClockGet                   
0000377d  SysCtlClockSet                   
00004b5d  SysCtlDelay                      
00004535  SysCtlPeripheralEnable           
00004109  SysCtlPeripheralReset            
00004a6d  SysTickEnable                    
00004a81  SysTickIntEnable                 
00004a05  SysTickIntRegister               
000049b7  _Dclass                          
20003658  _Denorm                          
00003fad  _Dnorm                           
00003b21  _Dscale                          
0000446f  _Dunscale                        
20003668  _Eps                             
2000372c  _Errno                           
20003724  _Fenv                            
000048fd  _Feraise                         
20003678  _Hugeval                         
20003688  _Inf                             
20003698  _Nan                             
200036b8  _Rteps                           
200036a8  _Snan                            
20003728  _Tls_setup__Fenv                 
200036c8  _Xbig                            
200036d0  _Zero                            
200035a8  __STACK_END                      
00001000  __STACK_SIZE                     
200027a8  __STACK_TOP                      
00004fc8  __TI_CINIT_Base                  
00004fe0  __TI_CINIT_Limit                 
00004fac  __TI_Handler_Table_Base          
00004fb8  __TI_Handler_Table_Limit         
00004399  __TI_auto_init                   
2000371c  __TI_cleanup_ptr                 
00004b05  __TI_decompress_none             
00004b63  __TI_decompress_rle24            
20003720  __TI_dtors_ptr                   
00000e85  __TI_printfi                     
00000000  __TI_static_base__               
00004b13  __TI_zero_init                   
00004191  __aeabi_cdcmpeq                  
00004191  __aeabi_cdcmple                  
00004217  __aeabi_cdrcmple                 
0000467d  __aeabi_d2iz                     
00003283  __aeabi_dadd                     
000038c1  __aeabi_ddiv                     
00003c31  __aeabi_dmul                     
00003279  __aeabi_dsub                     
0000495b  __aeabi_i2d                      
0000431d  __aeabi_memclr                   
0000431d  __aeabi_memclr4                  
0000431d  __aeabi_memclr8                  
0000406b  __aeabi_memcpy                   
0000406b  __aeabi_memcpy4                  
0000406b  __aeabi_memcpy8                  
0000431f  __aeabi_memset                   
0000431f  __aeabi_memset4                  
0000431f  __aeabi_memset8                  
00003085  __aeabi_uldivmod                 
ffffffff  __binit__                        
ffffffff  __c_args__                       
200025a8  __stack                          
00004a3d  _args_main                       
00004859  _c_int00                         
00004d4c  _ctypes_                         
20003714  _lock                            
00004aa3  _nop                             
00004a9b  _register_lock                   
00004a95  _register_unlock                 
00004b69  _system_pre_init                 
20003718  _unlock                          
00004755  abort                            
000045e5  atoi                             
ffffffff  binit                            
20002450  buttonsLastTick                  
20002480  buttonsReleased                  
00002dd9  buttonsTask                      
200024b0  buttonsThisTick                  
00004631  copy_in                          
00001c19  drawGrid                         
000020e9  drawMessage                      
00001d25  drawPieces                       
0000475d  exit                             
000048c9  feraiseexcept                    
000049e1  frexp                            
20000000  g_pfnRAMVectors                  
00000000  g_pfnVectors                     
00002315  gameTask                         
000025e5  getPlayerCol                     
000025eb  getPlayerRow                     
0000287d  isValid                          
000046c5  ldexp                            
0000458d  ltoa                             
00003ee5  main                             
20003730  main_func_sp                     
00004a21  memccpy                          
0000406b  memcpy                           
00004325  memset                           
20002590  messageFlag                      
20002370  piecesArray                      
00003431  pvPortMalloc                     
200036d8  pxCurrentTCB                     
20002594  pxDelayedTaskList                
20002598  pxOverflowDelayedTaskList        
00003d2d  pxPortInitialiseStack            
20002400  pxReadyTasksLists                
00004989  raise                            
000027a1  removePlayer                     
00002641  setPlayer                        
00004819  signal                           
000044d5  sprintf                          
00001a8d  startScreen                      
00004a55  strchr                           
00004aa9  strlen                           
00004795  systemInit                       
2000259c  totalWormsNeeded                 
000042d9  ulPortSetInterruptMask           
200036dc  uxCurrentNumberOfTasks           
00003ad9  uxListRemove                     
200036ec  uxPendedTicks                    
000014d5  uxTaskGetNumberOfTasks           
200036f8  uxTaskNumber                     
00001a47  uxTaskResetEventItemValue        
200036e4  uxTopReadyPriority               
000039f7  vListInitialise                  
00003a27  vListInitialiseItem              
00003a73  vListInsert                      
00003a37  vListInsertEnd                   
000042e7  vPortClearInterruptMask          
00003d9d  vPortEndScheduler                
00003da9  vPortEnterCritical               
00003db9  vPortExitCritical                
00003559  vPortFree                        
000035c1  vPortInitialiseBlocks            
000042ed  vPortSVCHandler                  
00003df3  vPortSetupTimerInterrupt         
0000430b  vPortStartFirstTask              
00003d9f  vPortYieldFromISR                
00001323  vTaskDelay                       
00001297  vTaskDelayUntil                  
000013a9  vTaskEndScheduler                
0000189f  vTaskMissedYield                 
00001685  vTaskPlaceOnEventList            
000016c5  vTaskPlaceOnUnorderedEventList   
0000180f  vTaskSetTimeOutState             
00001363  vTaskStartScheduler              
000013bb  vTaskSuspendAll                  
00001601  vTaskSwitchContext               
200025a0  wormsFed                         
200025a4  wormsFound                       
20002530  xDelayedTaskList1                
20002544  xDelayedTaskList2                
200036fc  xNextTaskUnblockTime             
200036f4  xNumOfOverflows                  
20002558  xPendingReadyList                
000035bb  xPortGetFreeHeapSize             
0000429d  xPortPendSVHandler               
00003d75  xPortStartScheduler              
20003708  xPortSysTickCount                
00003dd1  xPortSysTickHandler              
200036e8  xSchedulerRunning                
00001835  xTaskCheckForTimeOut             
0000118d  xTaskGenericCreate               
000014a1  xTaskGetTickCount                
000014bd  xTaskGetTickCountFromISR         
000014e1  xTaskIncrementTick               
0000170b  xTaskRemoveFromEventList         
00001799  xTaskRemoveFromUnorderedEventList
000013c5  xTaskResumeAll                   
200036e0  xTickCount                       
200036f0  xYieldPending                    


GLOBAL SYMBOLS: SORTED BY Symbol Address 

address   name                             
-------   ----                             
00000000  __TI_static_base__               
00000000  g_pfnVectors                     
00000e85  __TI_printfi                     
00001000  __STACK_SIZE                     
0000118d  xTaskGenericCreate               
00001297  vTaskDelayUntil                  
00001323  vTaskDelay                       
00001363  vTaskStartScheduler              
000013a9  vTaskEndScheduler                
000013bb  vTaskSuspendAll                  
000013c5  xTaskResumeAll                   
000014a1  xTaskGetTickCount                
000014bd  xTaskGetTickCountFromISR         
000014d5  uxTaskGetNumberOfTasks           
000014e1  xTaskIncrementTick               
00001601  vTaskSwitchContext               
00001685  vTaskPlaceOnEventList            
000016c5  vTaskPlaceOnUnorderedEventList   
0000170b  xTaskRemoveFromEventList         
00001799  xTaskRemoveFromUnorderedEventList
0000180f  vTaskSetTimeOutState             
00001835  xTaskCheckForTimeOut             
0000189f  vTaskMissedYield                 
00001a47  uxTaskResetEventItemValue        
00001a8d  startScreen                      
00001bfb  OLEDTask                         
00001c19  drawGrid                         
00001d25  drawPieces                       
000020e9  drawMessage                      
00002315  gameTask                         
000025e5  getPlayerCol                     
000025eb  getPlayerRow                     
00002641  setPlayer                        
000027a1  removePlayer                     
0000287d  isValid                          
000029d1  RIT128x96x4Clear                 
00002a2d  RIT128x96x4StringDraw            
00002b6d  RIT128x96x4ImageDraw             
00002bf5  RIT128x96x4Enable                
00002c4f  RIT128x96x4Disable               
00002cc9  RIT128x96x4Init                  
00002d6d  RIT128x96x4DisplayOn             
00002da1  RIT128x96x4DisplayOff            
00002dd9  buttonsTask                      
00003085  __aeabi_uldivmod                 
00003279  __aeabi_dsub                     
00003283  __aeabi_dadd                     
00003431  pvPortMalloc                     
00003559  vPortFree                        
000035bb  xPortGetFreeHeapSize             
000035c1  vPortInitialiseBlocks            
000035e5  SysCtlClockGet                   
0000377d  SysCtlClockSet                   
000038c1  __aeabi_ddiv                     
000039f7  vListInitialise                  
00003a27  vListInitialiseItem              
00003a37  vListInsertEnd                   
00003a73  vListInsert                      
00003ad9  uxListRemove                     
00003b21  _Dscale                          
00003c31  __aeabi_dmul                     
00003d2d  pxPortInitialiseStack            
00003d75  xPortStartScheduler              
00003d9d  vPortEndScheduler                
00003d9f  vPortYieldFromISR                
00003da9  vPortEnterCritical               
00003db9  vPortExitCritical                
00003dd1  xPortSysTickHandler              
00003df3  vPortSetupTimerInterrupt         
00003e1d  GPIOPadConfigSet                 
00003ee5  main                             
00003fad  _Dnorm                           
0000406b  __aeabi_memcpy                   
0000406b  __aeabi_memcpy4                  
0000406b  __aeabi_memcpy8                  
0000406b  memcpy                           
00004109  SysCtlPeripheralReset            
00004191  __aeabi_cdcmpeq                  
00004191  __aeabi_cdcmple                  
00004217  __aeabi_cdrcmple                 
0000429d  xPortPendSVHandler               
000042d9  ulPortSetInterruptMask           
000042e7  vPortClearInterruptMask          
000042ed  vPortSVCHandler                  
0000430b  vPortStartFirstTask              
0000431d  __aeabi_memclr                   
0000431d  __aeabi_memclr4                  
0000431d  __aeabi_memclr8                  
0000431f  __aeabi_memset                   
0000431f  __aeabi_memset4                  
0000431f  __aeabi_memset8                  
00004325  memset                           
00004399  __TI_auto_init                   
0000446f  _Dunscale                        
000044d5  sprintf                          
00004535  SysCtlPeripheralEnable           
0000458d  ltoa                             
000045e5  atoi                             
00004631  copy_in                          
0000467d  __aeabi_d2iz                     
000046c5  ldexp                            
0000470b  SSIConfigSetExpClk               
00004751  C$$EXIT                          
00004755  abort                            
0000475d  exit                             
00004795  systemInit                       
000047d9  LEDTask                          
00004819  signal                           
00004859  _c_int00                         
00004895  IntRegister                      
000048c9  feraiseexcept                    
000048fd  _Feraise                         
0000492d  GPIODirModeSet                   
0000495b  __aeabi_i2d                      
00004989  raise                            
000049b7  _Dclass                          
000049e1  frexp                            
00004a05  SysTickIntRegister               
00004a21  memccpy                          
00004a3d  _args_main                       
00004a55  strchr                           
00004a6d  SysTickEnable                    
00004a81  SysTickIntEnable                 
00004a95  _register_unlock                 
00004a9b  _register_lock                   
00004aa3  _nop                             
00004aa9  strlen                           
00004abd  GPIOPinTypeGPIOInput             
00004acf  GPIOPinTypeGPIOOutput            
00004ae1  GPIOPinTypeSSI                   
00004af3  SSIDataGetNonBlocking            
00004b05  __TI_decompress_none             
00004b13  __TI_zero_init                   
00004b1f  ResetISR                         
00004b2b  SSIDataPut                       
00004b35  SSIDisable                       
00004b3f  SSIEnable                        
00004b49  SSIBusy                          
00004b51  GPIOPinRead                      
00004b57  GPIOPinWrite                     
00004b5d  SysCtlDelay                      
00004b63  __TI_decompress_rle24            
00004b69  _system_pre_init                 
00004d4c  _ctypes_                         
00004fac  __TI_Handler_Table_Base          
00004fb8  __TI_Handler_Table_Limit         
00004fc8  __TI_CINIT_Base                  
00004fe0  __TI_CINIT_Limit                 
20000000  g_pfnRAMVectors                  
20002370  piecesArray                      
20002400  pxReadyTasksLists                
20002450  buttonsLastTick                  
20002480  buttonsReleased                  
200024b0  buttonsThisTick                  
200024e0  Row0                             
200024f4  Row1                             
20002508  Row2                             
2000251c  Row3                             
20002530  xDelayedTaskList1                
20002544  xDelayedTaskList2                
20002558  xPendingReadyList                
20002584  PlayerX                          
20002588  PlayerY                          
20002590  messageFlag                      
20002594  pxDelayedTaskList                
20002598  pxOverflowDelayedTaskList        
2000259c  totalWormsNeeded                 
200025a0  wormsFed                         
200025a4  wormsFound                       
200025a8  __stack                          
200027a8  __STACK_TOP                      
200035a8  __STACK_END                      
20003658  _Denorm                          
20003668  _Eps                             
20003678  _Hugeval                         
20003688  _Inf                             
20003698  _Nan                             
200036a8  _Snan                            
200036b8  _Rteps                           
200036c8  _Xbig                            
200036d0  _Zero                            
200036d8  pxCurrentTCB                     
200036dc  uxCurrentNumberOfTasks           
200036e0  xTickCount                       
200036e4  uxTopReadyPriority               
200036e8  xSchedulerRunning                
200036ec  uxPendedTicks                    
200036f0  xYieldPending                    
200036f4  xNumOfOverflows                  
200036f8  uxTaskNumber                     
200036fc  xNextTaskUnblockTime             
20003708  xPortSysTickCount                
20003714  _lock                            
20003718  _unlock                          
2000371c  __TI_cleanup_ptr                 
20003720  __TI_dtors_ptr                   
20003724  _Fenv                            
20003728  _Tls_setup__Fenv                 
2000372c  _Errno                           
20003730  main_func_sp                     
ffffffff  __binit__                        
ffffffff  __c_args__                       
ffffffff  binit                            
UNDEFED   SHT$$INIT_ARRAY$$Base            
UNDEFED   SHT$$INIT_ARRAY$$Limit           

[205 symbols]
