******************************************************************************
                  TI ARM Linker PC v5.2.2                      
******************************************************************************
>> Linked Mon Nov 16 15:58:04 2015

OUTPUT FILE NAME:   <EECS_388_P6.out>
ENTRY POINT SYMBOL: "_c_int00"  address: 00004855


MEMORY CONFIGURATION

         name            origin    length      used     unused   attr    fill
----------------------  --------  ---------  --------  --------  ----  --------
  FLASH                 00000000   00040000  00004fdc  0003b024  R  X
  SRAM                  20000000   00010000  00003730  0000c8d0  RW X


SEGMENT ALLOCATION MAP

run origin  load origin   length   init length attrs members
----------  ----------- ---------- ----------- ----- -------
00000000    00000000    00004fe0   00004fe0    r-x
  00000000    00000000    000000f0   000000f0    r-- .intvecs
  000000f0    000000f0    00004a78   00004a78    r-x .text
  00004b68    00004b68    000003ec   000003ec    r-- .const
  00004f58    00004f58    00000088   00000088    r-- .cinit
20000000    20000000    00003734   00000000    rw-
  20000000    20000000    0000026c   00000000    rw- .vtable
  20000270    20000270    00002338   00000000    rw- .bss
  200025a8    200025a8    00001000   00000000    rw- .stack
  200035a8    200035a8    0000018c   00000000    rw- .data


SECTION ALLOCATION MAP

 output                                  attributes/
section   page    origin      length       input sections
--------  ----  ----------  ----------   ----------------
.intvecs   0    00000000    000000f0     
                  00000000    000000f0     lm3s1968_startup_ccs.obj (.intvecs)

.text      0    000000f0    00004a78     
                  000000f0    0000109a     rtsv7M3_T_le_eabi.lib : _printfi.obj (.text)
                  0000118a    00000002     --HOLE-- [fill = 0]
                  0000118c    00000900     tasks.obj (.text)
                  00001a8c    00000884     oled.obj (.text)
                  00002310    000005b4     game.obj (.text)
                  000028c4    00000510     rit128x96x4.obj (.text)
                  00002dd4    000002ac     buttons.obj (.text)
                  00003080    000001f4     rtsv7M3_T_le_eabi.lib : ull_div_t2.obj (.text)
                  00003274    000001b6                           : fd_add_t2.obj (.text)
                  0000342a    00000002     --HOLE-- [fill = 0]
                  0000342c    000001b4     heap_2.obj (.text)
                  000035e0    00000198     driverlib-cm3.lib : sysctl.obj (.text:SysCtlClockGet)
                  00003778    00000144                       : sysctl.obj (.text:SysCtlClockSet)
                  000038bc    00000136     rtsv7M3_T_le_eabi.lib : fd_div_t2.obj (.text)
                  000039f2    0000012a     list.obj (.text)
                  00003b1c    00000110     rtsv7M3_T_le_eabi.lib : xdscale.obj (.text)
                  00003c2c    000000fc                           : fd_mul_t2.obj (.text)
                  00003d28    000000f0     port.obj (.text)
                  00003e18    000000c8     driverlib-cm3.lib : gpio.obj (.text:GPIOPadConfigSet)
                  00003ee0    000000c8     main.obj (.text)
                  00003fa8    000000be     rtsv7M3_T_le_eabi.lib : xdnorm.obj (.text)
                  00004066    0000009c                           : memcpy_t2.obj (.text)
                  00004102    00000002     --HOLE-- [fill = 0]
                  00004104    00000088     driverlib-cm3.lib : sysctl.obj (.text:SysCtlPeripheralReset)
                  0000418c    00000086     rtsv7M3_T_le_eabi.lib : fd_cmp_t2.obj (.text:__aeabi_cdcmple)
                  00004212    00000086                           : fd_cmp_t2.obj (.text:__aeabi_cdrcmple)
                  00004298    00000080     portasm.obj (.text)
                  00004318    0000007a     rtsv7M3_T_le_eabi.lib : memset_t2.obj (.text)
                  00004392    00000002     --HOLE-- [fill = 0]
                  00004394    0000006c                           : autoinit.obj (.text)
                  00004400    0000006a                           : copy_decompress_rle.obj (.text)
                  0000446a    00000066                           : xdunscal.obj (.text)
                  000044d0    00000060                           : sprintf.obj (.text)
                  00004530    00000058     driverlib-cm3.lib : sysctl.obj (.text:SysCtlPeripheralEnable)
                  00004588    00000056     rtsv7M3_T_le_eabi.lib : ltoa.obj (.text)
                  000045de    00000002     --HOLE-- [fill = 0]
                  000045e0    0000004c                           : atoi.obj (.text)
                  0000462c    0000004c                           : cpy_tbl.obj (.text)
                  00004678    00000048                           : fd_toi_t2.obj (.text)
                  000046c0    00000046                           : ldexp.obj (.text)
                  00004706    00000044     driverlib-cm3.lib : ssi.obj (.text:SSIConfigSetExpClk)
                  0000474a    00000002     --HOLE-- [fill = 0]
                  0000474c    00000044     rtsv7M3_T_le_eabi.lib : exit.obj (.text)
                  00004790    00000044     system.obj (.text)
                  000047d4    00000040     led.obj (.text)
                  00004814    00000040     rtsv7M3_T_le_eabi.lib : signal.obj (.text)
                  00004854    0000003c                           : boot.obj (.text)
                  00004890    00000034     driverlib-cm3.lib : interrupt.obj (.text:IntRegister)
                  000048c4    00000034     rtsv7M3_T_le_eabi.lib : feraiseexcept.obj (.text)
                  000048f8    00000030                           : xferaise.obj (.text)
                  00004928    0000002e     driverlib-cm3.lib : gpio.obj (.text:GPIODirModeSet)
                  00004956    0000002e     rtsv7M3_T_le_eabi.lib : i_tofd_t2.obj (.text)
                  00004984    0000002e                           : raise.obj (.text)
                  000049b2    0000002a                           : xdclass.obj (.text)
                  000049dc    00000022                           : frexp.obj (.text)
                  000049fe    00000002     --HOLE-- [fill = 0]
                  00004a00    0000001c     driverlib-cm3.lib : systick.obj (.text:SysTickIntRegister)
                  00004a1c    0000001a     rtsv7M3_T_le_eabi.lib : memccpy.obj (.text)
                  00004a36    00000002     --HOLE-- [fill = 0]
                  00004a38    00000018                           : args_main.obj (.text)
                  00004a50    00000016                           : strchr.obj (.text)
                  00004a66    00000002     --HOLE-- [fill = 0]
                  00004a68    00000014     driverlib-cm3.lib : systick.obj (.text:SysTickEnable)
                  00004a7c    00000014                       : systick.obj (.text:SysTickIntEnable)
                  00004a90    00000014     rtsv7M3_T_le_eabi.lib : _lock.obj (.text)
                  00004aa4    00000014                           : strlen.obj (.text)
                  00004ab8    00000012     driverlib-cm3.lib : gpio.obj (.text:GPIOPinTypeGPIOInput)
                  00004aca    00000012                       : gpio.obj (.text:GPIOPinTypeGPIOOutput)
                  00004adc    00000012                       : gpio.obj (.text:GPIOPinTypeSSI)
                  00004aee    00000012                       : ssi.obj (.text:SSIDataGetNonBlocking)
                  00004b00    0000000e     rtsv7M3_T_le_eabi.lib : copy_decompress_none.obj (.text:decompress:none)
                  00004b0e    0000000c                           : copy_zero_init.obj (.text:decompress:ZI)
                  00004b1a    0000000c     lm3s1968_startup_ccs.obj (.text)
                  00004b26    0000000a     driverlib-cm3.lib : ssi.obj (.text:SSIDataPut)
                  00004b30    0000000a                       : ssi.obj (.text:SSIDisable)
                  00004b3a    0000000a                       : ssi.obj (.text:SSIEnable)
                  00004b44    00000008                       : ssi.obj (.text:SSIBusy)
                  00004b4c    00000006                       : gpio.obj (.text:GPIOPinRead)
                  00004b52    00000006                       : gpio.obj (.text:GPIOPinWrite)
                  00004b58    00000006                       : sysctl.obj (.text:SysCtlDelay)
                  00004b5e    00000006     rtsv7M3_T_le_eabi.lib : copy_decompress_rle.obj (.text:decompress:rle24)
                  00004b64    00000004                           : pre_init.obj (.text)

.const     0    00004b68    000003ec     
                  00004b68    000001e0     rit128x96x4.obj (.const:g_pucFont)
                  00004d48    00000101     rtsv7M3_T_le_eabi.lib : ctype.obj (.const:.string:_ctypes_)
                  00004e49    00000001     --HOLE-- [fill = 0]
                  00004e4a    00000002     heap_2.obj (.const)
                  00004e4c    0000006c     driverlib-cm3.lib : sysctl.obj (.const:g_pulXtals)
                  00004eb8    0000004f     rit128x96x4.obj (.const:.string:g_pucRIT128x96x4Init)
                  00004f07    00000001     --HOLE-- [fill = 0]
                  00004f08    00000040     driverlib-cm3.lib : sysctl.obj (.const)
                  00004f48    0000000c     rit128x96x4.obj (.const:.string)

.cinit     0    00004f58    00000088     
                  00004f58    00000051     (.cinit..data.load) [load image, compression = rle]
                  00004fa9    00000003     --HOLE-- [fill = 0]
                  00004fac    0000000c     (__TI_handler_table)
                  00004fb8    00000008     (.cinit..bss.load) [load image, compression = zero_init]
                  00004fc0    00000008     (.cinit..vtable.load) [load image, compression = zero_init]
                  00004fc8    00000018     (__TI_cinit_table)

.init_array 
*          0    00000000    00000000     UNINITIALIZED

.vtable    0    20000000    0000026c     UNINITIALIZED
                  20000000    0000026c     driverlib-cm3.lib : interrupt.obj (.vtable)

.bss       0    20000270    00002338     UNINITIALIZED
                  20000270    00002000     heap_2.obj (.bss:xHeap)
                  20002270    00000100     lm3s1968_startup_ccs.obj (.bss:pulStack)
                  20002370    00000090     game.obj (.bss:piecesArray)
                  20002400    00000050     tasks.obj (.bss:pxReadyTasksLists)
                  20002450    00000030     buttons.obj (.bss:buttonsLastTick)
                  20002480    00000030     buttons.obj (.bss:buttonsReleased)
                  200024b0    00000030     buttons.obj (.bss:buttonsThisTick)
                  200024e0    00000014     (.common:Row0)
                  200024f4    00000014     (.common:Row1)
                  20002508    00000014     (.common:Row2)
                  2000251c    00000014     (.common:Row3)
                  20002530    00000014     (.common:xDelayedTaskList1)
                  20002544    00000014     (.common:xDelayedTaskList2)
                  20002558    00000014     (.common:xPendingReadyList)
                  2000256c    00000008     (.common:g_pucBuffer)
                  20002574    00000008     (.common:xEnd)
                  2000257c    00000008     (.common:xStart)
                  20002584    00000004     (.common:PlayerX)
                  20002588    00000004     (.common:PlayerY)
                  2000258c    00000004     (.common:g_ulSSIFlags)
                  20002590    00000004     (.common:messageFlag)
                  20002594    00000004     (.common:pxDelayedTaskList)
                  20002598    00000004     (.common:pxOverflowDelayedTaskList)
                  2000259c    00000004     (.common:totalWormsNeeded)
                  200025a0    00000004     (.common:wormsFed)
                  200025a4    00000004     (.common:wormsFound)

.TI.noinit 
*          0    20000270    00000000     UNINITIALIZED

.stack     0    200025a8    00001000     UNINITIALIZED
                  200025a8    00001000     --HOLE--

.data      0    200035a8    0000018c     UNINITIALIZED
                  200035a8    000000b0     rtsv7M3_T_le_eabi.lib : signal.obj (.data:sigtable)
                  20003658    00000080                           : xvalues.obj (.data)
                  200036d8    0000002c     tasks.obj (.data)
                  20003704    00000008     port.obj (.data)
                  2000370c    00000008     heap_2.obj (.data)
                  20003714    00000008     rtsv7M3_T_le_eabi.lib : _lock.obj (.data)
                  2000371c    00000008                           : exit.obj (.data)
                  20003724    00000008                           : feraiseexcept.obj (.data)
                  2000372c    00000004                           : errno.obj (.data)
                  20003730    00000004                           : stkdepth_vars.obj (.data)

.TI.persistent 
*          0    200035a8    00000000     UNINITIALIZED


LINKER GENERATED COPY TABLES

__TI_cinit_table @ 00004fc8 records: 3, size/record: 8, table size: 24
	.data: load addr=00004f58, load size=00000051 bytes, run addr=200035a8, run size=0000018c bytes, compression=rle
	.bss: load addr=00004fb8, load size=00000008 bytes, run addr=20000270, run size=00002338 bytes, compression=zero_init
	.vtable: load addr=00004fc0, load size=00000008 bytes, run addr=20000000, run size=0000026c bytes, compression=zero_init


LINKER GENERATED HANDLER TABLE

__TI_handler_table @ 00004fac records: 3, size/record: 4, table size: 12
	index: 0, handler: __TI_zero_init
	index: 1, handler: __TI_decompress_rle24
	index: 2, handler: __TI_decompress_none


GLOBAL SYMBOLS: SORTED ALPHABETICALLY BY Name 

address   name                             
-------   ----                             
0000474d  C$$EXIT                          
00004929  GPIODirModeSet                   
00003e19  GPIOPadConfigSet                 
00004b4d  GPIOPinRead                      
00004ab9  GPIOPinTypeGPIOInput             
00004acb  GPIOPinTypeGPIOOutput            
00004add  GPIOPinTypeSSI                   
00004b53  GPIOPinWrite                     
00004891  IntRegister                      
000047d5  LEDTask                          
00001bfb  OLEDTask                         
20002584  PlayerX                          
20002588  PlayerY                          
000029cd  RIT128x96x4Clear                 
00002c4b  RIT128x96x4Disable               
00002d9d  RIT128x96x4DisplayOff            
00002d69  RIT128x96x4DisplayOn             
00002bf1  RIT128x96x4Enable                
00002b69  RIT128x96x4ImageDraw             
00002cc5  RIT128x96x4Init                  
00002a29  RIT128x96x4StringDraw            
00004b1b  ResetISR                         
200024e0  Row0                             
200024f4  Row1                             
20002508  Row2                             
2000251c  Row3                             
UNDEFED   SHT$$INIT_ARRAY$$Base            
UNDEFED   SHT$$INIT_ARRAY$$Limit           
00004b45  SSIBusy                          
00004707  SSIConfigSetExpClk               
00004aef  SSIDataGetNonBlocking            
00004b27  SSIDataPut                       
00004b31  SSIDisable                       
00004b3b  SSIEnable                        
000035e1  SysCtlClockGet                   
00003779  SysCtlClockSet                   
00004b59  SysCtlDelay                      
00004531  SysCtlPeripheralEnable           
00004105  SysCtlPeripheralReset            
00004a69  SysTickEnable                    
00004a7d  SysTickIntEnable                 
00004a01  SysTickIntRegister               
000049b3  _Dclass                          
20003658  _Denorm                          
00003fa9  _Dnorm                           
00003b1d  _Dscale                          
0000446b  _Dunscale                        
20003668  _Eps                             
2000372c  _Errno                           
20003724  _Fenv                            
000048f9  _Feraise                         
20003678  _Hugeval                         
20003688  _Inf                             
20003698  _Nan                             
200036b8  _Rteps                           
200036a8  _Snan                            
20003728  _Tls_setup__Fenv                 
200036c8  _Xbig                            
200036d0  _Zero                            
200035a8  __STACK_END                      
00001000  __STACK_SIZE                     
200027a8  __STACK_TOP                      
00004fc8  __TI_CINIT_Base                  
00004fe0  __TI_CINIT_Limit                 
00004fac  __TI_Handler_Table_Base          
00004fb8  __TI_Handler_Table_Limit         
00004395  __TI_auto_init                   
2000371c  __TI_cleanup_ptr                 
00004b01  __TI_decompress_none             
00004b5f  __TI_decompress_rle24            
20003720  __TI_dtors_ptr                   
00000e85  __TI_printfi                     
00000000  __TI_static_base__               
00004b0f  __TI_zero_init                   
0000418d  __aeabi_cdcmpeq                  
0000418d  __aeabi_cdcmple                  
00004213  __aeabi_cdrcmple                 
00004679  __aeabi_d2iz                     
0000327f  __aeabi_dadd                     
000038bd  __aeabi_ddiv                     
00003c2d  __aeabi_dmul                     
00003275  __aeabi_dsub                     
00004957  __aeabi_i2d                      
00004319  __aeabi_memclr                   
00004319  __aeabi_memclr4                  
00004319  __aeabi_memclr8                  
00004067  __aeabi_memcpy                   
00004067  __aeabi_memcpy4                  
00004067  __aeabi_memcpy8                  
0000431b  __aeabi_memset                   
0000431b  __aeabi_memset4                  
0000431b  __aeabi_memset8                  
00003081  __aeabi_uldivmod                 
ffffffff  __binit__                        
ffffffff  __c_args__                       
200025a8  __stack                          
00004a39  _args_main                       
00004855  _c_int00                         
00004d48  _ctypes_                         
20003714  _lock                            
00004a9f  _nop                             
00004a97  _register_lock                   
00004a91  _register_unlock                 
00004b65  _system_pre_init                 
20003718  _unlock                          
00004751  abort                            
000045e1  atoi                             
ffffffff  binit                            
20002450  buttonsLastTick                  
20002480  buttonsReleased                  
00002dd5  buttonsTask                      
200024b0  buttonsThisTick                  
0000462d  copy_in                          
00001c15  drawGrid                         
000020e5  drawMessage                      
00001d21  drawPieces                       
00004759  exit                             
000048c5  feraiseexcept                    
000049dd  frexp                            
20000000  g_pfnRAMVectors                  
00000000  g_pfnVectors                     
00002311  gameTask                         
000025e1  getPlayerCol                     
000025e7  getPlayerRow                     
00002879  isValid                          
000046c1  ldexp                            
00004589  ltoa                             
00003ee1  main                             
20003730  main_func_sp                     
00004a1d  memccpy                          
00004067  memcpy                           
00004321  memset                           
20002590  messageFlag                      
20002370  piecesArray                      
0000342d  pvPortMalloc                     
200036d8  pxCurrentTCB                     
20002594  pxDelayedTaskList                
20002598  pxOverflowDelayedTaskList        
00003d29  pxPortInitialiseStack            
20002400  pxReadyTasksLists                
00004985  raise                            
0000279d  removePlayer                     
0000263d  setPlayer                        
00004815  signal                           
000044d1  sprintf                          
00001a8d  startScreen                      
00004a51  strchr                           
00004aa5  strlen                           
00004791  systemInit                       
2000259c  totalWormsNeeded                 
000042d5  ulPortSetInterruptMask           
200036dc  uxCurrentNumberOfTasks           
00003ad5  uxListRemove                     
200036ec  uxPendedTicks                    
000014d5  uxTaskGetNumberOfTasks           
200036f8  uxTaskNumber                     
00001a47  uxTaskResetEventItemValue        
200036e4  uxTopReadyPriority               
000039f3  vListInitialise                  
00003a23  vListInitialiseItem              
00003a6f  vListInsert                      
00003a33  vListInsertEnd                   
000042e3  vPortClearInterruptMask          
00003d99  vPortEndScheduler                
00003da5  vPortEnterCritical               
00003db5  vPortExitCritical                
00003555  vPortFree                        
000035bd  vPortInitialiseBlocks            
000042e9  vPortSVCHandler                  
00003def  vPortSetupTimerInterrupt         
00004307  vPortStartFirstTask              
00003d9b  vPortYieldFromISR                
00001323  vTaskDelay                       
00001297  vTaskDelayUntil                  
000013a9  vTaskEndScheduler                
0000189f  vTaskMissedYield                 
00001685  vTaskPlaceOnEventList            
000016c5  vTaskPlaceOnUnorderedEventList   
0000180f  vTaskSetTimeOutState             
00001363  vTaskStartScheduler              
000013bb  vTaskSuspendAll                  
00001601  vTaskSwitchContext               
200025a0  wormsFed                         
200025a4  wormsFound                       
20002530  xDelayedTaskList1                
20002544  xDelayedTaskList2                
200036fc  xNextTaskUnblockTime             
200036f4  xNumOfOverflows                  
20002558  xPendingReadyList                
000035b7  xPortGetFreeHeapSize             
00004299  xPortPendSVHandler               
00003d71  xPortStartScheduler              
20003708  xPortSysTickCount                
00003dcd  xPortSysTickHandler              
200036e8  xSchedulerRunning                
00001835  xTaskCheckForTimeOut             
0000118d  xTaskGenericCreate               
000014a1  xTaskGetTickCount                
000014bd  xTaskGetTickCountFromISR         
000014e1  xTaskIncrementTick               
0000170b  xTaskRemoveFromEventList         
00001799  xTaskRemoveFromUnorderedEventList
000013c5  xTaskResumeAll                   
200036e0  xTickCount                       
200036f0  xYieldPending                    


GLOBAL SYMBOLS: SORTED BY Symbol Address 

address   name                             
-------   ----                             
00000000  __TI_static_base__               
00000000  g_pfnVectors                     
00000e85  __TI_printfi                     
00001000  __STACK_SIZE                     
0000118d  xTaskGenericCreate               
00001297  vTaskDelayUntil                  
00001323  vTaskDelay                       
00001363  vTaskStartScheduler              
000013a9  vTaskEndScheduler                
000013bb  vTaskSuspendAll                  
000013c5  xTaskResumeAll                   
000014a1  xTaskGetTickCount                
000014bd  xTaskGetTickCountFromISR         
000014d5  uxTaskGetNumberOfTasks           
000014e1  xTaskIncrementTick               
00001601  vTaskSwitchContext               
00001685  vTaskPlaceOnEventList            
000016c5  vTaskPlaceOnUnorderedEventList   
0000170b  xTaskRemoveFromEventList         
00001799  xTaskRemoveFromUnorderedEventList
0000180f  vTaskSetTimeOutState             
00001835  xTaskCheckForTimeOut             
0000189f  vTaskMissedYield                 
00001a47  uxTaskResetEventItemValue        
00001a8d  startScreen                      
00001bfb  OLEDTask                         
00001c15  drawGrid                         
00001d21  drawPieces                       
000020e5  drawMessage                      
00002311  gameTask                         
000025e1  getPlayerCol                     
000025e7  getPlayerRow                     
0000263d  setPlayer                        
0000279d  removePlayer                     
00002879  isValid                          
000029cd  RIT128x96x4Clear                 
00002a29  RIT128x96x4StringDraw            
00002b69  RIT128x96x4ImageDraw             
00002bf1  RIT128x96x4Enable                
00002c4b  RIT128x96x4Disable               
00002cc5  RIT128x96x4Init                  
00002d69  RIT128x96x4DisplayOn             
00002d9d  RIT128x96x4DisplayOff            
00002dd5  buttonsTask                      
00003081  __aeabi_uldivmod                 
00003275  __aeabi_dsub                     
0000327f  __aeabi_dadd                     
0000342d  pvPortMalloc                     
00003555  vPortFree                        
000035b7  xPortGetFreeHeapSize             
000035bd  vPortInitialiseBlocks            
000035e1  SysCtlClockGet                   
00003779  SysCtlClockSet                   
000038bd  __aeabi_ddiv                     
000039f3  vListInitialise                  
00003a23  vListInitialiseItem              
00003a33  vListInsertEnd                   
00003a6f  vListInsert                      
00003ad5  uxListRemove                     
00003b1d  _Dscale                          
00003c2d  __aeabi_dmul                     
00003d29  pxPortInitialiseStack            
00003d71  xPortStartScheduler              
00003d99  vPortEndScheduler                
00003d9b  vPortYieldFromISR                
00003da5  vPortEnterCritical               
00003db5  vPortExitCritical                
00003dcd  xPortSysTickHandler              
00003def  vPortSetupTimerInterrupt         
00003e19  GPIOPadConfigSet                 
00003ee1  main                             
00003fa9  _Dnorm                           
00004067  __aeabi_memcpy                   
00004067  __aeabi_memcpy4                  
00004067  __aeabi_memcpy8                  
00004067  memcpy                           
00004105  SysCtlPeripheralReset            
0000418d  __aeabi_cdcmpeq                  
0000418d  __aeabi_cdcmple                  
00004213  __aeabi_cdrcmple                 
00004299  xPortPendSVHandler               
000042d5  ulPortSetInterruptMask           
000042e3  vPortClearInterruptMask          
000042e9  vPortSVCHandler                  
00004307  vPortStartFirstTask              
00004319  __aeabi_memclr                   
00004319  __aeabi_memclr4                  
00004319  __aeabi_memclr8                  
0000431b  __aeabi_memset                   
0000431b  __aeabi_memset4                  
0000431b  __aeabi_memset8                  
00004321  memset                           
00004395  __TI_auto_init                   
0000446b  _Dunscale                        
000044d1  sprintf                          
00004531  SysCtlPeripheralEnable           
00004589  ltoa                             
000045e1  atoi                             
0000462d  copy_in                          
00004679  __aeabi_d2iz                     
000046c1  ldexp                            
00004707  SSIConfigSetExpClk               
0000474d  C$$EXIT                          
00004751  abort                            
00004759  exit                             
00004791  systemInit                       
000047d5  LEDTask                          
00004815  signal                           
00004855  _c_int00                         
00004891  IntRegister                      
000048c5  feraiseexcept                    
000048f9  _Feraise                         
00004929  GPIODirModeSet                   
00004957  __aeabi_i2d                      
00004985  raise                            
000049b3  _Dclass                          
000049dd  frexp                            
00004a01  SysTickIntRegister               
00004a1d  memccpy                          
00004a39  _args_main                       
00004a51  strchr                           
00004a69  SysTickEnable                    
00004a7d  SysTickIntEnable                 
00004a91  _register_unlock                 
00004a97  _register_lock                   
00004a9f  _nop                             
00004aa5  strlen                           
00004ab9  GPIOPinTypeGPIOInput             
00004acb  GPIOPinTypeGPIOOutput            
00004add  GPIOPinTypeSSI                   
00004aef  SSIDataGetNonBlocking            
00004b01  __TI_decompress_none             
00004b0f  __TI_zero_init                   
00004b1b  ResetISR                         
00004b27  SSIDataPut                       
00004b31  SSIDisable                       
00004b3b  SSIEnable                        
00004b45  SSIBusy                          
00004b4d  GPIOPinRead                      
00004b53  GPIOPinWrite                     
00004b59  SysCtlDelay                      
00004b5f  __TI_decompress_rle24            
00004b65  _system_pre_init                 
00004d48  _ctypes_                         
00004fac  __TI_Handler_Table_Base          
00004fb8  __TI_Handler_Table_Limit         
00004fc8  __TI_CINIT_Base                  
00004fe0  __TI_CINIT_Limit                 
20000000  g_pfnRAMVectors                  
20002370  piecesArray                      
20002400  pxReadyTasksLists                
20002450  buttonsLastTick                  
20002480  buttonsReleased                  
200024b0  buttonsThisTick                  
200024e0  Row0                             
200024f4  Row1                             
20002508  Row2                             
2000251c  Row3                             
20002530  xDelayedTaskList1                
20002544  xDelayedTaskList2                
20002558  xPendingReadyList                
20002584  PlayerX                          
20002588  PlayerY                          
20002590  messageFlag                      
20002594  pxDelayedTaskList                
20002598  pxOverflowDelayedTaskList        
2000259c  totalWormsNeeded                 
200025a0  wormsFed                         
200025a4  wormsFound                       
200025a8  __stack                          
200027a8  __STACK_TOP                      
200035a8  __STACK_END                      
20003658  _Denorm                          
20003668  _Eps                             
20003678  _Hugeval                         
20003688  _Inf                             
20003698  _Nan                             
200036a8  _Snan                            
200036b8  _Rteps                           
200036c8  _Xbig                            
200036d0  _Zero                            
200036d8  pxCurrentTCB                     
200036dc  uxCurrentNumberOfTasks           
200036e0  xTickCount                       
200036e4  uxTopReadyPriority               
200036e8  xSchedulerRunning                
200036ec  uxPendedTicks                    
200036f0  xYieldPending                    
200036f4  xNumOfOverflows                  
200036f8  uxTaskNumber                     
200036fc  xNextTaskUnblockTime             
20003708  xPortSysTickCount                
20003714  _lock                            
20003718  _unlock                          
2000371c  __TI_cleanup_ptr                 
20003720  __TI_dtors_ptr                   
20003724  _Fenv                            
20003728  _Tls_setup__Fenv                 
2000372c  _Errno                           
20003730  main_func_sp                     
ffffffff  __binit__                        
ffffffff  __c_args__                       
ffffffff  binit                            
UNDEFED   SHT$$INIT_ARRAY$$Base            
UNDEFED   SHT$$INIT_ARRAY$$Limit           

[205 symbols]
